Archive member included because of file (symbol)

C:\Users\Willyan\Documents\Atmel Studio\ArduinoCoreMega\libcore.a(malloc.c.o)
                              EDB/EDB.o (malloc)
C:\Users\Willyan\Documents\Atmel Studio\ArduinoCoreMega\libcore.a(wiring.c.o)
                              SD/Sd2Card.o (millis)
C:\Users\Willyan\Documents\Atmel Studio\ArduinoCoreMega\libcore.a(wiring_digital.c.o)
                              Main_.o (pinMode)
C:\Users\Willyan\Documents\Atmel Studio\ArduinoCoreMega\libcore.a(HardwareSerial.cpp.o)
                              IR/IR.o (Serial)
C:\Users\Willyan\Documents\Atmel Studio\ArduinoCoreMega\libcore.a(main.cpp.o)
                              c:/program files (x86)/atmel/atmel studio 6.0/extensions/atmel/avrgcc/3.4.1.95/avrtoolchain/bin/../lib/gcc/avr/4.6.2/../../../../avr/lib/avr6/crtm2560.o (main)
C:\Users\Willyan\Documents\Atmel Studio\ArduinoCoreMega\libcore.a(new.cpp.o)
                              SD/File.o (__cxa_pure_virtual)
C:\Users\Willyan\Documents\Atmel Studio\ArduinoCoreMega\libcore.a(Print.cpp.o)
                              SD/File.o (Print::write(unsigned char const*, unsigned int))
c:/program files (x86)/atmel/atmel studio 6.0/extensions/atmel/avrgcc/3.4.1.95/avrtoolchain/bin/../lib/gcc/avr/4.6.2/../../../../avr/lib/avr6\libm.a(addsf3.o)
                              C:\Users\Willyan\Documents\Atmel Studio\ArduinoCoreMega\libcore.a(Print.cpp.o) (__subsf3)
c:/program files (x86)/atmel/atmel studio 6.0/extensions/atmel/avrgcc/3.4.1.95/avrtoolchain/bin/../lib/gcc/avr/4.6.2/../../../../avr/lib/avr6\libm.a(addsf3x.o)
                              c:/program files (x86)/atmel/atmel studio 6.0/extensions/atmel/avrgcc/3.4.1.95/avrtoolchain/bin/../lib/gcc/avr/4.6.2/../../../../avr/lib/avr6\libm.a(addsf3.o) (__addsf3x)
c:/program files (x86)/atmel/atmel studio 6.0/extensions/atmel/avrgcc/3.4.1.95/avrtoolchain/bin/../lib/gcc/avr/4.6.2/../../../../avr/lib/avr6\libm.a(cmpsf2.o)
                              C:\Users\Willyan\Documents\Atmel Studio\ArduinoCoreMega\libcore.a(Print.cpp.o) (__ltsf2)
c:/program files (x86)/atmel/atmel studio 6.0/extensions/atmel/avrgcc/3.4.1.95/avrtoolchain/bin/../lib/gcc/avr/4.6.2/../../../../avr/lib/avr6\libm.a(divsf3.o)
                              C:\Users\Willyan\Documents\Atmel Studio\ArduinoCoreMega\libcore.a(Print.cpp.o) (__divsf3)
c:/program files (x86)/atmel/atmel studio 6.0/extensions/atmel/avrgcc/3.4.1.95/avrtoolchain/bin/../lib/gcc/avr/4.6.2/../../../../avr/lib/avr6\libm.a(divsf3x.o)
                              c:/program files (x86)/atmel/atmel studio 6.0/extensions/atmel/avrgcc/3.4.1.95/avrtoolchain/bin/../lib/gcc/avr/4.6.2/../../../../avr/lib/avr6\libm.a(divsf3.o) (__divsf3x)
c:/program files (x86)/atmel/atmel studio 6.0/extensions/atmel/avrgcc/3.4.1.95/avrtoolchain/bin/../lib/gcc/avr/4.6.2/../../../../avr/lib/avr6\libm.a(fixsfsi.o)
                              C:\Users\Willyan\Documents\Atmel Studio\ArduinoCoreMega\libcore.a(Print.cpp.o) (__fixsfsi)
c:/program files (x86)/atmel/atmel studio 6.0/extensions/atmel/avrgcc/3.4.1.95/avrtoolchain/bin/../lib/gcc/avr/4.6.2/../../../../avr/lib/avr6\libm.a(fixunssfsi.o)
                              C:\Users\Willyan\Documents\Atmel Studio\ArduinoCoreMega\libcore.a(Print.cpp.o) (__fixunssfsi)
c:/program files (x86)/atmel/atmel studio 6.0/extensions/atmel/avrgcc/3.4.1.95/avrtoolchain/bin/../lib/gcc/avr/4.6.2/../../../../avr/lib/avr6\libm.a(floatsisf.o)
                              C:\Users\Willyan\Documents\Atmel Studio\ArduinoCoreMega\libcore.a(Print.cpp.o) (__floatunsisf)
c:/program files (x86)/atmel/atmel studio 6.0/extensions/atmel/avrgcc/3.4.1.95/avrtoolchain/bin/../lib/gcc/avr/4.6.2/../../../../avr/lib/avr6\libm.a(fp_cmp.o)
                              c:/program files (x86)/atmel/atmel studio 6.0/extensions/atmel/avrgcc/3.4.1.95/avrtoolchain/bin/../lib/gcc/avr/4.6.2/../../../../avr/lib/avr6\libm.a(cmpsf2.o) (__fp_cmp)
c:/program files (x86)/atmel/atmel studio 6.0/extensions/atmel/avrgcc/3.4.1.95/avrtoolchain/bin/../lib/gcc/avr/4.6.2/../../../../avr/lib/avr6\libm.a(fp_inf.o)
                              c:/program files (x86)/atmel/atmel studio 6.0/extensions/atmel/avrgcc/3.4.1.95/avrtoolchain/bin/../lib/gcc/avr/4.6.2/../../../../avr/lib/avr6\libm.a(addsf3x.o) (__fp_inf)
c:/program files (x86)/atmel/atmel studio 6.0/extensions/atmel/avrgcc/3.4.1.95/avrtoolchain/bin/../lib/gcc/avr/4.6.2/../../../../avr/lib/avr6\libm.a(fp_nan.o)
                              c:/program files (x86)/atmel/atmel studio 6.0/extensions/atmel/avrgcc/3.4.1.95/avrtoolchain/bin/../lib/gcc/avr/4.6.2/../../../../avr/lib/avr6\libm.a(addsf3x.o) (__fp_nan)
c:/program files (x86)/atmel/atmel studio 6.0/extensions/atmel/avrgcc/3.4.1.95/avrtoolchain/bin/../lib/gcc/avr/4.6.2/../../../../avr/lib/avr6\libm.a(fp_pscA.o)
[...]
Memory Configuration

Name             Origin             Length             Attributes
text             0x00000000         0x00100000         xr
data             0x00800200         0x0000fe00         rw !x
eeprom           0x00810000         0x00010000         rw !x
fuse             0x00820000         0x00000400         rw !x
lock             0x00830000         0x00000400         rw !x
signature        0x00840000         0x00000400         rw !x
*default*        0x00000000         0xffffffff

Linker script and memory map

Address of section .data set to 0x800200
LOAD c:/program files (x86)/atmel/atmel studio 6.0/extensions/atmel/avrgcc/3.4.1.95/avrtoolchain/bin/../lib/gcc/avr/4.6.2/../../../../avr/lib/avr6/crtm2560.o
LOAD CFile1.o
LOAD EDB/EDB.o
LOAD EDB/SqlDB/SqlDB.o
LOAD IOUtilities/IOUtilities.o
LOAD IR/IR.o
LOAD Main_.o
LOAD MathUtilities/MathUtilities.o
LOAD SD/File.o
LOAD SD/SD.o
LOAD SD/Sd2Card.o
LOAD SD/SdFile.o
LOAD SD/SdVolume.o
LOAD Timer/Timer.o
LOAD Timer/TimerExtended.o
START GROUP
LOAD c:/program files (x86)/atmel/atmel studio 6.0/extensions/atmel/avrgcc/3.4.1.95/avrtoolchain/bin/../lib/gcc/avr/4.6.2/../../../../avr/lib/avr6\libm.a
LOAD C:\Users\Willyan\Documents\Atmel Studio\ArduinoCoreMega\libcore.a
END GROUP
LOAD c:/program files (x86)/atmel/atmel studio 6.0/extensions/atmel/avrgcc/3.4.1.95/avrtoolchain/bin/../lib/gcc/avr/4.6.2/avr6\libgcc.a
LOAD c:/program files (x86)/atmel/atmel studio 6.0/extensions/atmel/avrgcc/3.4.1.95/avrtoolchain/bin/../lib/gcc/avr/4.6.2/../../../../avr/lib/avr6\libm.a
LOAD c:/program files (x86)/atmel/atmel studio 6.0/extensions/atmel/avrgcc/3.4.1.95/avrtoolchain/bin/../lib/gcc/avr/4.6.2/avr6\libgcc.a
LOAD c:/program files (x86)/atmel/atmel studio 6.0/extensions/atmel/avrgcc/3.4.1.95/avrtoolchain/bin/../lib/gcc/avr/4.6.2/../../../../avr/lib/avr6\libc.a
LOAD c:/program files (x86)/atmel/atmel studio 6.0/extensions/atmel/avrgcc/3.4.1.95/avrtoolchain/bin/../lib/gcc/avr/4.6.2/avr6\libgcc.a

.hash
 *(.hash)

.dynsym
 *(.dynsym)

.dynstr
 *(.dynstr)

.gnu.version
 *(.gnu.version)

.gnu.version_d
 *(.gnu.version_d)

.gnu.version_r
 *(.gnu.version_r)

.rel.init
 *(.rel.init)

.rela.init
 *(.rela.init)

.rel.text
 *(.rel.text)
 *(.rel.text.*)
 *(.rel.gnu.linkonce.t*)

.rela.text
 *(.rela.text)
 *(.rela.text.*)
 *(.rela.gnu.linkonce.t*)

.rel.fini
 *(.rel.fini)

.rela.fini
 *(.rela.fini)

.rel.rodata
 *(.rel.rodata)
 *(.rel.rodata.*)
 *(.rel.gnu.linkonce.r*)

.rela.rodata
 *(.rela.rodata)
 *(.rela.rodata.*)
 *(.rela.gnu.linkonce.r*)

.rel.data
 *(.rel.data)
 *(.rel.data.*)
 *(.rel.gnu.linkonce.d*)

.rela.data
 *(.rela.data)
 *(.rela.data.*)
 *(.rela.gnu.linkonce.d*)

.rel.ctors
 *(.rel.ctors)

.rela.ctors
 *(.rela.ctors)

.rel.dtors
 *(.rel.dtors)

.rela.dtors
 *(.rela.dtors)

.rel.got
 *(.rel.got)

.rela.got
 *(.rela.got)

.rel.bss
 *(.rel.bss)

.rela.bss
 *(.rela.bss)

.rel.plt
 *(.rel.plt)

.rela.plt
 *(.rela.plt)

.text           0x00000000     0x44f6
 *(.vectors)
 .vectors       0x00000000       0xe4 c:/program files (x86)/atmel/atmel studio 6.0/extensions/atmel/avrgcc/3.4.1.95/avrtoolchain/bin/../lib/gcc/avr/4.6.2/../../../../avr/lib/avr6/crtm2560.o
                0x00000000                __vector_default
                0x00000000                __vectors
 *(.vectors)
 *(.progmem.gcc*)
 *(.progmem*)
 .progmem.data  0x000000e4       0x10 SD/SdFile.o
 .progmem.data  0x000000f4      0x120 C:\Users\Willyan\Documents\Atmel Studio\ArduinoCoreMega\libcore.a(wiring_digital.c.o)
                0x000000f4                port_to_mode_PGM
                0x0000010e                port_to_output_PGM
                0x00000128                port_to_input_PGM
                0x00000142                digital_pin_to_port_PGM
                0x00000188                digital_pin_to_bit_mask_PGM
                0x000001ce                digital_pin_to_timer_PGM
                0x00000214                . = ALIGN (0x2)
                0x00000214                __trampolines_start = .
 *(.trampolines)
 .trampolines   0x00000214        0x0 linker stubs
 *(.trampolines*)
                0x00000214                __trampolines_end = .
 *(.jumptables)
 *(.jumptables*)
 *(.lowtext)
 *(.lowtext*)
                0x00000214                __ctors_start = .
 *(.ctors)
 .ctors         0x00000214        0x2 Main_.o
 .ctors         0x00000216        0x2 SD/SD.o
 .ctors         0x00000218        0x2 C:\Users\Willyan\Documents\Atmel Studio\ArduinoCoreMega\libcore.a(HardwareSerial.cpp.o)
                0x0000021a                __ctors_end = .
                0x0000021a                __dtors_start = .
 *(.dtors)
 .dtors         0x0000021a        0x2 Main_.o
                0x0000021c                __dtors_end = .
 SORT(*)(.ctors)
 SORT(*)(.dtors)
 *(.init0)
 .init0         0x0000021c        0x0 c:/program files (x86)/atmel/atmel studio 6.0/extensions/atmel/avrgcc/3.4.1.95/avrtoolchain/bin/../lib/gcc/avr/4.6.2/../../../../avr/lib/avr6/crtm2560.o
                0x0000021c                __init
 *(.init0)
 *(.init1)
 *(.init1)
 *(.init2)
 .init2         0x0000021c       0x10 c:/program files (x86)/atmel/atmel studio 6.0/extensions/atmel/avrgcc/3.4.1.95/avrtoolchain/bin/../lib/gcc/avr/4.6.2/../../../../avr/lib/avr6/crtm2560.o
 *(.init2)
 *(.init3)
 *(.init3)
 *(.init4)
 .init4         0x0000022c       0x1c c:/program files (x86)/atmel/atmel studio 6.0/extensions/atmel/avrgcc/3.4.1.95/avrtoolchain/bin/../lib/gcc/avr/4.6.2/avr6\libgcc.a(_copy_data.o)
                0x0000022c                __do_copy_data
 .init4         0x00000248       0x10 c:/program files (x86)/atmel/atmel studio 6.0/extensions/atmel/avrgcc/3.4.1.95/avrtoolchain/bin/../lib/gcc/avr/4.6.2/avr6\libgcc.a(_clear_bss.o)
                0x00000248                __do_clear_bss
 *(.init4)
 *(.init5)
 *(.init5)
 *(.init6)
 .init6         0x00000258       0x22 c:/program files (x86)/atmel/atmel studio 6.0/extensions/atmel/avrgcc/3.4.1.95/avrtoolchain/bin/../lib/gcc/avr/4.6.2/avr6\libgcc.a(_ctors.o)
                0x00000258                __do_global_ctors
 *(.init6)
 *(.init7)
 *(.init7)
 *(.init8)
 *(.init8)
 *(.init9)
 .init9         0x0000027a        0x8 c:/program files (x86)/atmel/atmel studio 6.0/extensions/atmel/avrgcc/3.4.1.95/avrtoolchain/bin/../lib/gcc/avr/4.6.2/../../../../avr/lib/avr6/crtm2560.o
 *(.init9)
 *(.text)
 .text          0x00000282        0x4 c:/program files (x86)/atmel/atmel studio 6.0/extensions/atmel/avrgcc/3.4.1.95/avrtoolchain/bin/../lib/gcc/avr/4.6.2/../../../../avr/lib/avr6/crtm2560.o
                0x00000282                __vector_38
                0x00000282                __vector_22
                0x00000282                __vector_28
                0x00000282                __vector_1
                0x00000282                __vector_32
                0x00000282                __vector_34
                0x00000282                __vector_24
                0x00000282                __vector_12
                0x00000282                __vector_46
                0x00000282                __bad_interrupt
                0x00000282                __vector_6
                0x00000282                __vector_31
                0x00000282                __vector_35
                0x00000282                __vector_39
                0x00000282                __vector_3
                0x00000282                __vector_30
                0x00000282                __vector_45
                0x00000282                __vector_11
                0x00000282                __vector_13
                0x00000282                __vector_17
                0x00000282                __vector_19
                0x00000282                __vector_56
                0x00000282                __vector_7
                0x00000282                __vector_49
                0x00000282                __vector_41
                0x00000282                __vector_43
                0x00000282                __vector_27
                0x00000282                __vector_5
                0x00000282                __vector_33
                0x00000282                __vector_47
                0x00000282                __vector_4
                0x00000282                __vector_44
                0x00000282                __vector_9
                0x00000282                __vector_2
                0x00000282                __vector_21
                0x00000282                __vector_15
                0x00000282                __vector_29
                0x00000282                __vector_40
                0x00000282                __vector_8
                0x00000282                __vector_48
                0x00000282                __vector_14
                0x00000282                __vector_53
                0x00000282                __vector_10
                0x00000282                __vector_50
                0x00000282                __vector_16
                0x00000282                __vector_18
                0x00000282                __vector_20
                0x00000282                __vector_42
                0x00000286                . = ALIGN (0x2)
 *(.text.*)
 .text._ZN3EDB8edbWriteEmPKhj
                0x00000286       0x82 EDB/EDB.o
                0x00000286                EDB::edbWrite(unsigned long, unsigned char const*, unsigned int)
 .text._ZN3EDB7edbReadEmPhj
                0x00000308       0x74 EDB/EDB.o
                0x00000308                EDB::edbRead(unsigned long, unsigned char*, unsigned int)
 .text._ZN3EDB9writeHeadEv
                0x0000037c       0x22 EDB/EDB.o
                0x0000037c                EDB::writeHead()
 .text._ZN3EDB8readHeadEv
                0x0000039e       0x22 EDB/EDB.o
                0x0000039e                EDB::readHead()
 .text._ZN3EDBC2EPFvmhEPFhmE
                0x000003c0        0xc EDB/EDB.o
                0x000003c0                EDB::EDB(void (*)(unsigned long, unsigned char), unsigned char (*)(unsigned long))
                0x000003c0                EDB::EDB(void (*)(unsigned long, unsigned char), unsigned char (*)(unsigned long))
 .text._ZN3EDB6createEmmj
                0x000003cc       0x46 EDB/EDB.o
                0x000003cc                EDB::create(unsigned long, unsigned long, unsigned int)
 .text._ZN3EDB4openEm
                0x00000412       0x12 EDB/EDB.o
                0x00000412                EDB::open(unsigned long)
 .text._ZN3EDB8writeRecEmPh
                0x00000424       0x64 EDB/EDB.o
                0x00000424                EDB::writeRec(unsigned long, unsigned char*)
 .text._ZN3EDB7readRecEmPh
                0x00000488       0x76 EDB/EDB.o
                0x00000488                EDB::readRec(unsigned long, unsigned char*)
 .text._ZN3EDB9deleteRecEm
                0x000004fe       0xc2 EDB/EDB.o
                0x000004fe                EDB::deleteRec(unsigned long)
 .text._ZN3EDB9appendRecEPh
                0x000005c0       0x8a EDB/EDB.o
                0x000005c0                EDB::appendRec(unsigned char*)
 .text._ZN3EDB5countEv
                0x0000064a        0xc EDB/EDB.o
                0x0000064a                EDB::count()
 .text._Z10whileInputbiiRjib
                0x00000656       0xb8 IOUtilities/IOUtilities.o
                0x00000656                whileInput(bool, int, int, unsigned int&, int, bool)
 .text._Z10whileInputbimRmib
                0x0000070e       0xea IOUtilities/IOUtilities.o
                0x0000070e                whileInput(bool, int, unsigned long, unsigned long&, int, bool)
 .text._ZN2IR7captureEibi
                0x000007f8      0x152 IR/IR.o
                0x000007f8                IR::capture(int, bool, int)
 .text._ZN2IR5teachEi
                0x0000094a       0x4a IR/IR.o
                0x0000094a                IR::teach(int)
 .text._Z6readerm
                0x00000994       0x1e Main_.o
                0x00000994                reader(unsigned long)
 .text._Z6writermh
                0x000009b2       0x38 Main_.o
                0x000009b2                writer(unsigned long, unsigned char)
 .text._Z41__static_initialization_and_destruction_0ii.constprop.3
                0x000009ea       0x2e Main_.o
 .text.setup    0x00000a18      0x27a Main_.o
                0x00000a18                setup
 .text.loop     0x00000c92        0x2 Main_.o
                0x00000c92                loop
 .text.startup._GLOBAL__sub_I_dbFile
                0x00000c94        0xa Main_.o
 .text.exit._GLOBAL__sub_D_dbFile
                0x00000c9e        0xa Main_.o
 .text._ZN4File5writeEh
                0x00000ca8       0x2c SD/File.o
                0x00000ca8                File::write(unsigned char)
 .text._ZN4File5flushEv
                0x00000cd4       0x10 SD/File.o
                0x00000cd4                File::flush()
 .text._ZN4File5writeEPKhj
                0x00000ce4       0x38 SD/File.o
                0x00000ce4                File::write(unsigned char const*, unsigned int)
 .text._ZN6SdFile4readEv
                0x00000d1c       0x30 SD/File.o
                0x00000d1c                SdFile::read()
 .text._ZN4File4readEv
                0x00000d4c       0x16 SD/File.o
                0x00000d4c                File::read()
 .text._ZN4File4peekEv
                0x00000d62       0x4c SD/File.o
                0x00000d62                File::peek()
 .text._ZN4FileC2E6SdFilePKc
                0x00000dae       0x8c SD/File.o
                0x00000dae                File::File(SdFile, char const*)
                0x00000dae                File::File(SdFile, char const*)
 .text._ZN4FileC2Ev
                0x00000e3a       0x26 SD/File.o
                0x00000e3a                File::File()
                0x00000e3a                File::File()
 .text._ZN4FileD2Ev
                0x00000e60        0xc SD/File.o
                0x00000e60                File::~File()
                0x00000e60                File::~File()
 .text._ZN4File4seekEm
                0x00000e6c       0x14 SD/File.o
                0x00000e6c                File::seek(unsigned long)
 .text._ZN4File8positionEv
                0x00000e80       0x2c SD/File.o
                0x00000e80                File::position()
 .text._ZN4File4sizeEv
                0x00000eac       0x2c SD/File.o
                0x00000eac                File::size()
 .text._ZN4File9availableEv
                0x00000ed8       0x66 SD/File.o
                0x00000ed8                File::available()
 .text._ZN7SDClass5beginEh
                0x00000f3e       0x54 SD/SD.o
                0x00000f3e                SDClass::begin(unsigned char)
 .text._ZN6SdFileC1ERKS_
                0x00000f92       0xa2 SD/SD.o
                0x00000f92                SdFile::SdFile(SdFile const&)
 .text._ZN7SDClass12getParentDirEPKcPi
                0x00001034      0x130 SD/SD.o
                0x00001034                SDClass::getParentDir(char const*, int*)
 .text._ZN7SDClass4openEPKch
                0x00001164      0x118 SD/SD.o
                0x00001164                SDClass::open(char const*, unsigned char)
 .text.startup._GLOBAL__sub_I__Z20getNextPathComponentPcPjS_
                0x0000127c       0x46 SD/SD.o
 .text._ZL7spiSendh
                0x000012c2        0xa SD/Sd2Card.o
 .text._ZL6spiRecv
                0x000012cc        0xa SD/Sd2Card.o
 .text._ZN7Sd2Card14chipSelectHighEv
                0x000012d6        0xc SD/Sd2Card.o
                0x000012d6                Sd2Card::chipSelectHigh()
 .text._ZN7Sd2Card13chipSelectLowEv
                0x000012e2        0xc SD/Sd2Card.o
                0x000012e2                Sd2Card::chipSelectLow()
 .text._ZN7Sd2Card7readEndEv
                0x000012ee       0x46 SD/Sd2Card.o
                0x000012ee                Sd2Card::readEnd()
 .text._ZN7Sd2Card10setSckRateEh
                0x00001334       0x44 SD/Sd2Card.o
                0x00001334                Sd2Card::setSckRate(unsigned char)
 .text._ZN7Sd2Card11waitNotBusyEj
                0x00001378       0x38 SD/Sd2Card.o
                0x00001378                Sd2Card::waitNotBusy(unsigned int)
 .text._ZN7Sd2Card11cardCommandEhm
                0x000013b0       0x9e SD/Sd2Card.o
                0x000013b0                Sd2Card::cardCommand(unsigned char, unsigned long)
 .text._ZN7Sd2Card4initEhh
                0x0000144e      0x18c SD/Sd2Card.o
                0x0000144e                Sd2Card::init(unsigned char, unsigned char)
 .text._ZN7Sd2Card14waitStartBlockEv
                0x000015da       0x50 SD/Sd2Card.o
                0x000015da                Sd2Card::waitStartBlock()
 .text._ZN7Sd2Card8readDataEmjjPh
                0x0000162a      0x140 SD/Sd2Card.o
                0x0000162a                Sd2Card::readData(unsigned long, unsigned int, unsigned int, unsigned char*)
 .text._ZN7Sd2Card9readBlockEmPh
                0x0000176a       0x20 SD/Sd2Card.o
                0x0000176a                Sd2Card::readBlock(unsigned long, unsigned char*)
 .text._ZN7Sd2Card9writeDataEhPKh
                0x0000178a       0x62 SD/Sd2Card.o
                0x0000178a                Sd2Card::writeData(unsigned char, unsigned char const*)
 .text._ZN7Sd2Card10writeBlockEmPKh
                0x000017ec       0xb0 SD/Sd2Card.o
                0x000017ec                Sd2Card::writeBlock(unsigned long, unsigned char const*)
 .text._ZN6SdFile10addClusterEv
                0x0000189c       0x54 SD/SdFile.o
                0x0000189c                SdFile::addCluster()
 .text._ZN6SdFile13addDirClusterEv
                0x000018f0       0xc8 SD/SdFile.o
                0x000018f0                SdFile::addDirCluster()
 .text._ZN6SdFile13cacheDirEntryEh
                0x000019b8       0x3a SD/SdFile.o
                0x000019b8                SdFile::cacheDirEntry(unsigned char)
 .text._ZN6SdFile10make83NameEPKcPh
                0x000019f2       0x6e SD/SdFile.o
                0x000019f2                SdFile::make83Name(char const*, unsigned char*)
 .text._ZN6SdFile8openRootEP8SdVolume
                0x00001a60       0xa2 SD/SdFile.o
                0x00001a60                SdFile::openRoot(SdVolume*)
 .text._ZN6SdFile4readEPvj
                0x00001b02      0x292 SD/SdFile.o
                0x00001b02                SdFile::read(void*, unsigned int)
 .text._ZN6SdFile12readDirCacheEv
                0x00001d94       0x94 SD/SdFile.o
                0x00001d94                SdFile::readDirCache()
 .text._ZN6SdFile7seekSetEm
                0x00001e28      0x134 SD/SdFile.o
                0x00001e28                SdFile::seekSet(unsigned long)
 .text._ZN6SdFile4syncEv
                0x00001f5c       0x8a SD/SdFile.o
                0x00001f5c                SdFile::sync()
 .text._ZN6SdFile5closeEv
                0x00001fe6       0x1c SD/SdFile.o
                0x00001fe6                SdFile::close()
 .text._ZN6SdFile8truncateEm
                0x00002002      0x19a SD/SdFile.o
                0x00002002                SdFile::truncate(unsigned long)
 .text._ZN6SdFile15openCachedEntryEhh
                0x0000219c       0xdc SD/SdFile.o
                0x0000219c                SdFile::openCachedEntry(unsigned char, unsigned char)
 .text._ZN6SdFile4openEPS_PKch
                0x00002278      0x1ec SD/SdFile.o
                0x00002278                SdFile::open(SdFile*, char const*, unsigned char)
 .text._ZN6SdFile5writeEPKvj
                0x00002464      0x35a SD/SdFile.o
                0x00002464                SdFile::write(void const*, unsigned int)
 .text._ZN6SdFile5writeEh
                0x000027be       0x22 SD/SdFile.o
                0x000027be                SdFile::write(unsigned char)
 .text._ZN8SdVolume10cacheFlushEv
                0x000027e0       0x7c SD/SdVolume.o
                0x000027e0                SdVolume::cacheFlush()
 .text._ZN8SdVolume13cacheRawBlockEmh
                0x0000285c       0x76 SD/SdVolume.o
                0x0000285c                SdVolume::cacheRawBlock(unsigned long, unsigned char)
 .text._ZN8SdVolume14cacheZeroBlockEm
                0x000028d2       0x52 SD/SdVolume.o
                0x000028d2                SdVolume::cacheZeroBlock(unsigned long)
 .text._ZNK8SdVolume6fatGetEmPm
                0x00002924      0x10c SD/SdVolume.o
                0x00002924                SdVolume::fatGet(unsigned long, unsigned long*) const
 .text._ZNK8SdVolume9chainSizeEmPm
                0x00002a30       0xd6 SD/SdVolume.o
                0x00002a30                SdVolume::chainSize(unsigned long, unsigned long*) const
 .text._ZN8SdVolume6fatPutEmm
                0x00002b06      0x154 SD/SdVolume.o
                0x00002b06                SdVolume::fatPut(unsigned long, unsigned long)
 .text._ZN8SdVolume15allocContiguousEmPm
                0x00002c5a      0x22a SD/SdVolume.o
                0x00002c5a                SdVolume::allocContiguous(unsigned long, unsigned long*)
 .text._ZN8SdVolume9freeChainEm
                0x00002e84       0xac SD/SdVolume.o
                0x00002e84                SdVolume::freeChain(unsigned long)
 .text._ZN8SdVolume4initEP7Sd2Cardh
                0x00002f30      0x258 SD/SdVolume.o
                0x00002f30                SdVolume::init(Sd2Card*, unsigned char)
 .text.avr-libc
                0x00003188      0x26a C:\Users\Willyan\Documents\Atmel Studio\ArduinoCoreMega\libcore.a(malloc.c.o)
                0x00003188                malloc
                0x000032c2                free
 .text.__vector_23
                0x000033f2       0x90 C:\Users\Willyan\Documents\Atmel Studio\ArduinoCoreMega\libcore.a(wiring.c.o)
                0x000033f2                __vector_23
 .text.millis   0x00003482       0x1c C:\Users\Willyan\Documents\Atmel Studio\ArduinoCoreMega\libcore.a(wiring.c.o)
                0x00003482                millis
 .text.delayMicroseconds
                0x0000349e       0x14 C:\Users\Willyan\Documents\Atmel Studio\ArduinoCoreMega\libcore.a(wiring.c.o)
                0x0000349e                delayMicroseconds
 .text.init     0x000034b2       0xc4 C:\Users\Willyan\Documents\Atmel Studio\ArduinoCoreMega\libcore.a(wiring.c.o)
                0x000034b2                init
 .text.pinMode  0x00003576       0x7e C:\Users\Willyan\Documents\Atmel Studio\ArduinoCoreMega\libcore.a(wiring_digital.c.o)
                0x00003576                pinMode
 .text.turnOffPWM
                0x000035f4       0xe8 C:\Users\Willyan\Documents\Atmel Studio\ArduinoCoreMega\libcore.a(wiring_digital.c.o)
 .text.digitalWrite
                0x000036dc       0x66 C:\Users\Willyan\Documents\Atmel Studio\ArduinoCoreMega\libcore.a(wiring_digital.c.o)
                0x000036dc                digitalWrite
 .text._Z11serialEventv
                0x00003742        0x2 C:\Users\Willyan\Documents\Atmel Studio\ArduinoCoreMega\libcore.a(HardwareSerial.cpp.o)
                0x00003742                serialEvent()
 .text.__vector_25
                0x00003744       0x7e C:\Users\Willyan\Documents\Atmel Studio\ArduinoCoreMega\libcore.a(HardwareSerial.cpp.o)
                0x00003744                __vector_25
 .text._Z12serialEvent1v
                0x000037c2        0x2 C:\Users\Willyan\Documents\Atmel Studio\ArduinoCoreMega\libcore.a(HardwareSerial.cpp.o)
                0x000037c2                serialEvent1()
 .text.__vector_36
                0x000037c4       0x7e C:\Users\Willyan\Documents\Atmel Studio\ArduinoCoreMega\libcore.a(HardwareSerial.cpp.o)
                0x000037c4                __vector_36
 .text._Z12serialEvent2v
                0x00003842        0x2 C:\Users\Willyan\Documents\Atmel Studio\ArduinoCoreMega\libcore.a(HardwareSerial.cpp.o)
                0x00003842                serialEvent2()
 .text.__vector_51
                0x00003844       0x7e C:\Users\Willyan\Documents\Atmel Studio\ArduinoCoreMega\libcore.a(HardwareSerial.cpp.o)
                0x00003844                __vector_51
 .text._Z12serialEvent3v
                0x000038c2        0x2 C:\Users\Willyan\Documents\Atmel Studio\ArduinoCoreMega\libcore.a(HardwareSerial.cpp.o)
                0x000038c2                serialEvent3()
 .text.__vector_54
                0x000038c4       0x7e C:\Users\Willyan\Documents\Atmel Studio\ArduinoCoreMega\libcore.a(HardwareSerial.cpp.o)
                0x000038c4                __vector_54
 .text._Z14serialEventRunv
                0x00003942       0xb2 C:\Users\Willyan\Documents\Atmel Studio\ArduinoCoreMega\libcore.a(HardwareSerial.cpp.o)
                0x00003942                serialEventRun()
 .text.__vector_26
                0x000039f4       0x7e C:\Users\Willyan\Documents\Atmel Studio\ArduinoCoreMega\libcore.a(HardwareSerial.cpp.o)
                0x000039f4                __vector_26
 .text.__vector_37
                0x00003a72       0x7e C:\Users\Willyan\Documents\Atmel Studio\ArduinoCoreMega\libcore.a(HardwareSerial.cpp.o)
                0x00003a72                __vector_37
 .text.__vector_52
                0x00003af0       0x7e C:\Users\Willyan\Documents\Atmel Studio\ArduinoCoreMega\libcore.a(HardwareSerial.cpp.o)
                0x00003af0                __vector_52
 .text.__vector_55
                0x00003b6e       0x7e C:\Users\Willyan\Documents\Atmel Studio\ArduinoCoreMega\libcore.a(HardwareSerial.cpp.o)
                0x00003b6e                __vector_55
 .text._ZN14HardwareSerial5beginEm
                0x00003bec      0x10e C:\Users\Willyan\Documents\Atmel Studio\ArduinoCoreMega\libcore.a(HardwareSerial.cpp.o)
                0x00003bec                HardwareSerial::begin(unsigned long)
 .text._ZN14HardwareSerial9availableEv
                0x00003cfa       0x28 C:\Users\Willyan\Documents\Atmel Studio\ArduinoCoreMega\libcore.a(HardwareSerial.cpp.o)
                0x00003cfa                HardwareSerial::available()
 .text._ZN14HardwareSerial4peekEv
                0x00003d22       0x40 C:\Users\Willyan\Documents\Atmel Studio\ArduinoCoreMega\libcore.a(HardwareSerial.cpp.o)
                0x00003d22                HardwareSerial::peek()
 .text._ZN14HardwareSerial4readEv
                0x00003d62       0x52 C:\Users\Willyan\Documents\Atmel Studio\ArduinoCoreMega\libcore.a(HardwareSerial.cpp.o)
                0x00003d62                HardwareSerial::read()
 .text._ZN14HardwareSerial5flushEv
                0x00003db4       0x20 C:\Users\Willyan\Documents\Atmel Studio\ArduinoCoreMega\libcore.a(HardwareSerial.cpp.o)
                0x00003db4                HardwareSerial::flush()
 .text._ZN14HardwareSerial5writeEh
                0x00003dd4       0x80 C:\Users\Willyan\Documents\Atmel Studio\ArduinoCoreMega\libcore.a(HardwareSerial.cpp.o)
                0x00003dd4                HardwareSerial::write(unsigned char)
 .text._GLOBAL__I_rx_buffer
                0x00003e54      0x26c C:\Users\Willyan\Documents\Atmel Studio\ArduinoCoreMega\libcore.a(HardwareSerial.cpp.o)
 .text.initVariant
                0x000040c0        0x2 C:\Users\Willyan\Documents\Atmel Studio\ArduinoCoreMega\libcore.a(main.cpp.o)
                0x000040c0                initVariant
 .text.main     0x000040c2       0x22 C:\Users\Willyan\Documents\Atmel Studio\ArduinoCoreMega\libcore.a(main.cpp.o)
                0x000040c2                main
 .text.__cxa_pure_virtual
                0x000040e4        0x2 C:\Users\Willyan\Documents\Atmel Studio\ArduinoCoreMega\libcore.a(new.cpp.o)
                0x000040e4                __cxa_pure_virtual
 .text._ZN5Print5writeEPKhj
                0x000040e6       0x54 C:\Users\Willyan\Documents\Atmel Studio\ArduinoCoreMega\libcore.a(Print.cpp.o)
                0x000040e6                Print::write(unsigned char const*, unsigned int)
 .text._ZN5Print7printlnEv
                0x0000413a       0x40 C:\Users\Willyan\Documents\Atmel Studio\ArduinoCoreMega\libcore.a(Print.cpp.o)
                0x0000413a                Print::println()
 .text._ZN5Print5writeEPKc
                0x0000417a       0x38 C:\Users\Willyan\Documents\Atmel Studio\ArduinoCoreMega\libcore.a(Print.cpp.o)
                0x0000417a                Print::write(char const*)
 .text._ZN5Print11printNumberEmh
                0x000041b2       0xc8 C:\Users\Willyan\Documents\Atmel Studio\ArduinoCoreMega\libcore.a(Print.cpp.o)
                0x000041b2                Print::printNumber(unsigned long, unsigned char)
 .text._ZN5Print5printEmi
                0x0000427a       0x1e C:\Users\Willyan\Documents\Atmel Studio\ArduinoCoreMega\libcore.a(Print.cpp.o)
                0x0000427a                Print::print(unsigned long, int)
 .text._ZN5Print7printlnEmi
                0x00004298       0x28 C:\Users\Willyan\Documents\Atmel Studio\ArduinoCoreMega\libcore.a(Print.cpp.o)
                0x00004298                Print::println(unsigned long, int)
 .text._ZN5Print5printEli
                0x000042c0       0x80 C:\Users\Willyan\Documents\Atmel Studio\ArduinoCoreMega\libcore.a(Print.cpp.o)
                0x000042c0                Print::print(long, int)
 .text._ZN5Print7printlnEii
                0x00004340       0x3e C:\Users\Willyan\Documents\Atmel Studio\ArduinoCoreMega\libcore.a(Print.cpp.o)
                0x00004340                Print::println(int, int)
 .text._ZN5Print5printEPKc
                0x0000437e        0x6 C:\Users\Willyan\Documents\Atmel Studio\ArduinoCoreMega\libcore.a(Print.cpp.o)
                0x0000437e                Print::print(char const*)
 .text._ZN5Print7printlnEPKc
                0x00004384       0x26 C:\Users\Willyan\Documents\Atmel Studio\ArduinoCoreMega\libcore.a(Print.cpp.o)
                0x00004384                Print::println(char const*)
 .text.libgcc   0x000043aa       0x3e c:/program files (x86)/atmel/atmel studio 6.0/extensions/atmel/avrgcc/3.4.1.95/avrtoolchain/bin/../lib/gcc/avr/4.6.2/avr6\libgcc.a(_mulsi3.o)
                0x000043aa                __mulsi3
 .text.libgcc   0x000043e8       0x26 c:/program files (x86)/atmel/atmel studio 6.0/extensions/atmel/avrgcc/3.4.1.95/avrtoolchain/bin/../lib/gcc/avr/4.6.2/avr6\libgcc.a(_divmodhi4.o)
                0x000043e8                _div
                0x000043e8                __divmodhi4
 .text.libgcc   0x0000440e       0x44 c:/program files (x86)/atmel/atmel studio 6.0/extensions/atmel/avrgcc/3.4.1.95/avrtoolchain/bin/../lib/gcc/avr/4.6.2/avr6\libgcc.a(_udivmodsi4.o)
                0x0000440e                __udivmodsi4
 .text.libgcc   0x00004452       0x28 c:/program files (x86)/atmel/atmel studio 6.0/extensions/atmel/avrgcc/3.4.1.95/avrtoolchain/bin/../lib/gcc/avr/4.6.2/avr6\libgcc.a(_udivmodhi4.o)
                0x00004452                __udivmodhi4
 .text.libgcc   0x0000447a        0x8 c:/program files (x86)/atmel/atmel studio 6.0/extensions/atmel/avrgcc/3.4.1.95/avrtoolchain/bin/../lib/gcc/avr/4.6.2/avr6\libgcc.a(_tablejump_elpm.o)
                0x0000447a                __tablejump_elpm__
 .text.avr-libc
                0x00004482       0x1a c:/program files (x86)/atmel/atmel studio 6.0/extensions/atmel/avrgcc/3.4.1.95/avrtoolchain/bin/../lib/gcc/avr/4.6.2/../../../../avr/lib/avr6\libc.a(memcmp.o)
                0x00004482                memcmp
 .text.avr-libc
                0x0000449c       0x16 c:/program files (x86)/atmel/atmel studio 6.0/extensions/atmel/avrgcc/3.4.1.95/avrtoolchain/bin/../lib/gcc/avr/4.6.2/../../../../avr/lib/avr6\libc.a(strchr.o)
                0x0000449c                strchr
 .text.avr-libc
                0x000044b2       0x1e c:/program files (x86)/atmel/atmel studio 6.0/extensions/atmel/avrgcc/3.4.1.95/avrtoolchain/bin/../lib/gcc/avr/4.6.2/../../../../avr/lib/avr6\libc.a(strncpy.o)
                0x000044b2                strncpy
                0x000044d0                . = ALIGN (0x2)
 *(.fini9)
 .fini9         0x000044d0        0x0 c:/program files (x86)/atmel/atmel studio 6.0/extensions/atmel/avrgcc/3.4.1.95/avrtoolchain/bin/../lib/gcc/avr/4.6.2/avr6\libgcc.a(_exit.o)
                0x000044d0                _exit
                0x000044d0                exit
 *(.fini9)
 *(.fini8)
 *(.fini8)
 *(.fini7)
 *(.fini7)
 *(.fini6)
 .fini6         0x000044d0       0x22 c:/program files (x86)/atmel/atmel studio 6.0/extensions/atmel/avrgcc/3.4.1.95/avrtoolchain/bin/../lib/gcc/avr/4.6.2/avr6\libgcc.a(_dtors.o)
                0x000044d0                __do_global_dtors
 *(.fini6)
 *(.fini5)
 *(.fini5)
 *(.fini4)
 *(.fini4)
 *(.fini3)
 *(.fini3)
 *(.fini2)
 *(.fini2)
 *(.fini1)
 *(.fini1)
 *(.fini0)
 .fini0         0x000044f2        0x4 c:/program files (x86)/atmel/atmel studio 6.0/extensions/atmel/avrgcc/3.4.1.95/avrtoolchain/bin/../lib/gcc/avr/4.6.2/avr6\libgcc.a(_exit.o)
 *(.fini0)
                0x000044f6                _etext = .

.data           0x00800200      0x2d4 load address 0x000044f6
                0x00800200                PROVIDE (__data_start, .)
 *(.data)
 .data          0x00800200        0x0 c:/program files (x86)/atmel/atmel studio 6.0/extensions/atmel/avrgcc/3.4.1.95/avrtoolchain/bin/../lib/gcc/avr/4.6.2/../../../../avr/lib/avr6/crtm2560.o
 .data          0x00800200        0x0 CFile1.o
 .data          0x00800200        0x0 EDB/EDB.o
 .data          0x00800200        0x0 EDB/SqlDB/SqlDB.o
 .data          0x00800200        0x0 IOUtilities/IOUtilities.o
 .data          0x00800200      0x1ed IR/IR.o
                0x008003e7                vtable for IR
 .data          0x008003ed       0x94 Main_.o
 .data          0x00800481        0x0 MathUtilities/MathUtilities.o
 .data          0x00800481       0x20 SD/File.o
                0x00800481                vtable for File
                0x00800491                vtable for Stream
 .data          0x008004a1        0x2 SD/SD.o
 .data          0x008004a3        0x0 SD/Sd2Card.o
 .data          0x008004a3        0x8 SD/SdFile.o
                0x008004a3                vtable for SdFile
 .data          0x008004ab        0x4 SD/SdVolume.o
                0x008004ab                SdVolume::cacheBlockNumber_
 .data          0x008004af        0x0 Timer/Timer.o
 .data          0x008004af        0x0 Timer/TimerExtended.o
 .data          0x008004af        0x0 C:\Users\Willyan\Documents\Atmel Studio\ArduinoCoreMega\libcore.a(malloc.c.o)
 .data          0x008004af        0x0 C:\Users\Willyan\Documents\Atmel Studio\ArduinoCoreMega\libcore.a(wiring.c.o)
 .data          0x008004af        0x0 C:\Users\Willyan\Documents\Atmel Studio\ArduinoCoreMega\libcore.a(wiring_digital.c.o)
 .data          0x008004af        0x0 C:\Users\Willyan\Documents\Atmel Studio\ArduinoCoreMega\libcore.a(HardwareSerial.cpp.o)
 .data          0x008004af        0x0 C:\Users\Willyan\Documents\Atmel Studio\ArduinoCoreMega\libcore.a(main.cpp.o)
 .data          0x008004af        0x0 C:\Users\Willyan\Documents\Atmel Studio\ArduinoCoreMega\libcore.a(new.cpp.o)
 .data          0x008004af        0xe C:\Users\Willyan\Documents\Atmel Studio\ArduinoCoreMega\libcore.a(Print.cpp.o)
 .data          0x008004bd        0x0 c:/program files (x86)/atmel/atmel studio 6.0/extensions/atmel/avrgcc/3.4.1.95/avrtoolchain/bin/../lib/gcc/avr/4.6.2/../../../../avr/lib/avr6\libm.a(addsf3.o)
 .data          0x008004bd        0x0 c:/program files (x86)/atmel/atmel studio 6.0/extensions/atmel/avrgcc/3.4.1.95/avrtoolchain/bin/../lib/gcc/avr/4.6.2/../../../../avr/lib/avr6\libm.a(addsf3x.o)
 .data          0x008004bd        0x0 c:/program files (x86)/atmel/atmel studio 6.0/extensions/atmel/avrgcc/3.4.1.95/avrtoolchain/bin/../lib/gcc/avr/4.6.2/../../../../avr/lib/avr6\libm.a(cmpsf2.o)
 .data          0x008004bd        0x0 c:/program files (x86)/atmel/atmel studio 6.0/extensions/atmel/avrgcc/3.4.1.95/avrtoolchain/bin/../lib/gcc/avr/4.6.2/../../../../avr/lib/avr6\libm.a(divsf3.o)
 .data          0x008004bd        0x0 c:/program files (x86)/atmel/atmel studio 6.0/extensions/atmel/avrgcc/3.4.1.95/avrtoolchain/bin/../lib/gcc/avr/4.6.2/../../../../avr/lib/avr6\libm.a(divsf3x.o)
 .data          0x008004bd        0x0 c:/program files (x86)/atmel/atmel studio 6.0/extensions/atmel/avrgcc/3.4.1.95/avrtoolchain/bin/../lib/gcc/avr/4.6.2/../../../../avr/lib/avr6\libm.a(fixsfsi.o)
 .data          0x008004bd        0x0 c:/program files (x86)/atmel/atmel studio 6.0/extensions/atmel/avrgcc/3.4.1.95/avrtoolchain/bin/../lib/gcc/avr/4.6.2/../../../../avr/lib/avr6\libm.a(fixunssfsi.o)
 .data          0x008004bd        0x0 c:/program files (x86)/atmel/atmel studio 6.0/extensions/atmel/avrgcc/3.4.1.95/avrtoolchain/bin/../lib/gcc/avr/4.6.2/../../../../avr/lib/avr6\libm.a(floatsisf.o)
 .data          0x008004bd        0x0 c:/program files (x86)/atmel/atmel studio 6.0/extensions/atmel/avrgcc/3.4.1.95/avrtoolchain/bin/../lib/gcc/avr/4.6.2/../../../../avr/lib/avr6\libm.a(fp_cmp.o)
 .data          0x008004bd        0x0 c:/program files (x86)/atmel/atmel studio 6.0/extensions/atmel/avrgcc/3.4.1.95/avrtoolchain/bin/../lib/gcc/avr/4.6.2/../../../../avr/lib/avr6\libm.a(fp_inf.o)
 .data          0x008004bd        0x0 c:/program files (x86)/atmel/atmel studio 6.0/extensions/atmel/avrgcc/3.4.1.95/avrtoolchain/bin/../lib/gcc/avr/4.6.2/../../../../avr/lib/avr6\libm.a(fp_nan.o)
 .data          0x008004bd        0x0 c:/program files (x86)/atmel/atmel studio 6.0/extensions/atmel/avrgcc/3.4.1.95/avrtoolchain/bin/../lib/gcc/avr/4.6.2/../../../../avr/lib/avr6\libm.a(fp_pscA.o)
 .data          0x008004bd        0x0 c:/program files (x86)/atmel/atmel studio 6.0/extensions/atmel/avrgcc/3.4.1.95/avrtoolchain/bin/../lib/gcc/avr/4.6.2/../../../../avr/lib/avr6\libm.a(fp_pscB.o)
 .data          0x008004bd        0x0 c:/program files (x86)/atmel/atmel studio 6.0/extensions/atmel/avrgcc/3.4.1.95/avrtoolchain/bin/../lib/gcc/avr/4.6.2/../../../../avr/lib/avr6\libm.a(fp_round.o)
 .data          0x008004bd        0x0 c:/program files (x86)/atmel/atmel studio 6.0/extensions/atmel/avrgcc/3.4.1.95/avrtoolchain/bin/../lib/gcc/avr/4.6.2/../../../../avr/lib/avr6\libm.a(fp_split3.o)
 .data          0x008004bd        0x0 c:/program files (x86)/atmel/atmel studio 6.0/extensions/atmel/avrgcc/3.4.1.95/avrtoolchain/bin/../lib/gcc/avr/4.6.2/../../../../avr/lib/avr6\libm.a(fp_zero.o)
 .data          0x008004bd        0x0 c:/program files (x86)/atmel/atmel studio 6.0/extensions/atmel/avrgcc/3.4.1.95/avrtoolchain/bin/../lib/gcc/avr/4.6.2/../../../../avr/lib/avr6\libm.a(gesf2.o)
 .data          0x008004bd        0x0 c:/program files (x86)/atmel/atmel studio 6.0/extensions/atmel/avrgcc/3.4.1.95/avrtoolchain/bin/../lib/gcc/avr/4.6.2/../../../../avr/lib/avr6\libm.a(mulsf3.o)
 .data          0x008004bd        0x0 c:/program files (x86)/atmel/atmel studio 6.0/extensions/atmel/avrgcc/3.4.1.95/avrtoolchain/bin/../lib/gcc/avr/4.6.2/../../../../avr/lib/avr6\libm.a(mulsf3x.o)
 .data          0x008004bd        0x0 c:/program files (x86)/atmel/atmel studio 6.0/extensions/atmel/avrgcc/3.4.1.95/avrtoolchain/bin/../lib/gcc/avr/4.6.2/../../../../avr/lib/avr6\libm.a(unordsf2.o)
 .data          0x008004bd        0x0 c:/program files (x86)/atmel/atmel studio 6.0/extensions/atmel/avrgcc/3.4.1.95/avrtoolchain/bin/../lib/gcc/avr/4.6.2/avr6\libgcc.a(_mulsi3.o)
 .data          0x008004bd        0x0 c:/program files (x86)/atmel/atmel studio 6.0/extensions/atmel/avrgcc/3.4.1.95/avrtoolchain/bin/../lib/gcc/avr/4.6.2/avr6\libgcc.a(_udivmodqi4.o)
 .data          0x008004bd        0x0 c:/program files (x86)/atmel/atmel studio 6.0/extensions/atmel/avrgcc/3.4.1.95/avrtoolchain/bin/../lib/gcc/avr/4.6.2/avr6\libgcc.a(_divmodhi4.o)
 .data          0x008004bd        0x0 c:/program files (x86)/atmel/atmel studio 6.0/extensions/atmel/avrgcc/3.4.1.95/avrtoolchain/bin/../lib/gcc/avr/4.6.2/avr6\libgcc.a(_udivmodsi4.o)
 .data          0x008004bd        0x0 c:/program files (x86)/atmel/atmel studio 6.0/extensions/atmel/avrgcc/3.4.1.95/avrtoolchain/bin/../lib/gcc/avr/4.6.2/avr6\libgcc.a(_exit.o)
 .data          0x008004bd        0x0 c:/program files (x86)/atmel/atmel studio 6.0/extensions/atmel/avrgcc/3.4.1.95/avrtoolchain/bin/../lib/gcc/avr/4.6.2/avr6\libgcc.a(_copy_data.o)
 .data          0x008004bd        0x0 c:/program files (x86)/atmel/atmel studio 6.0/extensions/atmel/avrgcc/3.4.1.95/avrtoolchain/bin/../lib/gcc/avr/4.6.2/avr6\libgcc.a(_clear_bss.o)
 .data          0x008004bd        0x0 c:/program files (x86)/atmel/atmel studio 6.0/extensions/atmel/avrgcc/3.4.1.95/avrtoolchain/bin/../lib/gcc/avr/4.6.2/avr6\libgcc.a(_ctors.o)
 .data          0x008004bd        0x0 c:/program files (x86)/atmel/atmel studio 6.0/extensions/atmel/avrgcc/3.4.1.95/avrtoolchain/bin/../lib/gcc/avr/4.6.2/avr6\libgcc.a(_dtors.o)
 .data          0x008004bd        0x0 c:/program files (x86)/atmel/atmel studio 6.0/extensions/atmel/avrgcc/3.4.1.95/avrtoolchain/bin/../lib/gcc/avr/4.6.2/avr6\libgcc.a(_udivmodhi4.o)
 .data          0x008004bd        0x0 c:/program files (x86)/atmel/atmel studio 6.0/extensions/atmel/avrgcc/3.4.1.95/avrtoolchain/bin/../lib/gcc/avr/4.6.2/avr6\libgcc.a(_tablejump_elpm.o)
 .data          0x008004bd        0x0 c:/program files (x86)/atmel/atmel studio 6.0/extensions/atmel/avrgcc/3.4.1.95/avrtoolchain/bin/../lib/gcc/avr/4.6.2/../../../../avr/lib/avr6\libc.a(memcmp.o)
 .data          0x008004bd        0x0 c:/program files (x86)/atmel/atmel studio 6.0/extensions/atmel/avrgcc/3.4.1.95/avrtoolchain/bin/../lib/gcc/avr/4.6.2/../../../../avr/lib/avr6\libc.a(strchr.o)
 .data          0x008004bd        0x0 c:/program files (x86)/atmel/atmel studio 6.0/extensions/atmel/avrgcc/3.4.1.95/avrtoolchain/bin/../lib/gcc/avr/4.6.2/../../../../avr/lib/avr6\libc.a(strncpy.o)
 *(.data*)
 .data.__malloc_margin
                0x008004bd        0x2 C:\Users\Willyan\Documents\Atmel Studio\ArduinoCoreMega\libcore.a(malloc.c.o)
                0x008004bd                __malloc_margin
 .data.__malloc_heap_start
                0x008004bf        0x2 C:\Users\Willyan\Documents\Atmel Studio\ArduinoCoreMega\libcore.a(malloc.c.o)
                0x008004bf                __malloc_heap_start
 .data.__malloc_heap_end
                0x008004c1        0x2 C:\Users\Willyan\Documents\Atmel Studio\ArduinoCoreMega\libcore.a(malloc.c.o)
                0x008004c1                __malloc_heap_end
 *(.rodata)
 *(.rodata*)
 .rodata._ZTV14HardwareSerial
                0x008004c3       0x10 C:\Users\Willyan\Documents\Atmel Studio\ArduinoCoreMega\libcore.a(HardwareSerial.cpp.o)
                0x008004c3                vtable for HardwareSerial
 *(.gnu.linkonce.d*)
                0x008004d4                . = ALIGN (0x2)
 *fill*         0x008004d3        0x1 00
                0x008004d4                _edata = .
                0x008004d4                PROVIDE (__data_end, .)

.bss            0x008004d4      0x53e
                0x008004d4                PROVIDE (__bss_start, .)
 *(.bss)
 .bss           0x008004d4       0x35 Main_.o
                0x008004d4                db
                0x008004ea                logEvent
                0x008004ee                dbFile
 .bss           0x00800509       0x49 SD/SD.o
                0x00800509                SD
 .bss           0x00800552        0x4 SD/SdFile.o
                0x00800552                SdFile::oldDateTime_
                0x00800554                SdFile::dateTime_
 .bss           0x00800556      0x207 SD/SdVolume.o
                0x00800556                SdVolume::cacheMirrorBlock_
                0x0080055a                SdVolume::cacheDirty_
                0x0080055b                SdVolume::sdCard_
                0x0080055d                SdVolume::cacheBuffer_
 *(.bss*)
 .bss.timer0_overflow_count
                0x0080075d        0x4 C:\Users\Willyan\Documents\Atmel Studio\ArduinoCoreMega\libcore.a(wiring.c.o)
                0x0080075d                timer0_overflow_count
 .bss.timer0_millis
                0x00800761        0x4 C:\Users\Willyan\Documents\Atmel Studio\ArduinoCoreMega\libcore.a(wiring.c.o)
                0x00800761                timer0_millis
 .bss.timer0_fract
                0x00800765        0x1 C:\Users\Willyan\Documents\Atmel Studio\ArduinoCoreMega\libcore.a(wiring.c.o)
 .bss.rx_buffer
                0x00800766       0x44 C:\Users\Willyan\Documents\Atmel Studio\ArduinoCoreMega\libcore.a(HardwareSerial.cpp.o)
                0x00800766                rx_buffer
 .bss.tx_buffer
                0x008007aa       0x44 C:\Users\Willyan\Documents\Atmel Studio\ArduinoCoreMega\libcore.a(HardwareSerial.cpp.o)
                0x008007aa                tx_buffer
 .bss.rx_buffer1
                0x008007ee       0x44 C:\Users\Willyan\Documents\Atmel Studio\ArduinoCoreMega\libcore.a(HardwareSerial.cpp.o)
                0x008007ee                rx_buffer1
 .bss.tx_buffer1
                0x00800832       0x44 C:\Users\Willyan\Documents\Atmel Studio\ArduinoCoreMega\libcore.a(HardwareSerial.cpp.o)
                0x00800832                tx_buffer1
 .bss.rx_buffer2
                0x00800876       0x44 C:\Users\Willyan\Documents\Atmel Studio\ArduinoCoreMega\libcore.a(HardwareSerial.cpp.o)
                0x00800876                rx_buffer2
 .bss.tx_buffer2
                0x008008ba       0x44 C:\Users\Willyan\Documents\Atmel Studio\ArduinoCoreMega\libcore.a(HardwareSerial.cpp.o)
                0x008008ba                tx_buffer2
 .bss.rx_buffer3
                0x008008fe       0x44 C:\Users\Willyan\Documents\Atmel Studio\ArduinoCoreMega\libcore.a(HardwareSerial.cpp.o)
                0x008008fe                rx_buffer3
 .bss.tx_buffer3
                0x00800942       0x44 C:\Users\Willyan\Documents\Atmel Studio\ArduinoCoreMega\libcore.a(HardwareSerial.cpp.o)
                0x00800942                tx_buffer3
 .bss.Serial    0x00800986       0x22 C:\Users\Willyan\Documents\Atmel Studio\ArduinoCoreMega\libcore.a(HardwareSerial.cpp.o)
                0x00800986                Serial
 .bss.Serial1   0x008009a8       0x22 C:\Users\Willyan\Documents\Atmel Studio\ArduinoCoreMega\libcore.a(HardwareSerial.cpp.o)
                0x008009a8                Serial1
 .bss.Serial2   0x008009ca       0x22 C:\Users\Willyan\Documents\Atmel Studio\ArduinoCoreMega\libcore.a(HardwareSerial.cpp.o)
                0x008009ca                Serial2
 .bss.Serial3   0x008009ec       0x22 C:\Users\Willyan\Documents\Atmel Studio\ArduinoCoreMega\libcore.a(HardwareSerial.cpp.o)
                0x008009ec                Serial3
 *(COMMON)
 COMMON         0x00800a0e        0x4 C:\Users\Willyan\Documents\Atmel Studio\ArduinoCoreMega\libcore.a(malloc.c.o)
                0x00800a0e                __brkval
                0x00800a10                __flp
                0x00800a12                PROVIDE (__bss_end, .)
                0x000044f6                __data_load_start = LOADADDR (.data)
                0x000047ca                __data_load_end = (__data_load_start + SIZEOF (.data))

.noinit         0x00800a12        0x0
                0x00800a12                PROVIDE (__noinit_start, .)
 *(.noinit*)
                0x00800a12                PROVIDE (__noinit_end, .)
                0x00800a12                _end = .
                0x00800a12                PROVIDE (__heap_start, .)

.eeprom         0x00810000        0x0
 *(.eeprom*)
                0x00810000                __eeprom_end = .

.fuse
 *(.fuse)
 *(.lfuse)
 *(.hfuse)
 *(.efuse)

.lock
 *(.lock*)

.signature
 *(.signature*)

.stab           0x00000000     0x26dc
 *(.stab)
 .stab          0x00000000      0x6e4 c:/program files (x86)/atmel/atmel studio 6.0/extensions/atmel/avrgcc/3.4.1.95/avrtoolchain/bin/../lib/gcc/avr/4.6.2/../../../../avr/lib/avr6/crtm2560.o
 .stab          0x000006e4       0x78 c:/program files (x86)/atmel/atmel studio 6.0/extensions/atmel/avrgcc/3.4.1.95/avrtoolchain/bin/../lib/gcc/avr/4.6.2/../../../../avr/lib/avr6\libm.a(addsf3.o)
                                 0x84 (size before relaxing)
 .stab          0x0000075c      0x4bc c:/program files (x86)/atmel/atmel studio 6.0/extensions/atmel/avrgcc/3.4.1.95/avrtoolchain/bin/../lib/gcc/avr/4.6.2/../../../../avr/lib/avr6\libm.a(addsf3x.o)
                                0x4c8 (size before relaxing)
 .stab          0x00000c18       0x90 c:/program files (x86)/atmel/atmel studio 6.0/extensions/atmel/avrgcc/3.4.1.95/avrtoolchain/bin/../lib/gcc/avr/4.6.2/../../../../avr/lib/avr6\libm.a(cmpsf2.o)
                                 0x9c (size before relaxing)
 .stab          0x00000ca8       0x48 c:/program files (x86)/atmel/atmel studio 6.0/extensions/atmel/avrgcc/3.4.1.95/avrtoolchain/bin/../lib/gcc/avr/4.6.2/../../../../avr/lib/avr6\libm.a(divsf3.o)
                                 0x54 (size before relaxing)
 .stab          0x00000cf0      0x510 c:/program files (x86)/atmel/atmel studio 6.0/extensions/atmel/avrgcc/3.4.1.95/avrtoolchain/bin/../lib/gcc/avr/4.6.2/../../../../avr/lib/avr6\libm.a(divsf3x.o)
                                0x51c (size before relaxing)
 .stab          0x00001200       0x6c c:/program files (x86)/atmel/atmel studio 6.0/extensions/atmel/avrgcc/3.4.1.95/avrtoolchain/bin/../lib/gcc/avr/4.6.2/../../../../avr/lib/avr6\libm.a(fixsfsi.o)
                                 0x78 (size before relaxing)
 .stab          0x0000126c      0x240 c:/program files (x86)/atmel/atmel studio 6.0/extensions/atmel/avrgcc/3.4.1.95/avrtoolchain/bin/../lib/gcc/avr/4.6.2/../../../../avr/lib/avr6\libm.a(fixunssfsi.o)
                                0x24c (size before relaxing)
 .stab          0x000014ac      0x318 c:/program files (x86)/atmel/atmel studio 6.0/extensions/atmel/avrgcc/3.4.1.95/avrtoolchain/bin/../lib/gcc/avr/4.6.2/../../../../avr/lib/avr6\libm.a(floatsisf.o)
                                0x324 (size before relaxing)
 .stab          0x000017c4      0x1e0 c:/program files (x86)/atmel/atmel studio 6.0/extensions/atmel/avrgcc/3.4.1.95/avrtoolchain/bin/../lib/gcc/avr/4.6.2/../../../../avr/lib/avr6\libm.a(fp_cmp.o)
                                0x1ec (size before relaxing)
 .stab          0x000019a4       0x78 c:/program files (x86)/atmel/atmel studio 6.0/extensions/atmel/avrgcc/3.4.1.95/avrtoolchain/bin/../lib/gcc/avr/4.6.2/../../../../avr/lib/avr6\libm.a(fp_inf.o)
                                 0x84 (size before relaxing)
 .stab          0x00001a1c       0x54 c:/program files (x86)/atmel/atmel studio 6.0/extensions/atmel/avrgcc/3.4.1.95/avrtoolchain/bin/../lib/gcc/avr/4.6.2/../../../../avr/lib/avr6\libm.a(fp_nan.o)
                                 0x60 (size before relaxing)
 .stab          0x00001a70       0x84 c:/program files (x86)/atmel/atmel studio 6.0/extensions/atmel/avrgcc/3.4.1.95/avrtoolchain/bin/../lib/gcc/avr/4.6.2/../../../../avr/lib/avr6\libm.a(fp_pscA.o)
                                 0x90 (size before relaxing)
 .stab          0x00001af4       0x84 c:/program files (x86)/atmel/atmel studio 6.0/extensions/atmel/avrgcc/3.4.1.95/avrtoolchain/bin/../lib/gcc/avr/4.6.2/../../../../avr/lib/avr6\libm.a(fp_pscB.o)
                                 0x90 (size before relaxing)
 .stab          0x00001b78       0xfc c:/program files (x86)/atmel/atmel studio 6.0/extensions/atmel/avrgcc/3.4.1.95/avrtoolchain/bin/../lib/gcc/avr/4.6.2/../../../../avr/lib/avr6\libm.a(fp_round.o)
                                0x108 (size before relaxing)
 .stab          0x00001c74      0x1d4 c:/program files (x86)/atmel/atmel studio 6.0/extensions/atmel/avrgcc/3.4.1.95/avrtoolchain/bin/../lib/gcc/avr/4.6.2/../../../../avr/lib/avr6\libm.a(fp_split3.o)
                                0x1e0 (size before relaxing)
 .stab          0x00001e48       0x90 c:/program files (x86)/atmel/atmel studio 6.0/extensions/atmel/avrgcc/3.4.1.95/avrtoolchain/bin/../lib/gcc/avr/4.6.2/../../../../avr/lib/avr6\libm.a(fp_zero.o)
                                 0x9c (size before relaxing)
 .stab          0x00001ed8       0x6c c:/program files (x86)/atmel/atmel studio 6.0/extensions/atmel/avrgcc/3.4.1.95/avrtoolchain/bin/../lib/gcc/avr/4.6.2/../../../../avr/lib/avr6\libm.a(gesf2.o)
                                 0x78 (size before relaxing)
 .stab          0x00001f44       0x48 c:/program files (x86)/atmel/atmel studio 6.0/extensions/atmel/avrgcc/3.4.1.95/avrtoolchain/bin/../lib/gcc/avr/4.6.2/../../../../avr/lib/avr6\libm.a(mulsf3.o)
                                 0x54 (size before relaxing)
 .stab          0x00001f8c      0x4d4 c:/program files (x86)/atmel/atmel studio 6.0/extensions/atmel/avrgcc/3.4.1.95/avrtoolchain/bin/../lib/gcc/avr/4.6.2/../../../../avr/lib/avr6\libm.a(mulsf3x.o)
                                0x4e0 (size before relaxing)
 .stab          0x00002460       0x60 c:/program files (x86)/atmel/atmel studio 6.0/extensions/atmel/avrgcc/3.4.1.95/avrtoolchain/bin/../lib/gcc/avr/4.6.2/../../../../avr/lib/avr6\libm.a(unordsf2.o)
                                 0x6c (size before relaxing)
 .stab          0x000024c0       0xb4 c:/program files (x86)/atmel/atmel studio 6.0/extensions/atmel/avrgcc/3.4.1.95/avrtoolchain/bin/../lib/gcc/avr/4.6.2/../../../../avr/lib/avr6\libc.a(memcmp.o)
                                 0xc0 (size before relaxing)
 .stab          0x00002574       0x9c c:/program files (x86)/atmel/atmel studio 6.0/extensions/atmel/avrgcc/3.4.1.95/avrtoolchain/bin/../lib/gcc/avr/4.6.2/../../../../avr/lib/avr6\libc.a(strchr.o)
                                 0xa8 (size before relaxing)
 .stab          0x00002610       0xcc c:/program files (x86)/atmel/atmel studio 6.0/extensions/atmel/avrgcc/3.4.1.95/avrtoolchain/bin/../lib/gcc/avr/4.6.2/../../../../avr/lib/avr6\libc.a(strncpy.o)
                                 0xd8 (size before relaxing)

.stabstr        0x00000000      0x954
 *(.stabstr)
 .stabstr       0x00000000      0x954 c:/program files (x86)/atmel/atmel studio 6.0/extensions/atmel/avrgcc/3.4.1.95/avrtoolchain/bin/../lib/gcc/avr/4.6.2/../../../../avr/lib/avr6/crtm2560.o

.stab.excl
 *(.stab.excl)

.stab.exclstr
 *(.stab.exclstr)

.stab.index
 *(.stab.index)

.stab.indexstr
 *(.stab.indexstr)

.comment
 *(.comment)

.debug
 *(.debug)

.line
 *(.line)

.debug_srcinfo
 *(.debug_srcinfo)

.debug_sfnames
 *(.debug_sfnames)

.debug_aranges  0x00000000      0xa18
 *(.debug_aranges)
 .debug_aranges
                0x00000000       0x98 EDB/EDB.o
 .debug_aranges
                0x00000098       0x28 IOUtilities/IOUtilities.o
 .debug_aranges
                0x000000c0       0x58 IR/IR.o
 .debug_aranges
                0x00000118       0x50 Main_.o
 .debug_aranges
                0x00000168       0x40 MathUtilities/MathUtilities.o
 .debug_aranges
                0x000001a8       0xa8 SD/File.o
 .debug_aranges
                0x00000250       0xa0 SD/SD.o
 .debug_aranges
                0x000002f0       0xc8 SD/Sd2Card.o
 .debug_aranges
                0x000003b8      0x130 SD/SdFile.o
 .debug_aranges
                0x000004e8       0x60 SD/SdVolume.o
 .debug_aranges
                0x00000548       0x40 Timer/Timer.o
 .debug_aranges
                0x00000588       0x30 Timer/TimerExtended.o
 .debug_aranges
                0x000005b8       0x28 C:\Users\Willyan\Documents\Atmel Studio\ArduinoCoreMega\libcore.a(malloc.c.o)
 .debug_aranges
                0x000005e0       0x48 C:\Users\Willyan\Documents\Atmel Studio\ArduinoCoreMega\libcore.a(wiring.c.o)
 .debug_aranges
                0x00000628       0x38 C:\Users\Willyan\Documents\Atmel Studio\ArduinoCoreMega\libcore.a(wiring_digital.c.o)
 .debug_aranges
                0x00000660       0xe0 C:\Users\Willyan\Documents\Atmel Studio\ArduinoCoreMega\libcore.a(HardwareSerial.cpp.o)
 .debug_aranges
                0x00000740       0x30 C:\Users\Willyan\Documents\Atmel Studio\ArduinoCoreMega\libcore.a(main.cpp.o)
 .debug_aranges
                0x00000770       0x58 C:\Users\Willyan\Documents\Atmel Studio\ArduinoCoreMega\libcore.a(new.cpp.o)
 .debug_aranges
                0x000007c8       0xf0 C:\Users\Willyan\Documents\Atmel Studio\ArduinoCoreMega\libcore.a(Print.cpp.o)
 .debug_aranges
                0x000008b8       0x20 c:/program files (x86)/atmel/atmel studio 6.0/extensions/atmel/avrgcc/3.4.1.95/avrtoolchain/bin/../lib/gcc/avr/4.6.2/avr6\libgcc.a(_mulsi3.o)
 .debug_aranges
                0x000008d8       0x20 c:/program files (x86)/atmel/atmel studio 6.0/extensions/atmel/avrgcc/3.4.1.95/avrtoolchain/bin/../lib/gcc/avr/4.6.2/avr6\libgcc.a(_udivmodqi4.o)
 .debug_aranges
                0x000008f8       0x20 c:/program files (x86)/atmel/atmel studio 6.0/extensions/atmel/avrgcc/3.4.1.95/avrtoolchain/bin/../lib/gcc/avr/4.6.2/avr6\libgcc.a(_divmodhi4.o)
 .debug_aranges
                0x00000918       0x20 c:/program files (x86)/atmel/atmel studio 6.0/extensions/atmel/avrgcc/3.4.1.95/avrtoolchain/bin/../lib/gcc/avr/4.6.2/avr6\libgcc.a(_udivmodsi4.o)
 .debug_aranges
                0x00000938       0x20 c:/program files (x86)/atmel/atmel studio 6.0/extensions/atmel/avrgcc/3.4.1.95/avrtoolchain/bin/../lib/gcc/avr/4.6.2/avr6\libgcc.a(_exit.o)
 .debug_aranges
                0x00000958       0x20 c:/program files (x86)/atmel/atmel studio 6.0/extensions/atmel/avrgcc/3.4.1.95/avrtoolchain/bin/../lib/gcc/avr/4.6.2/avr6\libgcc.a(_copy_data.o)
 .debug_aranges
                0x00000978       0x20 c:/program files (x86)/atmel/atmel studio 6.0/extensions/atmel/avrgcc/3.4.1.95/avrtoolchain/bin/../lib/gcc/avr/4.6.2/avr6\libgcc.a(_clear_bss.o)
 .debug_aranges
                0x00000998       0x20 c:/program files (x86)/atmel/atmel studio 6.0/extensions/atmel/avrgcc/3.4.1.95/avrtoolchain/bin/../lib/gcc/avr/4.6.2/avr6\libgcc.a(_ctors.o)
 .debug_aranges
                0x000009b8       0x20 c:/program files (x86)/atmel/atmel studio 6.0/extensions/atmel/avrgcc/3.4.1.95/avrtoolchain/bin/../lib/gcc/avr/4.6.2/avr6\libgcc.a(_dtors.o)
 .debug_aranges
                0x000009d8       0x20 c:/program files (x86)/atmel/atmel studio 6.0/extensions/atmel/avrgcc/3.4.1.95/avrtoolchain/bin/../lib/gcc/avr/4.6.2/avr6\libgcc.a(_udivmodhi4.o)
 .debug_aranges
                0x000009f8       0x20 c:/program files (x86)/atmel/atmel studio 6.0/extensions/atmel/avrgcc/3.4.1.95/avrtoolchain/bin/../lib/gcc/avr/4.6.2/avr6\libgcc.a(_tablejump_elpm.o)

.debug_pubnames
                0x00000000      0x7a0
 *(.debug_pubnames)
 .debug_pubnames
                0x00000000       0x7f C:\Users\Willyan\Documents\Atmel Studio\ArduinoCoreMega\libcore.a(malloc.c.o)
 .debug_pubnames
                0x0000007f       0x8d C:\Users\Willyan\Documents\Atmel Studio\ArduinoCoreMega\libcore.a(wiring.c.o)
 .debug_pubnames
                0x0000010c       0xda C:\Users\Willyan\Documents\Atmel Studio\ArduinoCoreMega\libcore.a(wiring_digital.c.o)
 .debug_pubnames
                0x000001e6      0x2c5 C:\Users\Willyan\Documents\Atmel Studio\ArduinoCoreMega\libcore.a(HardwareSerial.cpp.o)
 .debug_pubnames
                0x000004ab       0x36 C:\Users\Willyan\Documents\Atmel Studio\ArduinoCoreMega\libcore.a(main.cpp.o)
 .debug_pubnames
                0x000004e1       0xbf C:\Users\Willyan\Documents\Atmel Studio\ArduinoCoreMega\libcore.a(new.cpp.o)
 .debug_pubnames
                0x000005a0      0x200 C:\Users\Willyan\Documents\Atmel Studio\ArduinoCoreMega\libcore.a(Print.cpp.o)

.debug_info     0x00000000    0x180a7
 *(.debug_info)
 .debug_info    0x00000000      0xaa5 EDB/EDB.o
 .debug_info    0x00000aa5      0x290 IOUtilities/IOUtilities.o
 .debug_info    0x00000d35      0x732 IR/IR.o
 .debug_info    0x00001467     0x359e Main_.o
 .debug_info    0x00004a05      0x36b MathUtilities/MathUtilities.o
 .debug_info    0x00004d70     0x21a1 SD/File.o
 .debug_info    0x00006f11     0x3164 SD/SD.o
 .debug_info    0x0000a075     0x1cad SD/Sd2Card.o
 .debug_info    0x0000bd22     0x43f8 SD/SdFile.o
 .debug_info    0x0001011a     0x2265 SD/SdVolume.o
 .debug_info    0x0001237f      0x34d Timer/Timer.o
 .debug_info    0x000126cc      0x351 Timer/TimerExtended.o
 .debug_info    0x00012a1d      0x229 C:\Users\Willyan\Documents\Atmel Studio\ArduinoCoreMega\libcore.a(malloc.c.o)
 .debug_info    0x00012c46      0x36e C:\Users\Willyan\Documents\Atmel Studio\ArduinoCoreMega\libcore.a(wiring.c.o)
 .debug_info    0x00012fb4      0x5c7 C:\Users\Willyan\Documents\Atmel Studio\ArduinoCoreMega\libcore.a(wiring_digital.c.o)
 .debug_info    0x0001357b     0x20cc C:\Users\Willyan\Documents\Atmel Studio\ArduinoCoreMega\libcore.a(HardwareSerial.cpp.o)
 .debug_info    0x00015647      0x1e9 C:\Users\Willyan\Documents\Atmel Studio\ArduinoCoreMega\libcore.a(main.cpp.o)
 .debug_info    0x00015830      0x195 C:\Users\Willyan\Documents\Atmel Studio\ArduinoCoreMega\libcore.a(new.cpp.o)
 .debug_info    0x000159c5     0x1d63 C:\Users\Willyan\Documents\Atmel Studio\ArduinoCoreMega\libcore.a(Print.cpp.o)
 .debug_info    0x00017728       0xdd c:/program files (x86)/atmel/atmel studio 6.0/extensions/atmel/avrgcc/3.4.1.95/avrtoolchain/bin/../lib/gcc/avr/4.6.2/avr6\libgcc.a(_mulsi3.o)
 .debug_info    0x00017805       0xdd c:/program files (x86)/atmel/atmel studio 6.0/extensions/atmel/avrgcc/3.4.1.95/avrtoolchain/bin/../lib/gcc/avr/4.6.2/avr6\libgcc.a(_udivmodqi4.o)
 .debug_info    0x000178e2       0xdd c:/program files (x86)/atmel/atmel studio 6.0/extensions/atmel/avrgcc/3.4.1.95/avrtoolchain/bin/../lib/gcc/avr/4.6.2/avr6\libgcc.a(_divmodhi4.o)
 .debug_info    0x000179bf       0xdd c:/program files (x86)/atmel/atmel studio 6.0/extensions/atmel/avrgcc/3.4.1.95/avrtoolchain/bin/../lib/gcc/avr/4.6.2/avr6\libgcc.a(_udivmodsi4.o)
 .debug_info    0x00017a9c       0xdd c:/program files (x86)/atmel/atmel studio 6.0/extensions/atmel/avrgcc/3.4.1.95/avrtoolchain/bin/../lib/gcc/avr/4.6.2/avr6\libgcc.a(_exit.o)
 .debug_info    0x00017b79       0xdd c:/program files (x86)/atmel/atmel studio 6.0/extensions/atmel/avrgcc/3.4.1.95/avrtoolchain/bin/../lib/gcc/avr/4.6.2/avr6\libgcc.a(_copy_data.o)
 .debug_info    0x00017c56       0xdd c:/program files (x86)/atmel/atmel studio 6.0/extensions/atmel/avrgcc/3.4.1.95/avrtoolchain/bin/../lib/gcc/avr/4.6.2/avr6\libgcc.a(_clear_bss.o)
 .debug_info    0x00017d33       0xdd c:/program files (x86)/atmel/atmel studio 6.0/extensions/atmel/avrgcc/3.4.1.95/avrtoolchain/bin/../lib/gcc/avr/4.6.2/avr6\libgcc.a(_ctors.o)
 .debug_info    0x00017e10       0xdd c:/program files (x86)/atmel/atmel studio 6.0/extensions/atmel/avrgcc/3.4.1.95/avrtoolchain/bin/../lib/gcc/avr/4.6.2/avr6\libgcc.a(_dtors.o)
 .debug_info    0x00017eed       0xdd c:/program files (x86)/atmel/atmel studio 6.0/extensions/atmel/avrgcc/3.4.1.95/avrtoolchain/bin/../lib/gcc/avr/4.6.2/avr6\libgcc.a(_udivmodhi4.o)
 .debug_info    0x00017fca       0xdd c:/program files (x86)/atmel/atmel studio 6.0/extensions/atmel/avrgcc/3.4.1.95/avrtoolchain/bin/../lib/gcc/avr/4.6.2/avr6\libgcc.a(_tablejump_elpm.o)
 *(.gnu.linkonce.wi.*)

.debug_abbrev   0x00000000     0x38ca
 *(.debug_abbrev)
 .debug_abbrev  0x00000000        0x1 CFile1.o
 .debug_abbrev  0x00000001      0x24c EDB/EDB.o
 .debug_abbrev  0x0000024d        0x1 EDB/SqlDB/SqlDB.o
 .debug_abbrev  0x0000024e       0x9f IOUtilities/IOUtilities.o
 .debug_abbrev  0x000002ed      0x26f IR/IR.o
 .debug_abbrev  0x0000055c      0x628 Main_.o
 .debug_abbrev  0x00000b84      0x149 MathUtilities/MathUtilities.o
 .debug_abbrev  0x00000ccd      0x3e4 SD/File.o
 .debug_abbrev  0x000010b1      0x6b7 SD/SD.o
 .debug_abbrev  0x00001768      0x3fc SD/Sd2Card.o
 .debug_abbrev  0x00001b64      0x7b7 SD/SdFile.o
 .debug_abbrev  0x0000231b      0x502 SD/SdVolume.o
 .debug_abbrev  0x0000281d      0x170 Timer/Timer.o
 .debug_abbrev  0x0000298d       0xfe Timer/TimerExtended.o
 .debug_abbrev  0x00002a8b      0x10d C:\Users\Willyan\Documents\Atmel Studio\ArduinoCoreMega\libcore.a(malloc.c.o)
 .debug_abbrev  0x00002b98      0x17d C:\Users\Willyan\Documents\Atmel Studio\ArduinoCoreMega\libcore.a(wiring.c.o)
 .debug_abbrev  0x00002d15      0x167 C:\Users\Willyan\Documents\Atmel Studio\ArduinoCoreMega\libcore.a(wiring_digital.c.o)
 .debug_abbrev  0x00002e7c      0x497 C:\Users\Willyan\Documents\Atmel Studio\ArduinoCoreMega\libcore.a(HardwareSerial.cpp.o)
 .debug_abbrev  0x00003313       0xc1 C:\Users\Willyan\Documents\Atmel Studio\ArduinoCoreMega\libcore.a(main.cpp.o)
 .debug_abbrev  0x000033d4       0xf7 C:\Users\Willyan\Documents\Atmel Studio\ArduinoCoreMega\libcore.a(new.cpp.o)
 .debug_abbrev  0x000034cb      0x323 C:\Users\Willyan\Documents\Atmel Studio\ArduinoCoreMega\libcore.a(Print.cpp.o)
 .debug_abbrev  0x000037ee       0x14 c:/program files (x86)/atmel/atmel studio 6.0/extensions/atmel/avrgcc/3.4.1.95/avrtoolchain/bin/../lib/gcc/avr/4.6.2/avr6\libgcc.a(_mulsi3.o)
 .debug_abbrev  0x00003802       0x14 c:/program files (x86)/atmel/atmel studio 6.0/extensions/atmel/avrgcc/3.4.1.95/avrtoolchain/bin/../lib/gcc/avr/4.6.2/avr6\libgcc.a(_udivmodqi4.o)
 .debug_abbrev  0x00003816       0x14 c:/program files (x86)/atmel/atmel studio 6.0/extensions/atmel/avrgcc/3.4.1.95/avrtoolchain/bin/../lib/gcc/avr/4.6.2/avr6\libgcc.a(_divmodhi4.o)
 .debug_abbrev  0x0000382a       0x14 c:/program files (x86)/atmel/atmel studio 6.0/extensions/atmel/avrgcc/3.4.1.95/avrtoolchain/bin/../lib/gcc/avr/4.6.2/avr6\libgcc.a(_udivmodsi4.o)
 .debug_abbrev  0x0000383e       0x14 c:/program files (x86)/atmel/atmel studio 6.0/extensions/atmel/avrgcc/3.4.1.95/avrtoolchain/bin/../lib/gcc/avr/4.6.2/avr6\libgcc.a(_exit.o)
 .debug_abbrev  0x00003852       0x14 c:/program files (x86)/atmel/atmel studio 6.0/extensions/atmel/avrgcc/3.4.1.95/avrtoolchain/bin/../lib/gcc/avr/4.6.2/avr6\libgcc.a(_copy_data.o)
 .debug_abbrev  0x00003866       0x14 c:/program files (x86)/atmel/atmel studio 6.0/extensions/atmel/avrgcc/3.4.1.95/avrtoolchain/bin/../lib/gcc/avr/4.6.2/avr6\libgcc.a(_clear_bss.o)
 .debug_abbrev  0x0000387a       0x14 c:/program files (x86)/atmel/atmel studio 6.0/extensions/atmel/avrgcc/3.4.1.95/avrtoolchain/bin/../lib/gcc/avr/4.6.2/avr6\libgcc.a(_ctors.o)
 .debug_abbrev  0x0000388e       0x14 c:/program files (x86)/atmel/atmel studio 6.0/extensions/atmel/avrgcc/3.4.1.95/avrtoolchain/bin/../lib/gcc/avr/4.6.2/avr6\libgcc.a(_dtors.o)
 .debug_abbrev  0x000038a2       0x14 c:/program files (x86)/atmel/atmel studio 6.0/extensions/atmel/avrgcc/3.4.1.95/avrtoolchain/bin/../lib/gcc/avr/4.6.2/avr6\libgcc.a(_udivmodhi4.o)
 .debug_abbrev  0x000038b6       0x14 c:/program files (x86)/atmel/atmel studio 6.0/extensions/atmel/avrgcc/3.4.1.95/avrtoolchain/bin/../lib/gcc/avr/4.6.2/avr6\libgcc.a(_tablejump_elpm.o)

.debug_line     0x00000000     0x53ff
 *(.debug_line)
 .debug_line    0x00000000        0x0 CFile1.o
 .debug_line    0x00000000      0x2e5 EDB/EDB.o
 .debug_line    0x000002e5        0x0 EDB/SqlDB/SqlDB.o
 .debug_line    0x000002e5      0x199 IOUtilities/IOUtilities.o
 .debug_line    0x0000047e      0x265 IR/IR.o
 .debug_line    0x000006e3      0x3db Main_.o
 .debug_line    0x00000abe       0xf0 MathUtilities/MathUtilities.o
 .debug_line    0x00000bae      0x486 SD/File.o
 .debug_line    0x00001034      0x572 SD/SD.o
 .debug_line    0x000015a6      0x561 SD/Sd2Card.o
 .debug_line    0x00001b07      0xa8b SD/SdFile.o
 .debug_line    0x00002592      0x33a SD/SdVolume.o
 .debug_line    0x000028cc      0x179 Timer/Timer.o
 .debug_line    0x00002a45      0x16e Timer/TimerExtended.o
 .debug_line    0x00002bb3      0x348 C:\Users\Willyan\Documents\Atmel Studio\ArduinoCoreMega\libcore.a(malloc.c.o)
 .debug_line    0x00002efb      0x3fb C:\Users\Willyan\Documents\Atmel Studio\ArduinoCoreMega\libcore.a(wiring.c.o)
 .debug_line    0x000032f6      0x34b C:\Users\Willyan\Documents\Atmel Studio\ArduinoCoreMega\libcore.a(wiring_digital.c.o)
 .debug_line    0x00003641      0xb9b C:\Users\Willyan\Documents\Atmel Studio\ArduinoCoreMega\libcore.a(HardwareSerial.cpp.o)
 .debug_line    0x000041dc      0x1a9 C:\Users\Willyan\Documents\Atmel Studio\ArduinoCoreMega\libcore.a(main.cpp.o)
 .debug_line    0x00004385      0x220 C:\Users\Willyan\Documents\Atmel Studio\ArduinoCoreMega\libcore.a(new.cpp.o)
 .debug_line    0x000045a5      0x7e2 C:\Users\Willyan\Documents\Atmel Studio\ArduinoCoreMega\libcore.a(Print.cpp.o)
 .debug_line    0x00004d87       0xa5 c:/program files (x86)/atmel/atmel studio 6.0/extensions/atmel/avrgcc/3.4.1.95/avrtoolchain/bin/../lib/gcc/avr/4.6.2/avr6\libgcc.a(_mulsi3.o)
 .debug_line    0x00004e2c       0x92 c:/program files (x86)/atmel/atmel studio 6.0/extensions/atmel/avrgcc/3.4.1.95/avrtoolchain/bin/../lib/gcc/avr/4.6.2/avr6\libgcc.a(_udivmodqi4.o)
 .debug_line    0x00004ebe       0x99 c:/program files (x86)/atmel/atmel studio 6.0/extensions/atmel/avrgcc/3.4.1.95/avrtoolchain/bin/../lib/gcc/avr/4.6.2/avr6\libgcc.a(_divmodhi4.o)
 .debug_line    0x00004f57       0xa8 c:/program files (x86)/atmel/atmel studio 6.0/extensions/atmel/avrgcc/3.4.1.95/avrtoolchain/bin/../lib/gcc/avr/4.6.2/avr6\libgcc.a(_udivmodsi4.o)
 .debug_line    0x00004fff       0x88 c:/program files (x86)/atmel/atmel studio 6.0/extensions/atmel/avrgcc/3.4.1.95/avrtoolchain/bin/../lib/gcc/avr/4.6.2/avr6\libgcc.a(_exit.o)
 .debug_line    0x00005087       0x96 c:/program files (x86)/atmel/atmel studio 6.0/extensions/atmel/avrgcc/3.4.1.95/avrtoolchain/bin/../lib/gcc/avr/4.6.2/avr6\libgcc.a(_copy_data.o)
 .debug_line    0x0000511d       0x8e c:/program files (x86)/atmel/atmel studio 6.0/extensions/atmel/avrgcc/3.4.1.95/avrtoolchain/bin/../lib/gcc/avr/4.6.2/avr6\libgcc.a(_clear_bss.o)
 .debug_line    0x000051ab       0x98 c:/program files (x86)/atmel/atmel studio 6.0/extensions/atmel/avrgcc/3.4.1.95/avrtoolchain/bin/../lib/gcc/avr/4.6.2/avr6\libgcc.a(_ctors.o)
 .debug_line    0x00005243       0x98 c:/program files (x86)/atmel/atmel studio 6.0/extensions/atmel/avrgcc/3.4.1.95/avrtoolchain/bin/../lib/gcc/avr/4.6.2/avr6\libgcc.a(_dtors.o)
 .debug_line    0x000052db       0x9a c:/program files (x86)/atmel/atmel studio 6.0/extensions/atmel/avrgcc/3.4.1.95/avrtoolchain/bin/../lib/gcc/avr/4.6.2/avr6\libgcc.a(_udivmodhi4.o)
 .debug_line    0x00005375       0x8a c:/program files (x86)/atmel/atmel studio 6.0/extensions/atmel/avrgcc/3.4.1.95/avrtoolchain/bin/../lib/gcc/avr/4.6.2/avr6\libgcc.a(_tablejump_elpm.o)

.debug_frame    0x00000000     0x1fac
 *(.debug_frame)
 .debug_frame   0x00000000      0x2f8 EDB/EDB.o
 .debug_frame   0x000002f8       0xd8 IOUtilities/IOUtilities.o
 .debug_frame   0x000003d0      0x208 IR/IR.o
 .debug_frame   0x000005d8       0xec Main_.o
 .debug_frame   0x000006c4       0xd0 MathUtilities/MathUtilities.o
 .debug_frame   0x00000794      0x1dc SD/File.o
 .debug_frame   0x00000970      0x2a8 SD/SD.o
 .debug_frame   0x00000c18      0x38c SD/Sd2Card.o
 .debug_frame   0x00000fa4      0x720 SD/SdFile.o
 .debug_frame   0x000016c4      0x280 SD/SdVolume.o
 .debug_frame   0x00001944       0x70 Timer/Timer.o
 .debug_frame   0x000019b4       0xd8 Timer/TimerExtended.o
 .debug_frame   0x00001a8c       0x30 C:\Users\Willyan\Documents\Atmel Studio\ArduinoCoreMega\libcore.a(malloc.c.o)
 .debug_frame   0x00001abc       0x70 C:\Users\Willyan\Documents\Atmel Studio\ArduinoCoreMega\libcore.a(wiring.c.o)
 .debug_frame   0x00001b2c       0x50 C:\Users\Willyan\Documents\Atmel Studio\ArduinoCoreMega\libcore.a(wiring_digital.c.o)
 .debug_frame   0x00001b7c      0x1a0 C:\Users\Willyan\Documents\Atmel Studio\ArduinoCoreMega\libcore.a(HardwareSerial.cpp.o)
 .debug_frame   0x00001d1c       0x40 C:\Users\Willyan\Documents\Atmel Studio\ArduinoCoreMega\libcore.a(main.cpp.o)
 .debug_frame   0x00001d5c       0x90 C:\Users\Willyan\Documents\Atmel Studio\ArduinoCoreMega\libcore.a(new.cpp.o)
 .debug_frame   0x00001dec      0x1c0 C:\Users\Willyan\Documents\Atmel Studio\ArduinoCoreMega\libcore.a(Print.cpp.o)

.debug_str      0x00000000     0x48d8
 *(.debug_str)
 .debug_str     0x00000000      0x344 EDB/EDB.o
                                0x396 (size before relaxing)
 .debug_str     0x00000344       0x94 IOUtilities/IOUtilities.o
                                0x194 (size before relaxing)
 .debug_str     0x000003d8      0x207 IR/IR.o
                                0x32b (size before relaxing)
 .debug_str     0x000005df     0x22a3 Main_.o
                               0x26ea (size before relaxing)
 .debug_str     0x00002882      0x199 MathUtilities/MathUtilities.o
                                0x233 (size before relaxing)
 .debug_str     0x00002a1b      0x2cb SD/File.o
                               0x14e3 (size before relaxing)
 .debug_str     0x00002ce6      0x306 SD/SD.o
                               0x1db1 (size before relaxing)
 .debug_str     0x00002fec       0x8f SD/Sd2Card.o
                                0xd1e (size before relaxing)
 .debug_str     0x0000307b      0x9a5 SD/SdFile.o
                               0x2462 (size before relaxing)
 .debug_str     0x00003a20       0xec SD/SdVolume.o
                               0x1926 (size before relaxing)
 .debug_str     0x00003b0c       0x8e Timer/Timer.o
                                0x1a9 (size before relaxing)
 .debug_str     0x00003b9a       0xd9 Timer/TimerExtended.o
                                0x1d9 (size before relaxing)
 .debug_str     0x00003c73       0xec C:\Users\Willyan\Documents\Atmel Studio\ArduinoCoreMega\libcore.a(malloc.c.o)
                                0x15f (size before relaxing)
 .debug_str     0x00003d5f       0xab C:\Users\Willyan\Documents\Atmel Studio\ArduinoCoreMega\libcore.a(wiring.c.o)
                                0x150 (size before relaxing)
 .debug_str     0x00003e0a       0xfe C:\Users\Willyan\Documents\Atmel Studio\ArduinoCoreMega\libcore.a(wiring_digital.c.o)
                                0x1bb (size before relaxing)
 .debug_str     0x00003f08      0x53b C:\Users\Willyan\Documents\Atmel Studio\ArduinoCoreMega\libcore.a(HardwareSerial.cpp.o)
                               0x1086 (size before relaxing)
 .debug_str     0x00004443       0x64 C:\Users\Willyan\Documents\Atmel Studio\ArduinoCoreMega\libcore.a(main.cpp.o)
                                0x102 (size before relaxing)
 .debug_str     0x000044a7       0xf5 C:\Users\Willyan\Documents\Atmel Studio\ArduinoCoreMega\libcore.a(new.cpp.o)
                                0x133 (size before relaxing)
 .debug_str     0x0000459c      0x33c C:\Users\Willyan\Documents\Atmel Studio\ArduinoCoreMega\libcore.a(Print.cpp.o)
                                0xd51 (size before relaxing)

.debug_loc      0x00000000     0xa48c
 *(.debug_loc)
 .debug_loc     0x00000000      0xde2 EDB/EDB.o
 .debug_loc     0x00000de2      0x364 IOUtilities/IOUtilities.o
 .debug_loc     0x00001146      0x87f IR/IR.o
 .debug_loc     0x000019c5      0x234 Main_.o
 .debug_loc     0x00001bf9      0x520 MathUtilities/MathUtilities.o
 .debug_loc     0x00002119      0x797 SD/File.o
 .debug_loc     0x000028b0     0x1125 SD/SD.o
 .debug_loc     0x000039d5     0x12f0 SD/Sd2Card.o
 .debug_loc     0x00004cc5     0x2a99 SD/SdFile.o
 .debug_loc     0x0000775e      0xd84 SD/SdVolume.o
 .debug_loc     0x000084e2       0xa7 Timer/Timer.o
 .debug_loc     0x00008589      0x475 Timer/TimerExtended.o
 .debug_loc     0x000089fe      0x358 C:\Users\Willyan\Documents\Atmel Studio\ArduinoCoreMega\libcore.a(malloc.c.o)
 .debug_loc     0x00008d56      0x16d C:\Users\Willyan\Documents\Atmel Studio\ArduinoCoreMega\libcore.a(wiring.c.o)
 .debug_loc     0x00008ec3      0x25a C:\Users\Willyan\Documents\Atmel Studio\ArduinoCoreMega\libcore.a(wiring_digital.c.o)
 .debug_loc     0x0000911d      0x53f C:\Users\Willyan\Documents\Atmel Studio\ArduinoCoreMega\libcore.a(HardwareSerial.cpp.o)
 .debug_loc     0x0000965c       0x18 C:\Users\Willyan\Documents\Atmel Studio\ArduinoCoreMega\libcore.a(main.cpp.o)
 .debug_loc     0x00009674       0xb0 C:\Users\Willyan\Documents\Atmel Studio\ArduinoCoreMega\libcore.a(new.cpp.o)
 .debug_loc     0x00009724      0xd68 C:\Users\Willyan\Documents\Atmel Studio\ArduinoCoreMega\libcore.a(Print.cpp.o)

.debug_macinfo
 *(.debug_macinfo)
OUTPUT(Teste.elf elf32-avr)
LOAD linker stubs

.debug_ranges   0x00000000      0xc00
 .debug_ranges  0x00000000       0xb8 EDB/EDB.o
 .debug_ranges  0x000000b8       0x18 IOUtilities/IOUtilities.o
 .debug_ranges  0x000000d0       0x60 IR/IR.o
 .debug_ranges  0x00000130       0x40 Main_.o
 .debug_ranges  0x00000170       0xa8 MathUtilities/MathUtilities.o
 .debug_ranges  0x00000218       0x98 SD/File.o
 .debug_ranges  0x000002b0       0xd0 SD/SD.o
 .debug_ranges  0x00000380       0xb8 SD/Sd2Card.o
 .debug_ranges  0x00000438      0x3e8 SD/SdFile.o
 .debug_ranges  0x00000820       0x98 SD/SdVolume.o
 .debug_ranges  0x000008b8       0x30 Timer/Timer.o
 .debug_ranges  0x000008e8       0x50 Timer/TimerExtended.o
 .debug_ranges  0x00000938       0x20 C:\Users\Willyan\Documents\Atmel Studio\ArduinoCoreMega\libcore.a(malloc.c.o)
 .debug_ranges  0x00000958       0x40 C:\Users\Willyan\Documents\Atmel Studio\ArduinoCoreMega\libcore.a(wiring.c.o)
 .debug_ranges  0x00000998       0x30 C:\Users\Willyan\Documents\Atmel Studio\ArduinoCoreMega\libcore.a(wiring_digital.c.o)
 .debug_ranges  0x000009c8       0xd8 C:\Users\Willyan\Documents\Atmel Studio\ArduinoCoreMega\libcore.a(HardwareSerial.cpp.o)
 .debug_ranges  0x00000aa0       0x28 C:\Users\Willyan\Documents\Atmel Studio\ArduinoCoreMega\libcore.a(main.cpp.o)
 .debug_ranges  0x00000ac8       0x50 C:\Users\Willyan\Documents\Atmel Studio\ArduinoCoreMega\libcore.a(new.cpp.o)
 .debug_ranges  0x00000b18       0xe8 C:\Users\Willyan\Documents\Atmel Studio\ArduinoCoreMega\libcore.a(Print.cpp.o)
