Archive member included because of file (symbol)

C:\Users\Willyan\Documents\Atmel Studio\ArduinoCore\libcore.a(malloc.c.o)
                              EDB/EDB.o (malloc)
C:\Users\Willyan\Documents\Atmel Studio\ArduinoCore\libcore.a(wiring.c.o)
                              SD/Sd2Card.o (millis)
C:\Users\Willyan\Documents\Atmel Studio\ArduinoCore\libcore.a(wiring_digital.c.o)
                              Main_.o (pinMode)
C:\Users\Willyan\Documents\Atmel Studio\ArduinoCore\libcore.a(HardwareSerial.cpp.o)
                              IR.o (Serial)
C:\Users\Willyan\Documents\Atmel Studio\ArduinoCore\libcore.a(main.cpp.o)
                              c:/program files (x86)/atmel/atmel studio 6.0/extensions/atmel/avrgcc/3.4.1.95/avrtoolchain/bin/../lib/gcc/avr/4.6.2/../../../../avr/lib/avr5/crtm328p.o (main)
C:\Users\Willyan\Documents\Atmel Studio\ArduinoCore\libcore.a(new.cpp.o)
                              File.o (__cxa_pure_virtual)
C:\Users\Willyan\Documents\Atmel Studio\ArduinoCore\libcore.a(Print.cpp.o)
                              File.o (Print::write(unsigned char const*, unsigned int))
C:\Users\Willyan\Documents\Atmel Studio\ArduinoCore\libcore.a(WString.cpp.o)
                              C:\Users\Willyan\Documents\Atmel Studio\ArduinoCore\libcore.a(Print.cpp.o) (String::operator[](unsigned int) const)
C:\Users\Willyan\Documents\Atmel Studio\ArduinoCore\libcore.a(realloc.c.o)
                              C:\Users\Willyan\Documents\Atmel Studio\ArduinoCore\libcore.a(WString.cpp.o) (realloc)
c:/program files (x86)/atmel/atmel studio 6.0/extensions/atmel/avrgcc/3.4.1.95/avrtoolchain/bin/../lib/gcc/avr/4.6.2/../../../../avr/lib/avr5\libm.a(addsf3.o)
                              C:\Users\Willyan\Documents\Atmel Studio\ArduinoCore\libcore.a(Print.cpp.o) (__subsf3)
c:/program files (x86)/atmel/atmel studio 6.0/extensions/atmel/avrgcc/3.4.1.95/avrtoolchain/bin/../lib/gcc/avr/4.6.2/../../../../avr/lib/avr5\libm.a(addsf3x.o)
                              c:/program files (x86)/atmel/atmel studio 6.0/extensions/atmel/avrgcc/3.4.1.95/avrtoolchain/bin/../lib/gcc/avr/4.6.2/../../../../avr/lib/avr5\libm.a(addsf3.o) (__addsf3x)
c:/program files (x86)/atmel/atmel studio 6.0/extensions/atmel/avrgcc/3.4.1.95/avrtoolchain/bin/../lib/gcc/avr/4.6.2/../../../../avr/lib/avr5\libm.a(cmpsf2.o)
                              C:\Users\Willyan\Documents\Atmel Studio\ArduinoCore\libcore.a(Print.cpp.o) (__ltsf2)
c:/program files (x86)/atmel/atmel studio 6.0/extensions/atmel/avrgcc/3.4.1.95/avrtoolchain/bin/../lib/gcc/avr/4.6.2/../../../../avr/lib/avr5\libm.a(divsf3.o)
                              C:\Users\Willyan\Documents\Atmel Studio\ArduinoCore\libcore.a(Print.cpp.o) (__divsf3)
c:/program files (x86)/atmel/atmel studio 6.0/extensions/atmel/avrgcc/3.4.1.95/avrtoolchain/bin/../lib/gcc/avr/4.6.2/../../../../avr/lib/avr5\libm.a(divsf3x.o)
                              c:/program files (x86)/atmel/atmel studio 6.0/extensions/atmel/avrgcc/3.4.1.95/avrtoolchain/bin/../lib/gcc/avr/4.6.2/../../../../avr/lib/avr5\libm.a(divsf3.o) (__divsf3x)
c:/program files (x86)/atmel/atmel studio 6.0/extensions/atmel/avrgcc/3.4.1.95/avrtoolchain/bin/../lib/gcc/avr/4.6.2/../../../../avr/lib/avr5\libm.a(fixsfsi.o)
                              C:\Users\Willyan\Documents\Atmel Studio\ArduinoCore\libcore.a(Print.cpp.o) (__fixsfsi)
c:/program files (x86)/atmel/atmel studio 6.0/extensions/atmel/avrgcc/3.4.1.95/avrtoolchain/bin/../lib/gcc/avr/4.6.2/../../../../avr/lib/avr5\libm.a(fixunssfsi.o)
                              C:\Users\Willyan\Documents\Atmel Studio\ArduinoCore\libcore.a(Print.cpp.o) (__fixunssfsi)
c:/program files (x86)/atmel/atmel studio 6.0/extensions/atmel/avrgcc/3.4.1.95/avrtoolchain/bin/../lib/gcc/avr/4.6.2/../../../../avr/lib/avr5\libm.a(floatsisf.o)
                              C:\Users\Willyan\Documents\Atmel Studio\ArduinoCore\libcore.a(Print.cpp.o) (__floatunsisf)
c:/program files (x86)/atmel/atmel studio 6.0/extensions/atmel/avrgcc/3.4.1.95/avrtoolchain/bin/../lib/gcc/avr/4.6.2/../../../../avr/lib/avr5\libm.a(fp_cmp.o)
                              c:/program files (x86)/atmel/atmel studio 6.0/extensions/atmel/avrgcc/3.4.1.95/avrtoolchain/bin/../lib/gcc/avr/4.6.2/../../../../avr/lib/avr5\libm.a(cmpsf2.o) (__fp_cmp)
c:/program files (x86)/atmel/atmel studio 6.0/extensions/atmel/avrgcc/3.4.1.95/avrtoolchain/bin/../lib/gcc/avr/4.6.2/../../../../avr/lib/avr5\libm.a(fp_inf.o)
                              c:/program files (x86)/atmel/atmel studio 6.0/extensions/atmel/avrgcc/3.4.1.95/avrtoolchain/bin/../lib/gcc/avr/4.6.2/../../../../avr/lib/avr5\libm.a(addsf3x.o) (__fp_inf)
c:/program files (x86)/atmel/atmel studio 6.0/extensions/atmel/avrgcc/3.4.1.95/avrtoolchain/bin/../lib/gcc/avr/4.6.2/../../../../avr/lib/avr5\libm.a(fp_nan.o)
                              c:/program files (x86)/atmel/atmel studio 6.0/extensions/atmel/avrgcc/3.4.1.95/avrtoolchain/bin/../lib/gcc/avr/4.6.2/../../../../avr/lib/avr5\libm.a(addsf3x.o) (__fp_nan)
[...]
Memory Configuration

Name             Origin             Length             Attributes
text             0x00000000         0x00020000         xr
data             0x00800060         0x0000ffa0         rw !x
eeprom           0x00810000         0x00010000         rw !x
fuse             0x00820000         0x00000400         rw !x
lock             0x00830000         0x00000400         rw !x
signature        0x00840000         0x00000400         rw !x
*default*        0x00000000         0xffffffff

Linker script and memory map

Address of section .data set to 0x800100
LOAD c:/program files (x86)/atmel/atmel studio 6.0/extensions/atmel/avrgcc/3.4.1.95/avrtoolchain/bin/../lib/gcc/avr/4.6.2/../../../../avr/lib/avr5/crtm328p.o
LOAD CFile1.o
LOAD EDB/EDB.o
LOAD File.o
LOAD IOUtilities.o
LOAD MathUtilities.o
LOAD IR.o
LOAD IRExtended.o
LOAD Main_.o
LOAD SD/SD.o
LOAD SD/Sd2Card.o
LOAD SD/SdFile.o
LOAD SD/SdVolume.o
LOAD SPI.o
LOAD TimeBsdCode.o
LOAD Timer.o
LOAD TimerExtended.o
START GROUP
LOAD c:/program files (x86)/atmel/atmel studio 6.0/extensions/atmel/avrgcc/3.4.1.95/avrtoolchain/bin/../lib/gcc/avr/4.6.2/../../../../avr/lib/avr5\libm.a
LOAD C:\Users\Willyan\Documents\Atmel Studio\ArduinoCore\libcore.a
END GROUP
LOAD c:/program files (x86)/atmel/atmel studio 6.0/extensions/atmel/avrgcc/3.4.1.95/avrtoolchain/bin/../lib/gcc/avr/4.6.2/avr5\libgcc.a
LOAD c:/program files (x86)/atmel/atmel studio 6.0/extensions/atmel/avrgcc/3.4.1.95/avrtoolchain/bin/../lib/gcc/avr/4.6.2/../../../../avr/lib/avr5\libm.a
LOAD c:/program files (x86)/atmel/atmel studio 6.0/extensions/atmel/avrgcc/3.4.1.95/avrtoolchain/bin/../lib/gcc/avr/4.6.2/avr5\libgcc.a
LOAD c:/program files (x86)/atmel/atmel studio 6.0/extensions/atmel/avrgcc/3.4.1.95/avrtoolchain/bin/../lib/gcc/avr/4.6.2/../../../../avr/lib/avr5\libc.a
LOAD c:/program files (x86)/atmel/atmel studio 6.0/extensions/atmel/avrgcc/3.4.1.95/avrtoolchain/bin/../lib/gcc/avr/4.6.2/avr5\libgcc.a

.hash
 *(.hash)

.dynsym
 *(.dynsym)

.dynstr
 *(.dynstr)

.gnu.version
 *(.gnu.version)

.gnu.version_d
 *(.gnu.version_d)

.gnu.version_r
 *(.gnu.version_r)

.rel.init
 *(.rel.init)

.rela.init
 *(.rela.init)

.rel.text
 *(.rel.text)
 *(.rel.text.*)
 *(.rel.gnu.linkonce.t*)

.rela.text
 *(.rela.text)
 *(.rela.text.*)
 *(.rela.gnu.linkonce.t*)

.rel.fini
 *(.rel.fini)

.rela.fini
 *(.rela.fini)

.rel.rodata
 *(.rel.rodata)
 *(.rel.rodata.*)
 *(.rel.gnu.linkonce.r*)

.rela.rodata
 *(.rela.rodata)
 *(.rela.rodata.*)
 *(.rela.gnu.linkonce.r*)

.rel.data
 *(.rel.data)
 *(.rel.data.*)
 *(.rel.gnu.linkonce.d*)

.rela.data
 *(.rela.data)
 *(.rela.data.*)
 *(.rela.gnu.linkonce.d*)

.rel.ctors
 *(.rel.ctors)

.rela.ctors
 *(.rela.ctors)

.rel.dtors
 *(.rel.dtors)

.rela.dtors
 *(.rela.dtors)

.rel.got
 *(.rel.got)

.rela.got
 *(.rela.got)

.rel.bss
 *(.rel.bss)

.rela.bss
 *(.rela.bss)

.rel.plt
 *(.rel.plt)

.rela.plt
 *(.rela.plt)

.text           0x00000000     0x3bb8
 *(.vectors)
 .vectors       0x00000000       0x68 c:/program files (x86)/atmel/atmel studio 6.0/extensions/atmel/avrgcc/3.4.1.95/avrtoolchain/bin/../lib/gcc/avr/4.6.2/../../../../avr/lib/avr5/crtm328p.o
                0x00000000                __vector_default
                0x00000000                __vectors
 *(.vectors)
 *(.progmem.gcc*)
 *(.progmem*)
 .progmem.data  0x00000068       0x10 SD/SdFile.o
 .progmem.data  0x00000078       0x5a C:\Users\Willyan\Documents\Atmel Studio\ArduinoCore\libcore.a(wiring_digital.c.o)
                0x00000078                port_to_mode_PGM
                0x00000082                port_to_output_PGM
                0x0000008c                port_to_input_PGM
                0x00000096                digital_pin_to_port_PGM
                0x000000aa                digital_pin_to_bit_mask_PGM
                0x000000be                digital_pin_to_timer_PGM
                0x000000d2                . = ALIGN (0x2)
                0x000000d2                __trampolines_start = .
 *(.trampolines)
 .trampolines   0x000000d2        0x0 linker stubs
 *(.trampolines*)
                0x000000d2                __trampolines_end = .
 *(.jumptables)
 *(.jumptables*)
 *(.lowtext)
 *(.lowtext*)
                0x000000d2                __ctors_start = .
 *(.ctors)
 .ctors         0x000000d2        0x2 Main_.o
 .ctors         0x000000d4        0x2 SD/SD.o
 .ctors         0x000000d6        0x2 C:\Users\Willyan\Documents\Atmel Studio\ArduinoCore\libcore.a(HardwareSerial.cpp.o)
                0x000000d8                __ctors_end = .
                0x000000d8                __dtors_start = .
 *(.dtors)
 .dtors         0x000000d8        0x2 Main_.o
                0x000000da                __dtors_end = .
 SORT(*)(.ctors)
 SORT(*)(.dtors)
 *(.init0)
 .init0         0x000000da        0x0 c:/program files (x86)/atmel/atmel studio 6.0/extensions/atmel/avrgcc/3.4.1.95/avrtoolchain/bin/../lib/gcc/avr/4.6.2/../../../../avr/lib/avr5/crtm328p.o
                0x000000da                __init
 *(.init0)
 *(.init1)
 *(.init1)
 *(.init2)
 .init2         0x000000da        0xc c:/program files (x86)/atmel/atmel studio 6.0/extensions/atmel/avrgcc/3.4.1.95/avrtoolchain/bin/../lib/gcc/avr/4.6.2/../../../../avr/lib/avr5/crtm328p.o
 *(.init2)
 *(.init3)
 *(.init3)
 *(.init4)
 .init4         0x000000e6       0x16 c:/program files (x86)/atmel/atmel studio 6.0/extensions/atmel/avrgcc/3.4.1.95/avrtoolchain/bin/../lib/gcc/avr/4.6.2/avr5\libgcc.a(_copy_data.o)
                0x000000e6                __do_copy_data
 .init4         0x000000fc       0x10 c:/program files (x86)/atmel/atmel studio 6.0/extensions/atmel/avrgcc/3.4.1.95/avrtoolchain/bin/../lib/gcc/avr/4.6.2/avr5\libgcc.a(_clear_bss.o)
                0x000000fc                __do_clear_bss
 *(.init4)
 *(.init5)
 *(.init5)
 *(.init6)
 .init6         0x0000010c       0x16 c:/program files (x86)/atmel/atmel studio 6.0/extensions/atmel/avrgcc/3.4.1.95/avrtoolchain/bin/../lib/gcc/avr/4.6.2/avr5\libgcc.a(_ctors.o)
                0x0000010c                __do_global_ctors
 *(.init6)
 *(.init7)
 *(.init7)
 *(.init8)
 *(.init8)
 *(.init9)
 .init9         0x00000122        0x8 c:/program files (x86)/atmel/atmel studio 6.0/extensions/atmel/avrgcc/3.4.1.95/avrtoolchain/bin/../lib/gcc/avr/4.6.2/../../../../avr/lib/avr5/crtm328p.o
 *(.init9)
 *(.text)
 .text          0x0000012a        0x4 c:/program files (x86)/atmel/atmel studio 6.0/extensions/atmel/avrgcc/3.4.1.95/avrtoolchain/bin/../lib/gcc/avr/4.6.2/../../../../avr/lib/avr5/crtm328p.o
                0x0000012a                __vector_22
                0x0000012a                __vector_1
                0x0000012a                __vector_24
                0x0000012a                __vector_12
                0x0000012a                __bad_interrupt
                0x0000012a                __vector_6
                0x0000012a                __vector_3
                0x0000012a                __vector_23
                0x0000012a                __vector_25
                0x0000012a                __vector_11
                0x0000012a                __vector_13
                0x0000012a                __vector_17
                0x0000012a                __vector_7
                0x0000012a                __vector_5
                0x0000012a                __vector_4
                0x0000012a                __vector_9
                0x0000012a                __vector_2
                0x0000012a                __vector_21
                0x0000012a                __vector_15
                0x0000012a                __vector_8
                0x0000012a                __vector_14
                0x0000012a                __vector_10
                0x0000012a                __vector_20
                0x0000012e                . = ALIGN (0x2)
 *(.text.*)
 .text._ZN3EDB7edbReadEmPhj
                0x0000012e       0x74 EDB/EDB.o
                0x0000012e                EDB::edbRead(unsigned long, unsigned char*, unsigned int)
 .text._ZN3EDBC2EPFvmhEPFhmE
                0x000001a2        0xc EDB/EDB.o
                0x000001a2                EDB::EDB(void (*)(unsigned long, unsigned char), unsigned char (*)(unsigned long))
                0x000001a2                EDB::EDB(void (*)(unsigned long, unsigned char), unsigned char (*)(unsigned long))
 .text._ZN3EDB7readRecEmPh
                0x000001ae       0x76 EDB/EDB.o
                0x000001ae                EDB::readRec(unsigned long, unsigned char*)
 .text._ZN3EDB5countEv
                0x00000224        0xc EDB/EDB.o
                0x00000224                EDB::count()
 .text._ZN4File5writeEh
                0x00000230       0x2c File.o
                0x00000230                File::write(unsigned char)
 .text._ZN4File5flushEv
                0x0000025c       0x10 File.o
                0x0000025c                File::flush()
 .text._ZN4File5writeEPKhj
                0x0000026c       0x38 File.o
                0x0000026c                File::write(unsigned char const*, unsigned int)
 .text._ZN6SdFile4readEv
                0x000002a4       0x30 File.o
                0x000002a4                SdFile::read()
 .text._ZN4File4readEv
                0x000002d4       0x16 File.o
                0x000002d4                File::read()
 .text._ZN4File4peekEv
                0x000002ea       0x4c File.o
                0x000002ea                File::peek()
 .text._ZN4FileC2E6SdFilePKc
                0x00000336       0x8a File.o
                0x00000336                File::File(SdFile, char const*)
                0x00000336                File::File(SdFile, char const*)
 .text._ZN4FileC2Ev
                0x000003c0       0x26 File.o
                0x000003c0                File::File()
                0x000003c0                File::File()
 .text._ZN4FileD2Ev
                0x000003e6        0xc File.o
                0x000003e6                File::~File()
                0x000003e6                File::~File()
 .text._ZN4File4seekEm
                0x000003f2       0x14 File.o
                0x000003f2                File::seek(unsigned long)
 .text._ZN4File8positionEv
                0x00000406       0x2c File.o
                0x00000406                File::position()
 .text._ZN4File4sizeEv
                0x00000432       0x2c File.o
                0x00000432                File::size()
 .text._ZN4File9availableEv
                0x0000045e       0x66 File.o
                0x0000045e                File::available()
 .text._Z10whileInputbiiRjib
                0x000004c4       0xb8 IOUtilities.o
                0x000004c4                whileInput(bool, int, int, unsigned int&, int, bool)
 .text._Z10whileInputbimRmib
                0x0000057c       0xea IOUtilities.o
                0x0000057c                whileInput(bool, int, unsigned long, unsigned long&, int, bool)
 .text._ZN2IRD1Ev
                0x00000666        0xc IR.o
                0x00000666                IR::~IR()
 .text._ZN2IR5teachEi
                0x00000672        0x6 IR.o
                0x00000672                IR::teach(int)
 .text._ZN2IR4playEi
                0x00000678        0x6 IR.o
                0x00000678                IR::play(int)
 .text._ZN2IRD0Ev
                0x0000067e       0x10 IR.o
                0x0000067e                IR::~IR()
 .text._Z6readerm
                0x0000068e       0x1e Main_.o
                0x0000068e                reader(unsigned long)
 .text._Z6writermh
                0x000006ac       0x38 Main_.o
                0x000006ac                writer(unsigned long, unsigned char)
 .text._Z41__static_initialization_and_destruction_0ii.constprop.3
                0x000006e4       0x2e Main_.o
 .text.setup    0x00000712      0x202 Main_.o
                0x00000712                setup
 .text.loop     0x00000914        0x2 Main_.o
                0x00000914                loop
 .text.startup._GLOBAL__sub_I_dbFile
                0x00000916        0xa Main_.o
 .text.exit._GLOBAL__sub_D_dbFile
                0x00000920        0xa Main_.o
 .text._ZN7SDClass5beginEh
                0x0000092a       0x54 SD/SD.o
                0x0000092a                SDClass::begin(unsigned char)
 .text._ZN6SdFileC1ERKS_
                0x0000097e       0xa2 SD/SD.o
                0x0000097e                SdFile::SdFile(SdFile const&)
 .text._ZN7SDClass12getParentDirEPKcPi
                0x00000a20      0x130 SD/SD.o
                0x00000a20                SDClass::getParentDir(char const*, int*)
 .text._ZN7SDClass4openEPKch
                0x00000b50      0x118 SD/SD.o
                0x00000b50                SDClass::open(char const*, unsigned char)
 .text.startup._GLOBAL__sub_I__Z20getNextPathComponentPcPjS_
                0x00000c68       0x46 SD/SD.o
 .text._ZL7spiSendh
                0x00000cae        0xa SD/Sd2Card.o
 .text._ZL6spiRecv
                0x00000cb8        0xa SD/Sd2Card.o
 .text._ZN7Sd2Card14chipSelectHighEv
                0x00000cc2        0xc SD/Sd2Card.o
                0x00000cc2                Sd2Card::chipSelectHigh()
 .text._ZN7Sd2Card13chipSelectLowEv
                0x00000cce        0xc SD/Sd2Card.o
                0x00000cce                Sd2Card::chipSelectLow()
 .text._ZN7Sd2Card7readEndEv
                0x00000cda       0x46 SD/Sd2Card.o
                0x00000cda                Sd2Card::readEnd()
 .text._ZN7Sd2Card10setSckRateEh
                0x00000d20       0x44 SD/Sd2Card.o
                0x00000d20                Sd2Card::setSckRate(unsigned char)
 .text._ZN7Sd2Card11waitNotBusyEj
                0x00000d64       0x38 SD/Sd2Card.o
                0x00000d64                Sd2Card::waitNotBusy(unsigned int)
 .text._ZN7Sd2Card11cardCommandEhm
                0x00000d9c       0x9e SD/Sd2Card.o
                0x00000d9c                Sd2Card::cardCommand(unsigned char, unsigned long)
 .text._ZN7Sd2Card4initEhh
                0x00000e3a      0x18c SD/Sd2Card.o
                0x00000e3a                Sd2Card::init(unsigned char, unsigned char)
 .text._ZN7Sd2Card14waitStartBlockEv
                0x00000fc6       0x50 SD/Sd2Card.o
                0x00000fc6                Sd2Card::waitStartBlock()
 .text._ZN7Sd2Card8readDataEmjjPh
                0x00001016      0x140 SD/Sd2Card.o
                0x00001016                Sd2Card::readData(unsigned long, unsigned int, unsigned int, unsigned char*)
 .text._ZN7Sd2Card9readBlockEmPh
                0x00001156       0x20 SD/Sd2Card.o
                0x00001156                Sd2Card::readBlock(unsigned long, unsigned char*)
 .text._ZN7Sd2Card9writeDataEhPKh
                0x00001176       0x62 SD/Sd2Card.o
                0x00001176                Sd2Card::writeData(unsigned char, unsigned char const*)
 .text._ZN7Sd2Card10writeBlockEmPKh
                0x000011d8       0xb0 SD/Sd2Card.o
                0x000011d8                Sd2Card::writeBlock(unsigned long, unsigned char const*)
 .text._ZN6SdFile10addClusterEv
                0x00001288       0x54 SD/SdFile.o
                0x00001288                SdFile::addCluster()
 .text._ZN6SdFile13addDirClusterEv
                0x000012dc       0xc8 SD/SdFile.o
                0x000012dc                SdFile::addDirCluster()
 .text._ZN6SdFile13cacheDirEntryEh
                0x000013a4       0x3a SD/SdFile.o
                0x000013a4                SdFile::cacheDirEntry(unsigned char)
 .text._ZN6SdFile10make83NameEPKcPh
                0x000013de       0x6e SD/SdFile.o
                0x000013de                SdFile::make83Name(char const*, unsigned char*)
 .text._ZN6SdFile8openRootEP8SdVolume
                0x0000144c       0xa2 SD/SdFile.o
                0x0000144c                SdFile::openRoot(SdVolume*)
 .text._ZN6SdFile4readEPvj
                0x000014ee      0x294 SD/SdFile.o
                0x000014ee                SdFile::read(void*, unsigned int)
 .text._ZN6SdFile12readDirCacheEv
                0x00001782       0x94 SD/SdFile.o
                0x00001782                SdFile::readDirCache()
 .text._ZN6SdFile7seekSetEm
                0x00001816      0x134 SD/SdFile.o
                0x00001816                SdFile::seekSet(unsigned long)
 .text._ZN6SdFile4syncEv
                0x0000194a       0x8a SD/SdFile.o
                0x0000194a                SdFile::sync()
 .text._ZN6SdFile5closeEv
                0x000019d4       0x1c SD/SdFile.o
                0x000019d4                SdFile::close()
 .text._ZN6SdFile8truncateEm
                0x000019f0      0x19a SD/SdFile.o
                0x000019f0                SdFile::truncate(unsigned long)
 .text._ZN6SdFile15openCachedEntryEhh
                0x00001b8a       0xdc SD/SdFile.o
                0x00001b8a                SdFile::openCachedEntry(unsigned char, unsigned char)
 .text._ZN6SdFile4openEPS_PKch
                0x00001c66      0x1ec SD/SdFile.o
                0x00001c66                SdFile::open(SdFile*, char const*, unsigned char)
 .text._ZN6SdFile5writeEPKvj
                0x00001e52      0x35c SD/SdFile.o
                0x00001e52                SdFile::write(void const*, unsigned int)
 .text._ZN6SdFile5writeEh
                0x000021ae       0x22 SD/SdFile.o
                0x000021ae                SdFile::write(unsigned char)
 .text._ZN8SdVolume10cacheFlushEv
                0x000021d0       0x7c SD/SdVolume.o
                0x000021d0                SdVolume::cacheFlush()
 .text._ZN8SdVolume13cacheRawBlockEmh
                0x0000224c       0x76 SD/SdVolume.o
                0x0000224c                SdVolume::cacheRawBlock(unsigned long, unsigned char)
 .text._ZN8SdVolume14cacheZeroBlockEm
                0x000022c2       0x52 SD/SdVolume.o
                0x000022c2                SdVolume::cacheZeroBlock(unsigned long)
 .text._ZNK8SdVolume6fatGetEmPm
                0x00002314      0x10c SD/SdVolume.o
                0x00002314                SdVolume::fatGet(unsigned long, unsigned long*) const
 .text._ZNK8SdVolume9chainSizeEmPm
                0x00002420       0xd6 SD/SdVolume.o
                0x00002420                SdVolume::chainSize(unsigned long, unsigned long*) const
 .text._ZN8SdVolume6fatPutEmm
                0x000024f6      0x154 SD/SdVolume.o
                0x000024f6                SdVolume::fatPut(unsigned long, unsigned long)
 .text._ZN8SdVolume15allocContiguousEmPm
                0x0000264a      0x22a SD/SdVolume.o
                0x0000264a                SdVolume::allocContiguous(unsigned long, unsigned long*)
 .text._ZN8SdVolume9freeChainEm
                0x00002874       0xac SD/SdVolume.o
                0x00002874                SdVolume::freeChain(unsigned long)
 .text._ZN8SdVolume4initEP7Sd2Cardh
                0x00002920      0x258 SD/SdVolume.o
                0x00002920                SdVolume::init(Sd2Card*, unsigned char)
 .text._ZN11TimeBsdCode5pulseElil
                0x00002b78       0xac TimeBsdCode.o
                0x00002b78                TimeBsdCode::pulse(long, int, long)
 .text._ZN11TimeBsdCode4playEi
                0x00002c24       0xa6 TimeBsdCode.o
                0x00002c24                TimeBsdCode::play(int)
 .text._ZN11TimeBsdCode7captureEibi
                0x00002cca      0x158 TimeBsdCode.o
                0x00002cca                TimeBsdCode::capture(int, bool, int)
 .text._ZN11TimeBsdCode5teachEi
                0x00002e22       0x4a TimeBsdCode.o
                0x00002e22                TimeBsdCode::teach(int)
 .text.avr-libc
                0x00002e6c      0x26a C:\Users\Willyan\Documents\Atmel Studio\ArduinoCore\libcore.a(malloc.c.o)
                0x00002e6c                malloc
                0x00002fa6                free
 .text.__vector_16
                0x000030d6       0x90 C:\Users\Willyan\Documents\Atmel Studio\ArduinoCore\libcore.a(wiring.c.o)
                0x000030d6                __vector_16
 .text.millis   0x00003166       0x1c C:\Users\Willyan\Documents\Atmel Studio\ArduinoCore\libcore.a(wiring.c.o)
                0x00003166                millis
 .text.delayMicroseconds
                0x00003182       0x14 C:\Users\Willyan\Documents\Atmel Studio\ArduinoCore\libcore.a(wiring.c.o)
                0x00003182                delayMicroseconds
 .text.init     0x00003196       0x76 C:\Users\Willyan\Documents\Atmel Studio\ArduinoCore\libcore.a(wiring.c.o)
                0x00003196                init
 .text.pinMode  0x0000320c       0x7e C:\Users\Willyan\Documents\Atmel Studio\ArduinoCore\libcore.a(wiring_digital.c.o)
                0x0000320c                pinMode
 .text.digitalWrite
                0x0000328a       0xa8 C:\Users\Willyan\Documents\Atmel Studio\ArduinoCore\libcore.a(wiring_digital.c.o)
                0x0000328a                digitalWrite
 .text._Z11serialEventv
                0x00003332        0x2 C:\Users\Willyan\Documents\Atmel Studio\ArduinoCore\libcore.a(HardwareSerial.cpp.o)
                0x00003332                serialEvent()
 .text.__vector_18
                0x00003334       0x76 C:\Users\Willyan\Documents\Atmel Studio\ArduinoCore\libcore.a(HardwareSerial.cpp.o)
                0x00003334                __vector_18
 .text._Z14serialEventRunv
                0x000033aa       0x26 C:\Users\Willyan\Documents\Atmel Studio\ArduinoCore\libcore.a(HardwareSerial.cpp.o)
                0x000033aa                serialEventRun()
 .text.__vector_19
                0x000033d0       0x76 C:\Users\Willyan\Documents\Atmel Studio\ArduinoCore\libcore.a(HardwareSerial.cpp.o)
                0x000033d0                __vector_19
 .text._ZN14HardwareSerial5beginEm
                0x00003446      0x10e C:\Users\Willyan\Documents\Atmel Studio\ArduinoCore\libcore.a(HardwareSerial.cpp.o)
                0x00003446                HardwareSerial::begin(unsigned long)
 .text._ZN14HardwareSerial9availableEv
                0x00003554       0x22 C:\Users\Willyan\Documents\Atmel Studio\ArduinoCore\libcore.a(HardwareSerial.cpp.o)
                0x00003554                HardwareSerial::available()
 .text._ZN14HardwareSerial4peekEv
                0x00003576       0x40 C:\Users\Willyan\Documents\Atmel Studio\ArduinoCore\libcore.a(HardwareSerial.cpp.o)
                0x00003576                HardwareSerial::peek()
 .text._ZN14HardwareSerial4readEv
                0x000035b6       0x52 C:\Users\Willyan\Documents\Atmel Studio\ArduinoCore\libcore.a(HardwareSerial.cpp.o)
                0x000035b6                HardwareSerial::read()
 .text._ZN14HardwareSerial5flushEv
                0x00003608       0x20 C:\Users\Willyan\Documents\Atmel Studio\ArduinoCore\libcore.a(HardwareSerial.cpp.o)
                0x00003608                HardwareSerial::flush()
 .text._ZN14HardwareSerial5writeEh
                0x00003628       0x80 C:\Users\Willyan\Documents\Atmel Studio\ArduinoCore\libcore.a(HardwareSerial.cpp.o)
                0x00003628                HardwareSerial::write(unsigned char)
 .text._GLOBAL__I_rx_buffer
                0x000036a8       0xac C:\Users\Willyan\Documents\Atmel Studio\ArduinoCore\libcore.a(HardwareSerial.cpp.o)
 .text.main     0x00003754       0x1e C:\Users\Willyan\Documents\Atmel Studio\ArduinoCore\libcore.a(main.cpp.o)
                0x00003754                main
 .text.__cxa_pure_virtual
                0x00003772        0x2 C:\Users\Willyan\Documents\Atmel Studio\ArduinoCore\libcore.a(new.cpp.o)
                0x00003772                __cxa_pure_virtual
 .text._ZdlPv   0x00003774        0x6 C:\Users\Willyan\Documents\Atmel Studio\ArduinoCore\libcore.a(new.cpp.o)
                0x00003774                operator delete(void*)
 .text._ZN5Print5writeEPKhj
                0x0000377a       0x54 C:\Users\Willyan\Documents\Atmel Studio\ArduinoCore\libcore.a(Print.cpp.o)
                0x0000377a                Print::write(unsigned char const*, unsigned int)
 .text._ZN5Print7printlnEv
                0x000037ce       0x40 C:\Users\Willyan\Documents\Atmel Studio\ArduinoCore\libcore.a(Print.cpp.o)
                0x000037ce                Print::println()
 .text._ZN5Print5writeEPKc
                0x0000380e       0x38 C:\Users\Willyan\Documents\Atmel Studio\ArduinoCore\libcore.a(Print.cpp.o)
                0x0000380e                Print::write(char const*)
 .text._ZN5Print11printNumberEmh
                0x00003846       0xc8 C:\Users\Willyan\Documents\Atmel Studio\ArduinoCore\libcore.a(Print.cpp.o)
                0x00003846                Print::printNumber(unsigned long, unsigned char)
 .text._ZN5Print5printEmi
                0x0000390e       0x1e C:\Users\Willyan\Documents\Atmel Studio\ArduinoCore\libcore.a(Print.cpp.o)
                0x0000390e                Print::print(unsigned long, int)
 .text._ZN5Print7printlnEmi
                0x0000392c       0x28 C:\Users\Willyan\Documents\Atmel Studio\ArduinoCore\libcore.a(Print.cpp.o)
                0x0000392c                Print::println(unsigned long, int)
 .text._ZN5Print5printEli
                0x00003954       0x80 C:\Users\Willyan\Documents\Atmel Studio\ArduinoCore\libcore.a(Print.cpp.o)
                0x00003954                Print::print(long, int)
 .text._ZN5Print7printlnEii
                0x000039d4       0x3e C:\Users\Willyan\Documents\Atmel Studio\ArduinoCore\libcore.a(Print.cpp.o)
                0x000039d4                Print::println(int, int)
 .text._ZN5Print5printEPKc
                0x00003a12        0x6 C:\Users\Willyan\Documents\Atmel Studio\ArduinoCore\libcore.a(Print.cpp.o)
                0x00003a12                Print::print(char const*)
 .text._ZN5Print7printlnEPKc
                0x00003a18       0x26 C:\Users\Willyan\Documents\Atmel Studio\ArduinoCore\libcore.a(Print.cpp.o)
                0x00003a18                Print::println(char const*)
 .text.libgcc   0x00003a3e       0x3e c:/program files (x86)/atmel/atmel studio 6.0/extensions/atmel/avrgcc/3.4.1.95/avrtoolchain/bin/../lib/gcc/avr/4.6.2/avr5\libgcc.a(_mulsi3.o)
                0x00003a3e                __mulsi3
 .text.libgcc   0x00003a7c       0x26 c:/program files (x86)/atmel/atmel studio 6.0/extensions/atmel/avrgcc/3.4.1.95/avrtoolchain/bin/../lib/gcc/avr/4.6.2/avr5\libgcc.a(_divmodhi4.o)
                0x00003a7c                _div
                0x00003a7c                __divmodhi4
 .text.libgcc   0x00003aa2       0x44 c:/program files (x86)/atmel/atmel studio 6.0/extensions/atmel/avrgcc/3.4.1.95/avrtoolchain/bin/../lib/gcc/avr/4.6.2/avr5\libgcc.a(_udivmodsi4.o)
                0x00003aa2                __udivmodsi4
 .text.libgcc   0x00003ae6       0x36 c:/program files (x86)/atmel/atmel studio 6.0/extensions/atmel/avrgcc/3.4.1.95/avrtoolchain/bin/../lib/gcc/avr/4.6.2/avr5\libgcc.a(_divmodsi4.o)
                0x00003ae6                __divmodsi4
 .text.libgcc   0x00003b1c       0x28 c:/program files (x86)/atmel/atmel studio 6.0/extensions/atmel/avrgcc/3.4.1.95/avrtoolchain/bin/../lib/gcc/avr/4.6.2/avr5\libgcc.a(_udivmodhi4.o)
                0x00003b1c                __udivmodhi4
 .text.libgcc   0x00003b44        0xc c:/program files (x86)/atmel/atmel studio 6.0/extensions/atmel/avrgcc/3.4.1.95/avrtoolchain/bin/../lib/gcc/avr/4.6.2/avr5\libgcc.a(_tablejump.o)
                0x00003b44                __tablejump2__
                0x00003b48                __tablejump__
 .text.avr-libc
                0x00003b50       0x1a c:/program files (x86)/atmel/atmel studio 6.0/extensions/atmel/avrgcc/3.4.1.95/avrtoolchain/bin/../lib/gcc/avr/4.6.2/../../../../avr/lib/avr5\libc.a(memcmp.o)
                0x00003b50                memcmp
 .text.avr-libc
                0x00003b6a       0x16 c:/program files (x86)/atmel/atmel studio 6.0/extensions/atmel/avrgcc/3.4.1.95/avrtoolchain/bin/../lib/gcc/avr/4.6.2/../../../../avr/lib/avr5\libc.a(strchr.o)
                0x00003b6a                strchr
 .text.avr-libc
                0x00003b80       0x1e c:/program files (x86)/atmel/atmel studio 6.0/extensions/atmel/avrgcc/3.4.1.95/avrtoolchain/bin/../lib/gcc/avr/4.6.2/../../../../avr/lib/avr5\libc.a(strncpy.o)
                0x00003b80                strncpy
                0x00003b9e                . = ALIGN (0x2)
 *(.fini9)
 .fini9         0x00003b9e        0x0 c:/program files (x86)/atmel/atmel studio 6.0/extensions/atmel/avrgcc/3.4.1.95/avrtoolchain/bin/../lib/gcc/avr/4.6.2/avr5\libgcc.a(_exit.o)
                0x00003b9e                _exit
                0x00003b9e                exit
 *(.fini9)
 *(.fini8)
 *(.fini8)
 *(.fini7)
 *(.fini7)
 *(.fini6)
 .fini6         0x00003b9e       0x16 c:/program files (x86)/atmel/atmel studio 6.0/extensions/atmel/avrgcc/3.4.1.95/avrtoolchain/bin/../lib/gcc/avr/4.6.2/avr5\libgcc.a(_dtors.o)
                0x00003b9e                __do_global_dtors
 *(.fini6)
 *(.fini5)
 *(.fini5)
 *(.fini4)
 *(.fini4)
 *(.fini3)
 *(.fini3)
 *(.fini2)
 *(.fini2)
 *(.fini1)
 *(.fini1)
 *(.fini0)
 .fini0         0x00003bb4        0x4 c:/program files (x86)/atmel/atmel studio 6.0/extensions/atmel/avrgcc/3.4.1.95/avrtoolchain/bin/../lib/gcc/avr/4.6.2/avr5\libgcc.a(_exit.o)
 *(.fini0)
                0x00003bb8                _etext = .

.data           0x00800100      0x2dc load address 0x00003bb8
                0x00800100                PROVIDE (__data_start, .)
 *(.data)
 .data          0x00800100        0x0 c:/program files (x86)/atmel/atmel studio 6.0/extensions/atmel/avrgcc/3.4.1.95/avrtoolchain/bin/../lib/gcc/avr/4.6.2/../../../../avr/lib/avr5/crtm328p.o
 .data          0x00800100        0x0 CFile1.o
 .data          0x00800100        0x0 EDB/EDB.o
 .data          0x00800100       0x20 File.o
                0x00800100                vtable for File
                0x00800110                vtable for Stream
 .data          0x00800120        0x0 IOUtilities.o
 .data          0x00800120        0x0 MathUtilities.o
 .data          0x00800120        0xc IR.o
                0x00800120                vtable for IR
 .data          0x0080012c        0x0 IRExtended.o
 .data          0x0080012c       0x95 Main_.o
 .data          0x008001c1        0x2 SD/SD.o
 .data          0x008001c3        0x0 SD/Sd2Card.o
 .data          0x008001c3        0x8 SD/SdFile.o
                0x008001c3                vtable for SdFile
 .data          0x008001cb        0x4 SD/SdVolume.o
                0x008001cb                SdVolume::cacheBlockNumber_
 .data          0x008001cf        0x0 SPI.o
 .data          0x008001cf      0x1e8 TimeBsdCode.o
                0x008003af                vtable for TimeBsdCode
 .data          0x008003b7        0x0 Timer.o
 .data          0x008003b7        0x0 TimerExtended.o
 .data          0x008003b7        0x0 C:\Users\Willyan\Documents\Atmel Studio\ArduinoCore\libcore.a(malloc.c.o)
 .data          0x008003b7        0x0 C:\Users\Willyan\Documents\Atmel Studio\ArduinoCore\libcore.a(wiring.c.o)
 .data          0x008003b7        0x0 C:\Users\Willyan\Documents\Atmel Studio\ArduinoCore\libcore.a(wiring_digital.c.o)
 .data          0x008003b7        0x0 C:\Users\Willyan\Documents\Atmel Studio\ArduinoCore\libcore.a(HardwareSerial.cpp.o)
 .data          0x008003b7        0x0 C:\Users\Willyan\Documents\Atmel Studio\ArduinoCore\libcore.a(main.cpp.o)
 .data          0x008003b7        0x0 C:\Users\Willyan\Documents\Atmel Studio\ArduinoCore\libcore.a(new.cpp.o)
 .data          0x008003b7        0xe C:\Users\Willyan\Documents\Atmel Studio\ArduinoCore\libcore.a(Print.cpp.o)
 .data          0x008003c5        0x1 C:\Users\Willyan\Documents\Atmel Studio\ArduinoCore\libcore.a(WString.cpp.o)
 .data          0x008003c6        0x0 C:\Users\Willyan\Documents\Atmel Studio\ArduinoCore\libcore.a(realloc.c.o)
 .data          0x008003c6        0x0 c:/program files (x86)/atmel/atmel studio 6.0/extensions/atmel/avrgcc/3.4.1.95/avrtoolchain/bin/../lib/gcc/avr/4.6.2/../../../../avr/lib/avr5\libm.a(addsf3.o)
 .data          0x008003c6        0x0 c:/program files (x86)/atmel/atmel studio 6.0/extensions/atmel/avrgcc/3.4.1.95/avrtoolchain/bin/../lib/gcc/avr/4.6.2/../../../../avr/lib/avr5\libm.a(addsf3x.o)
 .data          0x008003c6        0x0 c:/program files (x86)/atmel/atmel studio 6.0/extensions/atmel/avrgcc/3.4.1.95/avrtoolchain/bin/../lib/gcc/avr/4.6.2/../../../../avr/lib/avr5\libm.a(cmpsf2.o)
 .data          0x008003c6        0x0 c:/program files (x86)/atmel/atmel studio 6.0/extensions/atmel/avrgcc/3.4.1.95/avrtoolchain/bin/../lib/gcc/avr/4.6.2/../../../../avr/lib/avr5\libm.a(divsf3.o)
 .data          0x008003c6        0x0 c:/program files (x86)/atmel/atmel studio 6.0/extensions/atmel/avrgcc/3.4.1.95/avrtoolchain/bin/../lib/gcc/avr/4.6.2/../../../../avr/lib/avr5\libm.a(divsf3x.o)
 .data          0x008003c6        0x0 c:/program files (x86)/atmel/atmel studio 6.0/extensions/atmel/avrgcc/3.4.1.95/avrtoolchain/bin/../lib/gcc/avr/4.6.2/../../../../avr/lib/avr5\libm.a(fixsfsi.o)
 .data          0x008003c6        0x0 c:/program files (x86)/atmel/atmel studio 6.0/extensions/atmel/avrgcc/3.4.1.95/avrtoolchain/bin/../lib/gcc/avr/4.6.2/../../../../avr/lib/avr5\libm.a(fixunssfsi.o)
 .data          0x008003c6        0x0 c:/program files (x86)/atmel/atmel studio 6.0/extensions/atmel/avrgcc/3.4.1.95/avrtoolchain/bin/../lib/gcc/avr/4.6.2/../../../../avr/lib/avr5\libm.a(floatsisf.o)
 .data          0x008003c6        0x0 c:/program files (x86)/atmel/atmel studio 6.0/extensions/atmel/avrgcc/3.4.1.95/avrtoolchain/bin/../lib/gcc/avr/4.6.2/../../../../avr/lib/avr5\libm.a(fp_cmp.o)
 .data          0x008003c6        0x0 c:/program files (x86)/atmel/atmel studio 6.0/extensions/atmel/avrgcc/3.4.1.95/avrtoolchain/bin/../lib/gcc/avr/4.6.2/../../../../avr/lib/avr5\libm.a(fp_inf.o)
 .data          0x008003c6        0x0 c:/program files (x86)/atmel/atmel studio 6.0/extensions/atmel/avrgcc/3.4.1.95/avrtoolchain/bin/../lib/gcc/avr/4.6.2/../../../../avr/lib/avr5\libm.a(fp_nan.o)
 .data          0x008003c6        0x0 c:/program files (x86)/atmel/atmel studio 6.0/extensions/atmel/avrgcc/3.4.1.95/avrtoolchain/bin/../lib/gcc/avr/4.6.2/../../../../avr/lib/avr5\libm.a(fp_pscA.o)
 .data          0x008003c6        0x0 c:/program files (x86)/atmel/atmel studio 6.0/extensions/atmel/avrgcc/3.4.1.95/avrtoolchain/bin/../lib/gcc/avr/4.6.2/../../../../avr/lib/avr5\libm.a(fp_pscB.o)
 .data          0x008003c6        0x0 c:/program files (x86)/atmel/atmel studio 6.0/extensions/atmel/avrgcc/3.4.1.95/avrtoolchain/bin/../lib/gcc/avr/4.6.2/../../../../avr/lib/avr5\libm.a(fp_round.o)
 .data          0x008003c6        0x0 c:/program files (x86)/atmel/atmel studio 6.0/extensions/atmel/avrgcc/3.4.1.95/avrtoolchain/bin/../lib/gcc/avr/4.6.2/../../../../avr/lib/avr5\libm.a(fp_split3.o)
 .data          0x008003c6        0x0 c:/program files (x86)/atmel/atmel studio 6.0/extensions/atmel/avrgcc/3.4.1.95/avrtoolchain/bin/../lib/gcc/avr/4.6.2/../../../../avr/lib/avr5\libm.a(fp_zero.o)
 .data          0x008003c6        0x0 c:/program files (x86)/atmel/atmel studio 6.0/extensions/atmel/avrgcc/3.4.1.95/avrtoolchain/bin/../lib/gcc/avr/4.6.2/../../../../avr/lib/avr5\libm.a(gesf2.o)
 .data          0x008003c6        0x0 c:/program files (x86)/atmel/atmel studio 6.0/extensions/atmel/avrgcc/3.4.1.95/avrtoolchain/bin/../lib/gcc/avr/4.6.2/../../../../avr/lib/avr5\libm.a(mulsf3.o)
 .data          0x008003c6        0x0 c:/program files (x86)/atmel/atmel studio 6.0/extensions/atmel/avrgcc/3.4.1.95/avrtoolchain/bin/../lib/gcc/avr/4.6.2/../../../../avr/lib/avr5\libm.a(mulsf3x.o)
 .data          0x008003c6        0x0 c:/program files (x86)/atmel/atmel studio 6.0/extensions/atmel/avrgcc/3.4.1.95/avrtoolchain/bin/../lib/gcc/avr/4.6.2/../../../../avr/lib/avr5\libm.a(unordsf2.o)
 .data          0x008003c6        0x0 c:/program files (x86)/atmel/atmel studio 6.0/extensions/atmel/avrgcc/3.4.1.95/avrtoolchain/bin/../lib/gcc/avr/4.6.2/avr5\libgcc.a(_mulsi3.o)
 .data          0x008003c6        0x0 c:/program files (x86)/atmel/atmel studio 6.0/extensions/atmel/avrgcc/3.4.1.95/avrtoolchain/bin/../lib/gcc/avr/4.6.2/avr5\libgcc.a(_udivmodqi4.o)
 .data          0x008003c6        0x0 c:/program files (x86)/atmel/atmel studio 6.0/extensions/atmel/avrgcc/3.4.1.95/avrtoolchain/bin/../lib/gcc/avr/4.6.2/avr5\libgcc.a(_divmodhi4.o)
 .data          0x008003c6        0x0 c:/program files (x86)/atmel/atmel studio 6.0/extensions/atmel/avrgcc/3.4.1.95/avrtoolchain/bin/../lib/gcc/avr/4.6.2/avr5\libgcc.a(_udivmodsi4.o)
 .data          0x008003c6        0x0 c:/program files (x86)/atmel/atmel studio 6.0/extensions/atmel/avrgcc/3.4.1.95/avrtoolchain/bin/../lib/gcc/avr/4.6.2/avr5\libgcc.a(_divmodsi4.o)
 .data          0x008003c6        0x0 c:/program files (x86)/atmel/atmel studio 6.0/extensions/atmel/avrgcc/3.4.1.95/avrtoolchain/bin/../lib/gcc/avr/4.6.2/avr5\libgcc.a(_exit.o)
 .data          0x008003c6        0x0 c:/program files (x86)/atmel/atmel studio 6.0/extensions/atmel/avrgcc/3.4.1.95/avrtoolchain/bin/../lib/gcc/avr/4.6.2/avr5\libgcc.a(_copy_data.o)
 .data          0x008003c6        0x0 c:/program files (x86)/atmel/atmel studio 6.0/extensions/atmel/avrgcc/3.4.1.95/avrtoolchain/bin/../lib/gcc/avr/4.6.2/avr5\libgcc.a(_clear_bss.o)
 .data          0x008003c6        0x0 c:/program files (x86)/atmel/atmel studio 6.0/extensions/atmel/avrgcc/3.4.1.95/avrtoolchain/bin/../lib/gcc/avr/4.6.2/avr5\libgcc.a(_ctors.o)
 .data          0x008003c6        0x0 c:/program files (x86)/atmel/atmel studio 6.0/extensions/atmel/avrgcc/3.4.1.95/avrtoolchain/bin/../lib/gcc/avr/4.6.2/avr5\libgcc.a(_dtors.o)
 .data          0x008003c6        0x0 c:/program files (x86)/atmel/atmel studio 6.0/extensions/atmel/avrgcc/3.4.1.95/avrtoolchain/bin/../lib/gcc/avr/4.6.2/avr5\libgcc.a(_udivmodhi4.o)
 .data          0x008003c6        0x0 c:/program files (x86)/atmel/atmel studio 6.0/extensions/atmel/avrgcc/3.4.1.95/avrtoolchain/bin/../lib/gcc/avr/4.6.2/avr5\libgcc.a(_tablejump.o)
 .data          0x008003c6        0x0 c:/program files (x86)/atmel/atmel studio 6.0/extensions/atmel/avrgcc/3.4.1.95/avrtoolchain/bin/../lib/gcc/avr/4.6.2/../../../../avr/lib/avr5\libc.a(atol.o)
 .data          0x008003c6        0x0 c:/program files (x86)/atmel/atmel studio 6.0/extensions/atmel/avrgcc/3.4.1.95/avrtoolchain/bin/../lib/gcc/avr/4.6.2/../../../../avr/lib/avr5\libc.a(isspace.o)
 .data          0x008003c6        0x0 c:/program files (x86)/atmel/atmel studio 6.0/extensions/atmel/avrgcc/3.4.1.95/avrtoolchain/bin/../lib/gcc/avr/4.6.2/../../../../avr/lib/avr5\libc.a(tolower.o)
 .data          0x008003c6        0x0 c:/program files (x86)/atmel/atmel studio 6.0/extensions/atmel/avrgcc/3.4.1.95/avrtoolchain/bin/../lib/gcc/avr/4.6.2/../../../../avr/lib/avr5\libc.a(toupper.o)
 .data          0x008003c6        0x0 c:/program files (x86)/atmel/atmel studio 6.0/extensions/atmel/avrgcc/3.4.1.95/avrtoolchain/bin/../lib/gcc/avr/4.6.2/../../../../avr/lib/avr5\libc.a(memcmp.o)
 .data          0x008003c6        0x0 c:/program files (x86)/atmel/atmel studio 6.0/extensions/atmel/avrgcc/3.4.1.95/avrtoolchain/bin/../lib/gcc/avr/4.6.2/../../../../avr/lib/avr5\libc.a(memcpy.o)
 .data          0x008003c6        0x0 c:/program files (x86)/atmel/atmel studio 6.0/extensions/atmel/avrgcc/3.4.1.95/avrtoolchain/bin/../lib/gcc/avr/4.6.2/../../../../avr/lib/avr5\libc.a(memmove.o)
 .data          0x008003c6        0x0 c:/program files (x86)/atmel/atmel studio 6.0/extensions/atmel/avrgcc/3.4.1.95/avrtoolchain/bin/../lib/gcc/avr/4.6.2/../../../../avr/lib/avr5\libc.a(strchr.o)
 .data          0x008003c6        0x0 c:/program files (x86)/atmel/atmel studio 6.0/extensions/atmel/avrgcc/3.4.1.95/avrtoolchain/bin/../lib/gcc/avr/4.6.2/../../../../avr/lib/avr5\libc.a(strcmp.o)
 .data          0x008003c6        0x0 c:/program files (x86)/atmel/atmel studio 6.0/extensions/atmel/avrgcc/3.4.1.95/avrtoolchain/bin/../lib/gcc/avr/4.6.2/../../../../avr/lib/avr5\libc.a(strcpy.o)
 .data          0x008003c6        0x0 c:/program files (x86)/atmel/atmel studio 6.0/extensions/atmel/avrgcc/3.4.1.95/avrtoolchain/bin/../lib/gcc/avr/4.6.2/../../../../avr/lib/avr5\libc.a(strncmp.o)
 .data          0x008003c6        0x0 c:/program files (x86)/atmel/atmel studio 6.0/extensions/atmel/avrgcc/3.4.1.95/avrtoolchain/bin/../lib/gcc/avr/4.6.2/../../../../avr/lib/avr5\libc.a(strncpy.o)
 .data          0x008003c6        0x0 c:/program files (x86)/atmel/atmel studio 6.0/extensions/atmel/avrgcc/3.4.1.95/avrtoolchain/bin/../lib/gcc/avr/4.6.2/../../../../avr/lib/avr5\libc.a(strrchr.o)
 .data          0x008003c6        0x0 c:/program files (x86)/atmel/atmel studio 6.0/extensions/atmel/avrgcc/3.4.1.95/avrtoolchain/bin/../lib/gcc/avr/4.6.2/../../../../avr/lib/avr5\libc.a(strstr.o)
 .data          0x008003c6        0x0 c:/program files (x86)/atmel/atmel studio 6.0/extensions/atmel/avrgcc/3.4.1.95/avrtoolchain/bin/../lib/gcc/avr/4.6.2/../../../../avr/lib/avr5\libc.a(itoa.o)
 .data          0x008003c6        0x0 c:/program files (x86)/atmel/atmel studio 6.0/extensions/atmel/avrgcc/3.4.1.95/avrtoolchain/bin/../lib/gcc/avr/4.6.2/../../../../avr/lib/avr5\libc.a(ltoa.o)
 .data          0x008003c6        0x0 c:/program files (x86)/atmel/atmel studio 6.0/extensions/atmel/avrgcc/3.4.1.95/avrtoolchain/bin/../lib/gcc/avr/4.6.2/../../../../avr/lib/avr5\libc.a(mulsi10.o)
 .data          0x008003c6        0x0 c:/program files (x86)/atmel/atmel studio 6.0/extensions/atmel/avrgcc/3.4.1.95/avrtoolchain/bin/../lib/gcc/avr/4.6.2/../../../../avr/lib/avr5\libc.a(ultoa.o)
 .data          0x008003c6        0x0 c:/program files (x86)/atmel/atmel studio 6.0/extensions/atmel/avrgcc/3.4.1.95/avrtoolchain/bin/../lib/gcc/avr/4.6.2/../../../../avr/lib/avr5\libc.a(utoa.o)
 .data          0x008003c6        0x0 c:/program files (x86)/atmel/atmel studio 6.0/extensions/atmel/avrgcc/3.4.1.95/avrtoolchain/bin/../lib/gcc/avr/4.6.2/../../../../avr/lib/avr5\libc.a(cty_isfalse.o)
 .data          0x008003c6        0x0 c:/program files (x86)/atmel/atmel studio 6.0/extensions/atmel/avrgcc/3.4.1.95/avrtoolchain/bin/../lib/gcc/avr/4.6.2/../../../../avr/lib/avr5\libc.a(strrev.o)
 *(.data*)
 .data.__malloc_margin
                0x008003c6        0x2 C:\Users\Willyan\Documents\Atmel Studio\ArduinoCore\libcore.a(malloc.c.o)
                0x008003c6                __malloc_margin
 .data.__malloc_heap_start
                0x008003c8        0x2 C:\Users\Willyan\Documents\Atmel Studio\ArduinoCore\libcore.a(malloc.c.o)
                0x008003c8                __malloc_heap_start
 .data.__malloc_heap_end
                0x008003ca        0x2 C:\Users\Willyan\Documents\Atmel Studio\ArduinoCore\libcore.a(malloc.c.o)
                0x008003ca                __malloc_heap_end
 *(.rodata)
 *(.rodata*)
 .rodata._ZTV14HardwareSerial
                0x008003cc       0x10 C:\Users\Willyan\Documents\Atmel Studio\ArduinoCore\libcore.a(HardwareSerial.cpp.o)
                0x008003cc                vtable for HardwareSerial
 *(.gnu.linkonce.d*)
                0x008003dc                . = ALIGN (0x2)
                0x008003dc                _edata = .
                0x008003dc                PROVIDE (__data_end, .)

.bss            0x008003dc      0x340
                0x008003dc                PROVIDE (__bss_start, .)
 *(.bss)
 .bss           0x008003dc       0x35 Main_.o
                0x008003dc                db
                0x008003f2                logEvent
                0x008003f6                dbFile
 .bss           0x00800411       0x49 SD/SD.o
                0x00800411                SD
 .bss           0x0080045a        0x4 SD/SdFile.o
                0x0080045a                SdFile::oldDateTime_
                0x0080045c                SdFile::dateTime_
 .bss           0x0080045e      0x207 SD/SdVolume.o
                0x0080045e                SdVolume::cacheMirrorBlock_
                0x00800462                SdVolume::cacheDirty_
                0x00800463                SdVolume::sdCard_
                0x00800465                SdVolume::cacheBuffer_
 *(.bss*)
 .bss.timer0_overflow_count
                0x00800665        0x4 C:\Users\Willyan\Documents\Atmel Studio\ArduinoCore\libcore.a(wiring.c.o)
                0x00800665                timer0_overflow_count
 .bss.timer0_millis
                0x00800669        0x4 C:\Users\Willyan\Documents\Atmel Studio\ArduinoCore\libcore.a(wiring.c.o)
                0x00800669                timer0_millis
 .bss.timer0_fract
                0x0080066d        0x1 C:\Users\Willyan\Documents\Atmel Studio\ArduinoCore\libcore.a(wiring.c.o)
 .bss.rx_buffer
                0x0080066e       0x44 C:\Users\Willyan\Documents\Atmel Studio\ArduinoCore\libcore.a(HardwareSerial.cpp.o)
                0x0080066e                rx_buffer
 .bss.tx_buffer
                0x008006b2       0x44 C:\Users\Willyan\Documents\Atmel Studio\ArduinoCore\libcore.a(HardwareSerial.cpp.o)
                0x008006b2                tx_buffer
 .bss.Serial    0x008006f6       0x22 C:\Users\Willyan\Documents\Atmel Studio\ArduinoCore\libcore.a(HardwareSerial.cpp.o)
                0x008006f6                Serial
 *(COMMON)
 COMMON         0x00800718        0x4 C:\Users\Willyan\Documents\Atmel Studio\ArduinoCore\libcore.a(malloc.c.o)
                0x00800718                __brkval
                0x0080071a                __flp
                0x0080071c                PROVIDE (__bss_end, .)
                0x00003bb8                __data_load_start = LOADADDR (.data)
                0x00003e94                __data_load_end = (__data_load_start + SIZEOF (.data))

.noinit         0x0080071c        0x0
                0x0080071c                PROVIDE (__noinit_start, .)
 *(.noinit*)
                0x0080071c                PROVIDE (__noinit_end, .)
                0x0080071c                _end = .
                0x0080071c                PROVIDE (__heap_start, .)

.eeprom         0x00810000        0x0
 *(.eeprom*)
                0x00810000                __eeprom_end = .

.fuse
 *(.fuse)
 *(.lfuse)
 *(.hfuse)
 *(.efuse)

.lock
 *(.lock*)

.signature
 *(.signature*)

.stab           0x00000000     0x3054
 *(.stab)
 .stab          0x00000000      0x6cc c:/program files (x86)/atmel/atmel studio 6.0/extensions/atmel/avrgcc/3.4.1.95/avrtoolchain/bin/../lib/gcc/avr/4.6.2/../../../../avr/lib/avr5/crtm328p.o
 .stab          0x000006cc       0x78 c:/program files (x86)/atmel/atmel studio 6.0/extensions/atmel/avrgcc/3.4.1.95/avrtoolchain/bin/../lib/gcc/avr/4.6.2/../../../../avr/lib/avr5\libm.a(addsf3.o)
                                 0x84 (size before relaxing)
 .stab          0x00000744      0x4bc c:/program files (x86)/atmel/atmel studio 6.0/extensions/atmel/avrgcc/3.4.1.95/avrtoolchain/bin/../lib/gcc/avr/4.6.2/../../../../avr/lib/avr5\libm.a(addsf3x.o)
                                0x4c8 (size before relaxing)
 .stab          0x00000c00       0x90 c:/program files (x86)/atmel/atmel studio 6.0/extensions/atmel/avrgcc/3.4.1.95/avrtoolchain/bin/../lib/gcc/avr/4.6.2/../../../../avr/lib/avr5\libm.a(cmpsf2.o)
                                 0x9c (size before relaxing)
 .stab          0x00000c90       0x48 c:/program files (x86)/atmel/atmel studio 6.0/extensions/atmel/avrgcc/3.4.1.95/avrtoolchain/bin/../lib/gcc/avr/4.6.2/../../../../avr/lib/avr5\libm.a(divsf3.o)
                                 0x54 (size before relaxing)
 .stab          0x00000cd8      0x510 c:/program files (x86)/atmel/atmel studio 6.0/extensions/atmel/avrgcc/3.4.1.95/avrtoolchain/bin/../lib/gcc/avr/4.6.2/../../../../avr/lib/avr5\libm.a(divsf3x.o)
                                0x51c (size before relaxing)
 .stab          0x000011e8       0x6c c:/program files (x86)/atmel/atmel studio 6.0/extensions/atmel/avrgcc/3.4.1.95/avrtoolchain/bin/../lib/gcc/avr/4.6.2/../../../../avr/lib/avr5\libm.a(fixsfsi.o)
                                 0x78 (size before relaxing)
 .stab          0x00001254      0x240 c:/program files (x86)/atmel/atmel studio 6.0/extensions/atmel/avrgcc/3.4.1.95/avrtoolchain/bin/../lib/gcc/avr/4.6.2/../../../../avr/lib/avr5\libm.a(fixunssfsi.o)
                                0x24c (size before relaxing)
 .stab          0x00001494      0x318 c:/program files (x86)/atmel/atmel studio 6.0/extensions/atmel/avrgcc/3.4.1.95/avrtoolchain/bin/../lib/gcc/avr/4.6.2/../../../../avr/lib/avr5\libm.a(floatsisf.o)
                                0x324 (size before relaxing)
 .stab          0x000017ac      0x1e0 c:/program files (x86)/atmel/atmel studio 6.0/extensions/atmel/avrgcc/3.4.1.95/avrtoolchain/bin/../lib/gcc/avr/4.6.2/../../../../avr/lib/avr5\libm.a(fp_cmp.o)
                                0x1ec (size before relaxing)
 .stab          0x0000198c       0x78 c:/program files (x86)/atmel/atmel studio 6.0/extensions/atmel/avrgcc/3.4.1.95/avrtoolchain/bin/../lib/gcc/avr/4.6.2/../../../../avr/lib/avr5\libm.a(fp_inf.o)
                                 0x84 (size before relaxing)
 .stab          0x00001a04       0x54 c:/program files (x86)/atmel/atmel studio 6.0/extensions/atmel/avrgcc/3.4.1.95/avrtoolchain/bin/../lib/gcc/avr/4.6.2/../../../../avr/lib/avr5\libm.a(fp_nan.o)
                                 0x60 (size before relaxing)
 .stab          0x00001a58       0x84 c:/program files (x86)/atmel/atmel studio 6.0/extensions/atmel/avrgcc/3.4.1.95/avrtoolchain/bin/../lib/gcc/avr/4.6.2/../../../../avr/lib/avr5\libm.a(fp_pscA.o)
                                 0x90 (size before relaxing)
 .stab          0x00001adc       0x84 c:/program files (x86)/atmel/atmel studio 6.0/extensions/atmel/avrgcc/3.4.1.95/avrtoolchain/bin/../lib/gcc/avr/4.6.2/../../../../avr/lib/avr5\libm.a(fp_pscB.o)
                                 0x90 (size before relaxing)
 .stab          0x00001b60       0xfc c:/program files (x86)/atmel/atmel studio 6.0/extensions/atmel/avrgcc/3.4.1.95/avrtoolchain/bin/../lib/gcc/avr/4.6.2/../../../../avr/lib/avr5\libm.a(fp_round.o)
                                0x108 (size before relaxing)
 .stab          0x00001c5c      0x1d4 c:/program files (x86)/atmel/atmel studio 6.0/extensions/atmel/avrgcc/3.4.1.95/avrtoolchain/bin/../lib/gcc/avr/4.6.2/../../../../avr/lib/avr5\libm.a(fp_split3.o)
                                0x1e0 (size before relaxing)
 .stab          0x00001e30       0x90 c:/program files (x86)/atmel/atmel studio 6.0/extensions/atmel/avrgcc/3.4.1.95/avrtoolchain/bin/../lib/gcc/avr/4.6.2/../../../../avr/lib/avr5\libm.a(fp_zero.o)
                                 0x9c (size before relaxing)
 .stab          0x00001ec0       0x6c c:/program files (x86)/atmel/atmel studio 6.0/extensions/atmel/avrgcc/3.4.1.95/avrtoolchain/bin/../lib/gcc/avr/4.6.2/../../../../avr/lib/avr5\libm.a(gesf2.o)
                                 0x78 (size before relaxing)
 .stab          0x00001f2c       0x48 c:/program files (x86)/atmel/atmel studio 6.0/extensions/atmel/avrgcc/3.4.1.95/avrtoolchain/bin/../lib/gcc/avr/4.6.2/../../../../avr/lib/avr5\libm.a(mulsf3.o)
                                 0x54 (size before relaxing)
 .stab          0x00001f74      0x4d4 c:/program files (x86)/atmel/atmel studio 6.0/extensions/atmel/avrgcc/3.4.1.95/avrtoolchain/bin/../lib/gcc/avr/4.6.2/../../../../avr/lib/avr5\libm.a(mulsf3x.o)
                                0x4e0 (size before relaxing)
 .stab          0x00002448       0x60 c:/program files (x86)/atmel/atmel studio 6.0/extensions/atmel/avrgcc/3.4.1.95/avrtoolchain/bin/../lib/gcc/avr/4.6.2/../../../../avr/lib/avr5\libm.a(unordsf2.o)
                                 0x6c (size before relaxing)
 .stab          0x000024a8      0x1e0 c:/program files (x86)/atmel/atmel studio 6.0/extensions/atmel/avrgcc/3.4.1.95/avrtoolchain/bin/../lib/gcc/avr/4.6.2/../../../../avr/lib/avr5\libc.a(atol.o)
                                0x1ec (size before relaxing)
 .stab          0x00002688       0x18 c:/program files (x86)/atmel/atmel studio 6.0/extensions/atmel/avrgcc/3.4.1.95/avrtoolchain/bin/../lib/gcc/avr/4.6.2/../../../../avr/lib/avr5\libc.a(isspace.o)
                                 0xa8 (size before relaxing)
 .stab          0x000026a0       0x18 c:/program files (x86)/atmel/atmel studio 6.0/extensions/atmel/avrgcc/3.4.1.95/avrtoolchain/bin/../lib/gcc/avr/4.6.2/../../../../avr/lib/avr5\libc.a(tolower.o)
                                 0xa8 (size before relaxing)
 .stab          0x000026b8       0x18 c:/program files (x86)/atmel/atmel studio 6.0/extensions/atmel/avrgcc/3.4.1.95/avrtoolchain/bin/../lib/gcc/avr/4.6.2/../../../../avr/lib/avr5\libc.a(toupper.o)
                                 0xa8 (size before relaxing)
 .stab          0x000026d0       0xb4 c:/program files (x86)/atmel/atmel studio 6.0/extensions/atmel/avrgcc/3.4.1.95/avrtoolchain/bin/../lib/gcc/avr/4.6.2/../../../../avr/lib/avr5\libc.a(memcmp.o)
                                 0xc0 (size before relaxing)
 .stab          0x00002784       0x84 c:/program files (x86)/atmel/atmel studio 6.0/extensions/atmel/avrgcc/3.4.1.95/avrtoolchain/bin/../lib/gcc/avr/4.6.2/../../../../avr/lib/avr5\libc.a(memcpy.o)
                                 0x90 (size before relaxing)
 .stab          0x00002808       0xe4 c:/program files (x86)/atmel/atmel studio 6.0/extensions/atmel/avrgcc/3.4.1.95/avrtoolchain/bin/../lib/gcc/avr/4.6.2/../../../../avr/lib/avr5\libc.a(memmove.o)
                                 0xf0 (size before relaxing)
 .stab          0x000028ec       0x9c c:/program files (x86)/atmel/atmel studio 6.0/extensions/atmel/avrgcc/3.4.1.95/avrtoolchain/bin/../lib/gcc/avr/4.6.2/../../../../avr/lib/avr5\libc.a(strchr.o)
                                 0xa8 (size before relaxing)
 .stab          0x00002988       0x84 c:/program files (x86)/atmel/atmel studio 6.0/extensions/atmel/avrgcc/3.4.1.95/avrtoolchain/bin/../lib/gcc/avr/4.6.2/../../../../avr/lib/avr5\libc.a(strcmp.o)
                                 0x90 (size before relaxing)
 .stab          0x00002a0c       0x6c c:/program files (x86)/atmel/atmel studio 6.0/extensions/atmel/avrgcc/3.4.1.95/avrtoolchain/bin/../lib/gcc/avr/4.6.2/../../../../avr/lib/avr5\libc.a(strcpy.o)
                                 0x78 (size before relaxing)
 .stab          0x00002a78       0xc0 c:/program files (x86)/atmel/atmel studio 6.0/extensions/atmel/avrgcc/3.4.1.95/avrtoolchain/bin/../lib/gcc/avr/4.6.2/../../../../avr/lib/avr5\libc.a(strncmp.o)
                                 0xcc (size before relaxing)
 .stab          0x00002b38       0xcc c:/program files (x86)/atmel/atmel studio 6.0/extensions/atmel/avrgcc/3.4.1.95/avrtoolchain/bin/../lib/gcc/avr/4.6.2/../../../../avr/lib/avr5\libc.a(strncpy.o)
                                 0xd8 (size before relaxing)
 .stab          0x00002c04       0x9c c:/program files (x86)/atmel/atmel studio 6.0/extensions/atmel/avrgcc/3.4.1.95/avrtoolchain/bin/../lib/gcc/avr/4.6.2/../../../../avr/lib/avr5\libc.a(strrchr.o)
                                 0xa8 (size before relaxing)
 .stab          0x00002ca0      0x150 c:/program files (x86)/atmel/atmel studio 6.0/extensions/atmel/avrgcc/3.4.1.95/avrtoolchain/bin/../lib/gcc/avr/4.6.2/../../../../avr/lib/avr5\libc.a(strstr.o)
                                0x15c (size before relaxing)
 .stab          0x00002df0       0x18 c:/program files (x86)/atmel/atmel studio 6.0/extensions/atmel/avrgcc/3.4.1.95/avrtoolchain/bin/../lib/gcc/avr/4.6.2/../../../../avr/lib/avr5\libc.a(itoa.o)
                                0x1bc (size before relaxing)
 .stab          0x00002e08       0x18 c:/program files (x86)/atmel/atmel studio 6.0/extensions/atmel/avrgcc/3.4.1.95/avrtoolchain/bin/../lib/gcc/avr/4.6.2/../../../../avr/lib/avr5\libc.a(ltoa.o)
                                0x2a0 (size before relaxing)
 .stab          0x00002e20      0x114 c:/program files (x86)/atmel/atmel studio 6.0/extensions/atmel/avrgcc/3.4.1.95/avrtoolchain/bin/../lib/gcc/avr/4.6.2/../../../../avr/lib/avr5\libc.a(mulsi10.o)
                                0x120 (size before relaxing)
 .stab          0x00002f34       0x18 c:/program files (x86)/atmel/atmel studio 6.0/extensions/atmel/avrgcc/3.4.1.95/avrtoolchain/bin/../lib/gcc/avr/4.6.2/../../../../avr/lib/avr5\libc.a(ultoa.o)
                                0x1ec (size before relaxing)
 .stab          0x00002f4c       0x18 c:/program files (x86)/atmel/atmel studio 6.0/extensions/atmel/avrgcc/3.4.1.95/avrtoolchain/bin/../lib/gcc/avr/4.6.2/../../../../avr/lib/avr5\libc.a(utoa.o)
                                0x138 (size before relaxing)
 .stab          0x00002f64       0x18 c:/program files (x86)/atmel/atmel studio 6.0/extensions/atmel/avrgcc/3.4.1.95/avrtoolchain/bin/../lib/gcc/avr/4.6.2/../../../../avr/lib/avr5\libc.a(cty_isfalse.o)
                                 0x6c (size before relaxing)
 .stab          0x00002f7c       0xd8 c:/program files (x86)/atmel/atmel studio 6.0/extensions/atmel/avrgcc/3.4.1.95/avrtoolchain/bin/../lib/gcc/avr/4.6.2/../../../../avr/lib/avr5\libc.a(strrev.o)
                                 0xe4 (size before relaxing)

.stabstr        0x00000000      0xf87
 *(.stabstr)
 .stabstr       0x00000000      0xf87 c:/program files (x86)/atmel/atmel studio 6.0/extensions/atmel/avrgcc/3.4.1.95/avrtoolchain/bin/../lib/gcc/avr/4.6.2/../../../../avr/lib/avr5/crtm328p.o

.stab.excl
 *(.stab.excl)

.stab.exclstr
 *(.stab.exclstr)

.stab.index
 *(.stab.index)

.stab.indexstr
 *(.stab.indexstr)

.comment
 *(.comment)

.debug
 *(.debug)

.line
 *(.line)

.debug_srcinfo
 *(.debug_srcinfo)

.debug_sfnames
 *(.debug_sfnames)

.debug_aranges  0x00000000      0xce0
 *(.debug_aranges)
 .debug_aranges
                0x00000000       0x98 EDB/EDB.o
 .debug_aranges
                0x00000098       0xa8 File.o
 .debug_aranges
                0x00000140       0x28 IOUtilities.o
 .debug_aranges
                0x00000168       0x40 MathUtilities.o
 .debug_aranges
                0x000001a8       0x40 IR.o
 .debug_aranges
                0x000001e8       0x50 Main_.o
 .debug_aranges
                0x00000238       0xa0 SD/SD.o
 .debug_aranges
                0x000002d8       0xc8 SD/Sd2Card.o
 .debug_aranges
                0x000003a0      0x130 SD/SdFile.o
 .debug_aranges
                0x000004d0       0x60 SD/SdVolume.o
 .debug_aranges
                0x00000530       0x40 SPI.o
 .debug_aranges
                0x00000570       0x58 TimeBsdCode.o
 .debug_aranges
                0x000005c8       0x48 Timer.o
 .debug_aranges
                0x00000610       0x30 TimerExtended.o
 .debug_aranges
                0x00000640       0x28 C:\Users\Willyan\Documents\Atmel Studio\ArduinoCore\libcore.a(malloc.c.o)
 .debug_aranges
                0x00000668       0x48 C:\Users\Willyan\Documents\Atmel Studio\ArduinoCore\libcore.a(wiring.c.o)
 .debug_aranges
                0x000006b0       0x30 C:\Users\Willyan\Documents\Atmel Studio\ArduinoCore\libcore.a(wiring_digital.c.o)
 .debug_aranges
                0x000006e0       0x98 C:\Users\Willyan\Documents\Atmel Studio\ArduinoCore\libcore.a(HardwareSerial.cpp.o)
 .debug_aranges
                0x00000778       0x20 C:\Users\Willyan\Documents\Atmel Studio\ArduinoCore\libcore.a(main.cpp.o)
 .debug_aranges
                0x00000798       0x58 C:\Users\Willyan\Documents\Atmel Studio\ArduinoCore\libcore.a(new.cpp.o)
 .debug_aranges
                0x000007f0       0xf0 C:\Users\Willyan\Documents\Atmel Studio\ArduinoCore\libcore.a(Print.cpp.o)
 .debug_aranges
                0x000008e0      0x260 C:\Users\Willyan\Documents\Atmel Studio\ArduinoCore\libcore.a(WString.cpp.o)
 .debug_aranges
                0x00000b40       0x20 C:\Users\Willyan\Documents\Atmel Studio\ArduinoCore\libcore.a(realloc.c.o)
 .debug_aranges
                0x00000b60       0x20 c:/program files (x86)/atmel/atmel studio 6.0/extensions/atmel/avrgcc/3.4.1.95/avrtoolchain/bin/../lib/gcc/avr/4.6.2/avr5\libgcc.a(_mulsi3.o)
 .debug_aranges
                0x00000b80       0x20 c:/program files (x86)/atmel/atmel studio 6.0/extensions/atmel/avrgcc/3.4.1.95/avrtoolchain/bin/../lib/gcc/avr/4.6.2/avr5\libgcc.a(_udivmodqi4.o)
 .debug_aranges
                0x00000ba0       0x20 c:/program files (x86)/atmel/atmel studio 6.0/extensions/atmel/avrgcc/3.4.1.95/avrtoolchain/bin/../lib/gcc/avr/4.6.2/avr5\libgcc.a(_divmodhi4.o)
 .debug_aranges
                0x00000bc0       0x20 c:/program files (x86)/atmel/atmel studio 6.0/extensions/atmel/avrgcc/3.4.1.95/avrtoolchain/bin/../lib/gcc/avr/4.6.2/avr5\libgcc.a(_udivmodsi4.o)
 .debug_aranges
                0x00000be0       0x20 c:/program files (x86)/atmel/atmel studio 6.0/extensions/atmel/avrgcc/3.4.1.95/avrtoolchain/bin/../lib/gcc/avr/4.6.2/avr5\libgcc.a(_divmodsi4.o)
 .debug_aranges
                0x00000c00       0x20 c:/program files (x86)/atmel/atmel studio 6.0/extensions/atmel/avrgcc/3.4.1.95/avrtoolchain/bin/../lib/gcc/avr/4.6.2/avr5\libgcc.a(_exit.o)
 .debug_aranges
                0x00000c20       0x20 c:/program files (x86)/atmel/atmel studio 6.0/extensions/atmel/avrgcc/3.4.1.95/avrtoolchain/bin/../lib/gcc/avr/4.6.2/avr5\libgcc.a(_copy_data.o)
 .debug_aranges
                0x00000c40       0x20 c:/program files (x86)/atmel/atmel studio 6.0/extensions/atmel/avrgcc/3.4.1.95/avrtoolchain/bin/../lib/gcc/avr/4.6.2/avr5\libgcc.a(_clear_bss.o)
 .debug_aranges
                0x00000c60       0x20 c:/program files (x86)/atmel/atmel studio 6.0/extensions/atmel/avrgcc/3.4.1.95/avrtoolchain/bin/../lib/gcc/avr/4.6.2/avr5\libgcc.a(_ctors.o)
 .debug_aranges
                0x00000c80       0x20 c:/program files (x86)/atmel/atmel studio 6.0/extensions/atmel/avrgcc/3.4.1.95/avrtoolchain/bin/../lib/gcc/avr/4.6.2/avr5\libgcc.a(_dtors.o)
 .debug_aranges
                0x00000ca0       0x20 c:/program files (x86)/atmel/atmel studio 6.0/extensions/atmel/avrgcc/3.4.1.95/avrtoolchain/bin/../lib/gcc/avr/4.6.2/avr5\libgcc.a(_udivmodhi4.o)
 .debug_aranges
                0x00000cc0       0x20 c:/program files (x86)/atmel/atmel studio 6.0/extensions/atmel/avrgcc/3.4.1.95/avrtoolchain/bin/../lib/gcc/avr/4.6.2/avr5\libgcc.a(_tablejump.o)

.debug_pubnames
                0x00000000      0xc51
 *(.debug_pubnames)
 .debug_pubnames
                0x00000000       0x7f C:\Users\Willyan\Documents\Atmel Studio\ArduinoCore\libcore.a(malloc.c.o)
 .debug_pubnames
                0x0000007f       0x8d C:\Users\Willyan\Documents\Atmel Studio\ArduinoCore\libcore.a(wiring.c.o)
 .debug_pubnames
                0x0000010c       0xda C:\Users\Willyan\Documents\Atmel Studio\ArduinoCore\libcore.a(wiring_digital.c.o)
 .debug_pubnames
                0x000001e6      0x1b4 C:\Users\Willyan\Documents\Atmel Studio\ArduinoCore\libcore.a(HardwareSerial.cpp.o)
 .debug_pubnames
                0x0000039a       0x1b C:\Users\Willyan\Documents\Atmel Studio\ArduinoCore\libcore.a(main.cpp.o)
 .debug_pubnames
                0x000003b5       0xbf C:\Users\Willyan\Documents\Atmel Studio\ArduinoCore\libcore.a(new.cpp.o)
 .debug_pubnames
                0x00000474      0x200 C:\Users\Willyan\Documents\Atmel Studio\ArduinoCore\libcore.a(Print.cpp.o)
 .debug_pubnames
                0x00000674      0x5bf C:\Users\Willyan\Documents\Atmel Studio\ArduinoCore\libcore.a(WString.cpp.o)
 .debug_pubnames
                0x00000c33       0x1e C:\Users\Willyan\Documents\Atmel Studio\ArduinoCore\libcore.a(realloc.c.o)

.debug_info     0x00000000    0x19f3d
 *(.debug_info)
 .debug_info    0x00000000      0xa53 EDB/EDB.o
 .debug_info    0x00000a53     0x2156 File.o
 .debug_info    0x00002ba9      0x23e IOUtilities.o
 .debug_info    0x00002de7      0x36b MathUtilities.o
 .debug_info    0x00003152      0x38d IR.o
 .debug_info    0x000034df      0x18a IRExtended.o
 .debug_info    0x00003669     0x35c8 Main_.o
 .debug_info    0x00006c31     0x3119 SD/SD.o
 .debug_info    0x00009d4a     0x1c62 SD/Sd2Card.o
 .debug_info    0x0000b9ac     0x43a5 SD/SdFile.o
 .debug_info    0x0000fd51     0x226c SD/SdVolume.o
 .debug_info    0x00011fbd      0x285 SPI.o
 .debug_info    0x00012242      0x702 TimeBsdCode.o
 .debug_info    0x00012944      0x365 Timer.o
 .debug_info    0x00012ca9      0x2ff TimerExtended.o
 .debug_info    0x00012fa8      0x229 C:\Users\Willyan\Documents\Atmel Studio\ArduinoCore\libcore.a(malloc.c.o)
 .debug_info    0x000131d1      0x31c C:\Users\Willyan\Documents\Atmel Studio\ArduinoCore\libcore.a(wiring.c.o)
 .debug_info    0x000134ed      0x592 C:\Users\Willyan\Documents\Atmel Studio\ArduinoCore\libcore.a(wiring_digital.c.o)
 .debug_info    0x00013a7f     0x1920 C:\Users\Willyan\Documents\Atmel Studio\ArduinoCore\libcore.a(HardwareSerial.cpp.o)
 .debug_info    0x0001539f      0x14b C:\Users\Willyan\Documents\Atmel Studio\ArduinoCore\libcore.a(main.cpp.o)
 .debug_info    0x000154ea      0x195 C:\Users\Willyan\Documents\Atmel Studio\ArduinoCore\libcore.a(new.cpp.o)
 .debug_info    0x0001567f     0x1aed C:\Users\Willyan\Documents\Atmel Studio\ArduinoCore\libcore.a(Print.cpp.o)
 .debug_info    0x0001716c     0x21e1 C:\Users\Willyan\Documents\Atmel Studio\ArduinoCore\libcore.a(WString.cpp.o)
 .debug_info    0x0001934d      0x194 C:\Users\Willyan\Documents\Atmel Studio\ArduinoCore\libcore.a(realloc.c.o)
 .debug_info    0x000194e1       0xdd c:/program files (x86)/atmel/atmel studio 6.0/extensions/atmel/avrgcc/3.4.1.95/avrtoolchain/bin/../lib/gcc/avr/4.6.2/avr5\libgcc.a(_mulsi3.o)
 .debug_info    0x000195be       0xdd c:/program files (x86)/atmel/atmel studio 6.0/extensions/atmel/avrgcc/3.4.1.95/avrtoolchain/bin/../lib/gcc/avr/4.6.2/avr5\libgcc.a(_udivmodqi4.o)
 .debug_info    0x0001969b       0xdd c:/program files (x86)/atmel/atmel studio 6.0/extensions/atmel/avrgcc/3.4.1.95/avrtoolchain/bin/../lib/gcc/avr/4.6.2/avr5\libgcc.a(_divmodhi4.o)
 .debug_info    0x00019778       0xdd c:/program files (x86)/atmel/atmel studio 6.0/extensions/atmel/avrgcc/3.4.1.95/avrtoolchain/bin/../lib/gcc/avr/4.6.2/avr5\libgcc.a(_udivmodsi4.o)
 .debug_info    0x00019855       0xdd c:/program files (x86)/atmel/atmel studio 6.0/extensions/atmel/avrgcc/3.4.1.95/avrtoolchain/bin/../lib/gcc/avr/4.6.2/avr5\libgcc.a(_divmodsi4.o)
 .debug_info    0x00019932       0xdd c:/program files (x86)/atmel/atmel studio 6.0/extensions/atmel/avrgcc/3.4.1.95/avrtoolchain/bin/../lib/gcc/avr/4.6.2/avr5\libgcc.a(_exit.o)
 .debug_info    0x00019a0f       0xdd c:/program files (x86)/atmel/atmel studio 6.0/extensions/atmel/avrgcc/3.4.1.95/avrtoolchain/bin/../lib/gcc/avr/4.6.2/avr5\libgcc.a(_copy_data.o)
 .debug_info    0x00019aec       0xdd c:/program files (x86)/atmel/atmel studio 6.0/extensions/atmel/avrgcc/3.4.1.95/avrtoolchain/bin/../lib/gcc/avr/4.6.2/avr5\libgcc.a(_clear_bss.o)
 .debug_info    0x00019bc9       0xdd c:/program files (x86)/atmel/atmel studio 6.0/extensions/atmel/avrgcc/3.4.1.95/avrtoolchain/bin/../lib/gcc/avr/4.6.2/avr5\libgcc.a(_ctors.o)
 .debug_info    0x00019ca6       0xdd c:/program files (x86)/atmel/atmel studio 6.0/extensions/atmel/avrgcc/3.4.1.95/avrtoolchain/bin/../lib/gcc/avr/4.6.2/avr5\libgcc.a(_dtors.o)
 .debug_info    0x00019d83       0xdd c:/program files (x86)/atmel/atmel studio 6.0/extensions/atmel/avrgcc/3.4.1.95/avrtoolchain/bin/../lib/gcc/avr/4.6.2/avr5\libgcc.a(_udivmodhi4.o)
 .debug_info    0x00019e60       0xdd c:/program files (x86)/atmel/atmel studio 6.0/extensions/atmel/avrgcc/3.4.1.95/avrtoolchain/bin/../lib/gcc/avr/4.6.2/avr5\libgcc.a(_tablejump.o)
 *(.gnu.linkonce.wi.*)

.debug_abbrev   0x00000000     0x40e4
 *(.debug_abbrev)
 .debug_abbrev  0x00000000        0x1 CFile1.o
 .debug_abbrev  0x00000001      0x24c EDB/EDB.o
 .debug_abbrev  0x0000024d      0x3e4 File.o
 .debug_abbrev  0x00000631       0x9f IOUtilities.o
 .debug_abbrev  0x000006d0      0x149 MathUtilities.o
 .debug_abbrev  0x00000819      0x1d4 IR.o
 .debug_abbrev  0x000009ed       0xa6 IRExtended.o
 .debug_abbrev  0x00000a93      0x673 Main_.o
 .debug_abbrev  0x00001106      0x6c4 SD/SD.o
 .debug_abbrev  0x000017ca      0x409 SD/Sd2Card.o
 .debug_abbrev  0x00001bd3      0x7b7 SD/SdFile.o
 .debug_abbrev  0x0000238a      0x502 SD/SdVolume.o
 .debug_abbrev  0x0000288c      0x127 SPI.o
 .debug_abbrev  0x000029b3      0x2b9 TimeBsdCode.o
 .debug_abbrev  0x00002c6c      0x186 Timer.o
 .debug_abbrev  0x00002df2       0xfe TimerExtended.o
 .debug_abbrev  0x00002ef0      0x10d C:\Users\Willyan\Documents\Atmel Studio\ArduinoCore\libcore.a(malloc.c.o)
 .debug_abbrev  0x00002ffd      0x17d C:\Users\Willyan\Documents\Atmel Studio\ArduinoCore\libcore.a(wiring.c.o)
 .debug_abbrev  0x0000317a      0x177 C:\Users\Willyan\Documents\Atmel Studio\ArduinoCore\libcore.a(wiring_digital.c.o)
 .debug_abbrev  0x000032f1      0x450 C:\Users\Willyan\Documents\Atmel Studio\ArduinoCore\libcore.a(HardwareSerial.cpp.o)
 .debug_abbrev  0x00003741       0x7a C:\Users\Willyan\Documents\Atmel Studio\ArduinoCore\libcore.a(main.cpp.o)
 .debug_abbrev  0x000037bb       0xf7 C:\Users\Willyan\Documents\Atmel Studio\ArduinoCore\libcore.a(new.cpp.o)
 .debug_abbrev  0x000038b2      0x336 C:\Users\Willyan\Documents\Atmel Studio\ArduinoCore\libcore.a(Print.cpp.o)
 .debug_abbrev  0x00003be8      0x343 C:\Users\Willyan\Documents\Atmel Studio\ArduinoCore\libcore.a(WString.cpp.o)
 .debug_abbrev  0x00003f2b       0xc9 C:\Users\Willyan\Documents\Atmel Studio\ArduinoCore\libcore.a(realloc.c.o)
 .debug_abbrev  0x00003ff4       0x14 c:/program files (x86)/atmel/atmel studio 6.0/extensions/atmel/avrgcc/3.4.1.95/avrtoolchain/bin/../lib/gcc/avr/4.6.2/avr5\libgcc.a(_mulsi3.o)
 .debug_abbrev  0x00004008       0x14 c:/program files (x86)/atmel/atmel studio 6.0/extensions/atmel/avrgcc/3.4.1.95/avrtoolchain/bin/../lib/gcc/avr/4.6.2/avr5\libgcc.a(_udivmodqi4.o)
 .debug_abbrev  0x0000401c       0x14 c:/program files (x86)/atmel/atmel studio 6.0/extensions/atmel/avrgcc/3.4.1.95/avrtoolchain/bin/../lib/gcc/avr/4.6.2/avr5\libgcc.a(_divmodhi4.o)
 .debug_abbrev  0x00004030       0x14 c:/program files (x86)/atmel/atmel studio 6.0/extensions/atmel/avrgcc/3.4.1.95/avrtoolchain/bin/../lib/gcc/avr/4.6.2/avr5\libgcc.a(_udivmodsi4.o)
 .debug_abbrev  0x00004044       0x14 c:/program files (x86)/atmel/atmel studio 6.0/extensions/atmel/avrgcc/3.4.1.95/avrtoolchain/bin/../lib/gcc/avr/4.6.2/avr5\libgcc.a(_divmodsi4.o)
 .debug_abbrev  0x00004058       0x14 c:/program files (x86)/atmel/atmel studio 6.0/extensions/atmel/avrgcc/3.4.1.95/avrtoolchain/bin/../lib/gcc/avr/4.6.2/avr5\libgcc.a(_exit.o)
 .debug_abbrev  0x0000406c       0x14 c:/program files (x86)/atmel/atmel studio 6.0/extensions/atmel/avrgcc/3.4.1.95/avrtoolchain/bin/../lib/gcc/avr/4.6.2/avr5\libgcc.a(_copy_data.o)
 .debug_abbrev  0x00004080       0x14 c:/program files (x86)/atmel/atmel studio 6.0/extensions/atmel/avrgcc/3.4.1.95/avrtoolchain/bin/../lib/gcc/avr/4.6.2/avr5\libgcc.a(_clear_bss.o)
 .debug_abbrev  0x00004094       0x14 c:/program files (x86)/atmel/atmel studio 6.0/extensions/atmel/avrgcc/3.4.1.95/avrtoolchain/bin/../lib/gcc/avr/4.6.2/avr5\libgcc.a(_ctors.o)
 .debug_abbrev  0x000040a8       0x14 c:/program files (x86)/atmel/atmel studio 6.0/extensions/atmel/avrgcc/3.4.1.95/avrtoolchain/bin/../lib/gcc/avr/4.6.2/avr5\libgcc.a(_dtors.o)
 .debug_abbrev  0x000040bc       0x14 c:/program files (x86)/atmel/atmel studio 6.0/extensions/atmel/avrgcc/3.4.1.95/avrtoolchain/bin/../lib/gcc/avr/4.6.2/avr5\libgcc.a(_udivmodhi4.o)
 .debug_abbrev  0x000040d0       0x14 c:/program files (x86)/atmel/atmel studio 6.0/extensions/atmel/avrgcc/3.4.1.95/avrtoolchain/bin/../lib/gcc/avr/4.6.2/avr5\libgcc.a(_tablejump.o)

.debug_line     0x00000000     0x67a1
 *(.debug_line)
 .debug_line    0x00000000        0x0 CFile1.o
 .debug_line    0x00000000      0x2e1 EDB/EDB.o
 .debug_line    0x000002e1      0x481 File.o
 .debug_line    0x00000762      0x18b IOUtilities.o
 .debug_line    0x000008ed       0xe4 MathUtilities.o
 .debug_line    0x000009d1      0x180 IR.o
 .debug_line    0x00000b51      0x106 IRExtended.o
 .debug_line    0x00000c57      0x39f Main_.o
 .debug_line    0x00000ff6      0x56e SD/SD.o
 .debug_line    0x00001564      0x55d SD/Sd2Card.o
 .debug_line    0x00001ac1      0xa87 SD/SdFile.o
 .debug_line    0x00002548      0x33a SD/SdVolume.o
 .debug_line    0x00002882      0x17b SPI.o
 .debug_line    0x000029fd      0x271 TimeBsdCode.o
 .debug_line    0x00002c6e      0x18b Timer.o
 .debug_line    0x00002df9      0x166 TimerExtended.o
 .debug_line    0x00002f5f      0x348 C:\Users\Willyan\Documents\Atmel Studio\ArduinoCore\libcore.a(malloc.c.o)
 .debug_line    0x000032a7      0x3cc C:\Users\Willyan\Documents\Atmel Studio\ArduinoCore\libcore.a(wiring.c.o)
 .debug_line    0x00003673      0x340 C:\Users\Willyan\Documents\Atmel Studio\ArduinoCore\libcore.a(wiring_digital.c.o)
 .debug_line    0x000039b3      0x7b6 C:\Users\Willyan\Documents\Atmel Studio\ArduinoCore\libcore.a(HardwareSerial.cpp.o)
 .debug_line    0x00004169      0x186 C:\Users\Willyan\Documents\Atmel Studio\ArduinoCore\libcore.a(main.cpp.o)
 .debug_line    0x000042ef      0x220 C:\Users\Willyan\Documents\Atmel Studio\ArduinoCore\libcore.a(new.cpp.o)
 .debug_line    0x0000450f      0x7a5 C:\Users\Willyan\Documents\Atmel Studio\ArduinoCore\libcore.a(Print.cpp.o)
 .debug_line    0x00004cb4     0x1152 C:\Users\Willyan\Documents\Atmel Studio\ArduinoCore\libcore.a(WString.cpp.o)
 .debug_line    0x00005e06      0x295 C:\Users\Willyan\Documents\Atmel Studio\ArduinoCore\libcore.a(realloc.c.o)
 .debug_line    0x0000609b       0xa5 c:/program files (x86)/atmel/atmel studio 6.0/extensions/atmel/avrgcc/3.4.1.95/avrtoolchain/bin/../lib/gcc/avr/4.6.2/avr5\libgcc.a(_mulsi3.o)
 .debug_line    0x00006140       0x92 c:/program files (x86)/atmel/atmel studio 6.0/extensions/atmel/avrgcc/3.4.1.95/avrtoolchain/bin/../lib/gcc/avr/4.6.2/avr5\libgcc.a(_udivmodqi4.o)
 .debug_line    0x000061d2       0x99 c:/program files (x86)/atmel/atmel studio 6.0/extensions/atmel/avrgcc/3.4.1.95/avrtoolchain/bin/../lib/gcc/avr/4.6.2/avr5\libgcc.a(_divmodhi4.o)
 .debug_line    0x0000626b       0xa8 c:/program files (x86)/atmel/atmel studio 6.0/extensions/atmel/avrgcc/3.4.1.95/avrtoolchain/bin/../lib/gcc/avr/4.6.2/avr5\libgcc.a(_udivmodsi4.o)
 .debug_line    0x00006313       0xa1 c:/program files (x86)/atmel/atmel studio 6.0/extensions/atmel/avrgcc/3.4.1.95/avrtoolchain/bin/../lib/gcc/avr/4.6.2/avr5\libgcc.a(_divmodsi4.o)
 .debug_line    0x000063b4       0x88 c:/program files (x86)/atmel/atmel studio 6.0/extensions/atmel/avrgcc/3.4.1.95/avrtoolchain/bin/../lib/gcc/avr/4.6.2/avr5\libgcc.a(_exit.o)
 .debug_line    0x0000643c       0x91 c:/program files (x86)/atmel/atmel studio 6.0/extensions/atmel/avrgcc/3.4.1.95/avrtoolchain/bin/../lib/gcc/avr/4.6.2/avr5\libgcc.a(_copy_data.o)
 .debug_line    0x000064cd       0x8e c:/program files (x86)/atmel/atmel studio 6.0/extensions/atmel/avrgcc/3.4.1.95/avrtoolchain/bin/../lib/gcc/avr/4.6.2/avr5\libgcc.a(_clear_bss.o)
 .debug_line    0x0000655b       0x90 c:/program files (x86)/atmel/atmel studio 6.0/extensions/atmel/avrgcc/3.4.1.95/avrtoolchain/bin/../lib/gcc/avr/4.6.2/avr5\libgcc.a(_ctors.o)
 .debug_line    0x000065eb       0x90 c:/program files (x86)/atmel/atmel studio 6.0/extensions/atmel/avrgcc/3.4.1.95/avrtoolchain/bin/../lib/gcc/avr/4.6.2/avr5\libgcc.a(_dtors.o)
 .debug_line    0x0000667b       0x9a c:/program files (x86)/atmel/atmel studio 6.0/extensions/atmel/avrgcc/3.4.1.95/avrtoolchain/bin/../lib/gcc/avr/4.6.2/avr5\libgcc.a(_udivmodhi4.o)
 .debug_line    0x00006715       0x8c c:/program files (x86)/atmel/atmel studio 6.0/extensions/atmel/avrgcc/3.4.1.95/avrtoolchain/bin/../lib/gcc/avr/4.6.2/avr5\libgcc.a(_tablejump.o)

.debug_frame    0x00000000     0x24dc
 *(.debug_frame)
 .debug_frame   0x00000000      0x2f8 EDB/EDB.o
 .debug_frame   0x000002f8      0x1dc File.o
 .debug_frame   0x000004d4       0xd8 IOUtilities.o
 .debug_frame   0x000005ac       0xd0 MathUtilities.o
 .debug_frame   0x0000067c       0x84 IR.o
 .debug_frame   0x00000700       0xe4 Main_.o
 .debug_frame   0x000007e4      0x2a8 SD/SD.o
 .debug_frame   0x00000a8c      0x38c SD/Sd2Card.o
 .debug_frame   0x00000e18      0x720 SD/SdFile.o
 .debug_frame   0x00001538      0x280 SD/SdVolume.o
 .debug_frame   0x000017b8       0x64 SPI.o
 .debug_frame   0x0000181c      0x220 TimeBsdCode.o
 .debug_frame   0x00001a3c       0xa8 Timer.o
 .debug_frame   0x00001ae4       0xd8 TimerExtended.o
 .debug_frame   0x00001bbc       0x30 C:\Users\Willyan\Documents\Atmel Studio\ArduinoCore\libcore.a(malloc.c.o)
 .debug_frame   0x00001bec       0x70 C:\Users\Willyan\Documents\Atmel Studio\ArduinoCore\libcore.a(wiring.c.o)
 .debug_frame   0x00001c5c       0x40 C:\Users\Willyan\Documents\Atmel Studio\ArduinoCore\libcore.a(wiring_digital.c.o)
 .debug_frame   0x00001c9c      0x110 C:\Users\Willyan\Documents\Atmel Studio\ArduinoCore\libcore.a(HardwareSerial.cpp.o)
 .debug_frame   0x00001dac       0x20 C:\Users\Willyan\Documents\Atmel Studio\ArduinoCore\libcore.a(main.cpp.o)
 .debug_frame   0x00001dcc       0x90 C:\Users\Willyan\Documents\Atmel Studio\ArduinoCore\libcore.a(new.cpp.o)
 .debug_frame   0x00001e5c      0x1c0 C:\Users\Willyan\Documents\Atmel Studio\ArduinoCore\libcore.a(Print.cpp.o)
 .debug_frame   0x0000201c      0x4a0 C:\Users\Willyan\Documents\Atmel Studio\ArduinoCore\libcore.a(WString.cpp.o)
 .debug_frame   0x000024bc       0x20 C:\Users\Willyan\Documents\Atmel Studio\ArduinoCore\libcore.a(realloc.c.o)

.debug_str      0x00000000     0x4ad0
 *(.debug_str)
 .debug_str     0x00000000      0x333 EDB/EDB.o
                                0x385 (size before relaxing)
 .debug_str     0x00000333     0x134e File.o
                               0x14d1 (size before relaxing)
 .debug_str     0x00001681       0x8a IOUtilities.o
                                0x179 (size before relaxing)
 .debug_str     0x0000170b      0x18f MathUtilities.o
                                0x20c (size before relaxing)
 .debug_str     0x0000189a       0x60 IR.o
                                0x180 (size before relaxing)
 .debug_str     0x000018fa       0x14 IRExtended.o
                                0x112 (size before relaxing)
 .debug_str     0x0000190e     0x1288 Main_.o
                               0x26f1 (size before relaxing)
 .debug_str     0x00002b96      0x306 SD/SD.o
                               0x1da0 (size before relaxing)
 .debug_str     0x00002e9c       0x8a SD/Sd2Card.o
                                0xd0d (size before relaxing)
 .debug_str     0x00002f26      0x9a5 SD/SdFile.o
                               0x2451 (size before relaxing)
 .debug_str     0x000038cb       0xec SD/SdVolume.o
                               0x1909 (size before relaxing)
 .debug_str     0x000039b7      0x14d SPI.o
                                0x24c (size before relaxing)
 .debug_str     0x00003b04      0x223 TimeBsdCode.o
                                0x373 (size before relaxing)
 .debug_str     0x00003d27       0xa6 Timer.o
                                0x1bb (size before relaxing)
 .debug_str     0x00003dcd       0xd5 TimerExtended.o
                                0x1c4 (size before relaxing)
 .debug_str     0x00003ea2       0xec C:\Users\Willyan\Documents\Atmel Studio\ArduinoCore\libcore.a(malloc.c.o)
                                0x15f (size before relaxing)
 .debug_str     0x00003f8e       0xab C:\Users\Willyan\Documents\Atmel Studio\ArduinoCore\libcore.a(wiring.c.o)
                                0x15c (size before relaxing)
 .debug_str     0x00004039       0xfe C:\Users\Willyan\Documents\Atmel Studio\ArduinoCore\libcore.a(wiring_digital.c.o)
                                0x1c7 (size before relaxing)
 .debug_str     0x00004137      0x2f6 C:\Users\Willyan\Documents\Atmel Studio\ArduinoCore\libcore.a(HardwareSerial.cpp.o)
                                0xe4d (size before relaxing)
 .debug_str     0x0000442d       0x4c C:\Users\Willyan\Documents\Atmel Studio\ArduinoCore\libcore.a(main.cpp.o)
                                 0xef (size before relaxing)
 .debug_str     0x00004479       0xf5 C:\Users\Willyan\Documents\Atmel Studio\ArduinoCore\libcore.a(new.cpp.o)
                                0x133 (size before relaxing)
 .debug_str     0x0000456e      0x339 C:\Users\Willyan\Documents\Atmel Studio\ArduinoCore\libcore.a(Print.cpp.o)
                                0xc13 (size before relaxing)
 .debug_str     0x000048a7      0x1c1 C:\Users\Willyan\Documents\Atmel Studio\ArduinoCore\libcore.a(WString.cpp.o)
                                0x9af (size before relaxing)
 .debug_str     0x00004a68       0x68 C:\Users\Willyan\Documents\Atmel Studio\ArduinoCore\libcore.a(realloc.c.o)
                                0x123 (size before relaxing)

.debug_loc      0x00000000     0xc774
 *(.debug_loc)
 .debug_loc     0x00000000      0xdef EDB/EDB.o
 .debug_loc     0x00000def      0x7a7 File.o
 .debug_loc     0x00001596      0x364 IOUtilities.o
 .debug_loc     0x000018fa      0x520 MathUtilities.o
 .debug_loc     0x00001e1a      0x137 IR.o
 .debug_loc     0x00001f51      0x1fe Main_.o
 .debug_loc     0x0000214f     0x1125 SD/SD.o
 .debug_loc     0x00003274     0x12f0 SD/Sd2Card.o
 .debug_loc     0x00004564     0x2aa9 SD/SdFile.o
 .debug_loc     0x0000700d      0xd84 SD/SdVolume.o
 .debug_loc     0x00007d91       0x31 SPI.o
 .debug_loc     0x00007dc2      0x8eb TimeBsdCode.o
 .debug_loc     0x000086ad      0x17f Timer.o
 .debug_loc     0x0000882c      0x475 TimerExtended.o
 .debug_loc     0x00008ca1      0x358 C:\Users\Willyan\Documents\Atmel Studio\ArduinoCore\libcore.a(malloc.c.o)
 .debug_loc     0x00008ff9      0x16d C:\Users\Willyan\Documents\Atmel Studio\ArduinoCore\libcore.a(wiring.c.o)
 .debug_loc     0x00009166      0x15e C:\Users\Willyan\Documents\Atmel Studio\ArduinoCore\libcore.a(wiring_digital.c.o)
 .debug_loc     0x000092c4      0x473 C:\Users\Willyan\Documents\Atmel Studio\ArduinoCore\libcore.a(HardwareSerial.cpp.o)
 .debug_loc     0x00009737       0xb0 C:\Users\Willyan\Documents\Atmel Studio\ArduinoCore\libcore.a(new.cpp.o)
 .debug_loc     0x000097e7      0xdb8 C:\Users\Willyan\Documents\Atmel Studio\ArduinoCore\libcore.a(Print.cpp.o)
 .debug_loc     0x0000a59f     0x1f05 C:\Users\Willyan\Documents\Atmel Studio\ArduinoCore\libcore.a(WString.cpp.o)
 .debug_loc     0x0000c4a4      0x2d0 C:\Users\Willyan\Documents\Atmel Studio\ArduinoCore\libcore.a(realloc.c.o)

.debug_macinfo
 *(.debug_macinfo)
OUTPUT(Teste.elf elf32-avr)
LOAD linker stubs

.debug_ranges   0x00000000      0xea8
 .debug_ranges  0x00000000       0xb8 EDB/EDB.o
 .debug_ranges  0x000000b8       0x98 File.o
 .debug_ranges  0x00000150       0x18 IOUtilities.o
 .debug_ranges  0x00000168       0xa8 MathUtilities.o
 .debug_ranges  0x00000210       0x30 IR.o
 .debug_ranges  0x00000240       0x40 Main_.o
 .debug_ranges  0x00000280       0xd0 SD/SD.o
 .debug_ranges  0x00000350       0xb8 SD/Sd2Card.o
 .debug_ranges  0x00000408      0x3e8 SD/SdFile.o
 .debug_ranges  0x000007f0       0x98 SD/SdVolume.o
 .debug_ranges  0x00000888       0x30 SPI.o
 .debug_ranges  0x000008b8       0x78 TimeBsdCode.o
 .debug_ranges  0x00000930       0x38 Timer.o
 .debug_ranges  0x00000968       0x50 TimerExtended.o
 .debug_ranges  0x000009b8       0x20 C:\Users\Willyan\Documents\Atmel Studio\ArduinoCore\libcore.a(malloc.c.o)
 .debug_ranges  0x000009d8       0x40 C:\Users\Willyan\Documents\Atmel Studio\ArduinoCore\libcore.a(wiring.c.o)
 .debug_ranges  0x00000a18       0x28 C:\Users\Willyan\Documents\Atmel Studio\ArduinoCore\libcore.a(wiring_digital.c.o)
 .debug_ranges  0x00000a40       0x90 C:\Users\Willyan\Documents\Atmel Studio\ArduinoCore\libcore.a(HardwareSerial.cpp.o)
 .debug_ranges  0x00000ad0       0x18 C:\Users\Willyan\Documents\Atmel Studio\ArduinoCore\libcore.a(main.cpp.o)
 .debug_ranges  0x00000ae8       0x50 C:\Users\Willyan\Documents\Atmel Studio\ArduinoCore\libcore.a(new.cpp.o)
 .debug_ranges  0x00000b38       0xe8 C:\Users\Willyan\Documents\Atmel Studio\ArduinoCore\libcore.a(Print.cpp.o)
 .debug_ranges  0x00000c20      0x270 C:\Users\Willyan\Documents\Atmel Studio\ArduinoCore\libcore.a(WString.cpp.o)
 .debug_ranges  0x00000e90       0x18 C:\Users\Willyan\Documents\Atmel Studio\ArduinoCore\libcore.a(realloc.c.o)
