Archive member included because of file (symbol)

C:\Users\Willyan\Documents\Atmel Studio\ArduinoCore\libcore.a(wiring.c.o)
                              RF24.o (millis)
C:\Users\Willyan\Documents\Atmel Studio\ArduinoCore\libcore.a(wiring_digital.c.o)
                              Main_.o (pinMode)
C:\Users\Willyan\Documents\Atmel Studio\ArduinoCore\libcore.a(HardwareSerial.cpp.o)
                              IR.o (Serial)
C:\Users\Willyan\Documents\Atmel Studio\ArduinoCore\libcore.a(main.cpp.o)
                              c:/program files (x86)/atmel/atmel studio 6.0/extensions/atmel/avrgcc/3.4.1.95/avrtoolchain/bin/../lib/gcc/avr/4.6.2/../../../../avr/lib/avr5/crtm328p.o (main)
C:\Users\Willyan\Documents\Atmel Studio\ArduinoCore\libcore.a(new.cpp.o)
                              C:\Users\Willyan\Documents\Atmel Studio\ArduinoCore\libcore.a(HardwareSerial.cpp.o) (__cxa_pure_virtual)
C:\Users\Willyan\Documents\Atmel Studio\ArduinoCore\libcore.a(Print.cpp.o)
                              C:\Users\Willyan\Documents\Atmel Studio\ArduinoCore\libcore.a(HardwareSerial.cpp.o) (Print::write(unsigned char const*, unsigned int))
C:\Users\Willyan\Documents\Atmel Studio\ArduinoCore\libcore.a(WString.cpp.o)
                              C:\Users\Willyan\Documents\Atmel Studio\ArduinoCore\libcore.a(Print.cpp.o) (String::operator[](unsigned int) const)
C:\Users\Willyan\Documents\Atmel Studio\ArduinoCore\libcore.a(malloc.c.o)
                              C:\Users\Willyan\Documents\Atmel Studio\ArduinoCore\libcore.a(new.cpp.o) (malloc)
C:\Users\Willyan\Documents\Atmel Studio\ArduinoCore\libcore.a(realloc.c.o)
                              C:\Users\Willyan\Documents\Atmel Studio\ArduinoCore\libcore.a(WString.cpp.o) (realloc)
c:/program files (x86)/atmel/atmel studio 6.0/extensions/atmel/avrgcc/3.4.1.95/avrtoolchain/bin/../lib/gcc/avr/4.6.2/../../../../avr/lib/avr5\libm.a(addsf3.o)
                              C:\Users\Willyan\Documents\Atmel Studio\ArduinoCore\libcore.a(Print.cpp.o) (__subsf3)
c:/program files (x86)/atmel/atmel studio 6.0/extensions/atmel/avrgcc/3.4.1.95/avrtoolchain/bin/../lib/gcc/avr/4.6.2/../../../../avr/lib/avr5\libm.a(addsf3x.o)
                              c:/program files (x86)/atmel/atmel studio 6.0/extensions/atmel/avrgcc/3.4.1.95/avrtoolchain/bin/../lib/gcc/avr/4.6.2/../../../../avr/lib/avr5\libm.a(addsf3.o) (__addsf3x)
c:/program files (x86)/atmel/atmel studio 6.0/extensions/atmel/avrgcc/3.4.1.95/avrtoolchain/bin/../lib/gcc/avr/4.6.2/../../../../avr/lib/avr5\libm.a(cmpsf2.o)
                              C:\Users\Willyan\Documents\Atmel Studio\ArduinoCore\libcore.a(Print.cpp.o) (__ltsf2)
c:/program files (x86)/atmel/atmel studio 6.0/extensions/atmel/avrgcc/3.4.1.95/avrtoolchain/bin/../lib/gcc/avr/4.6.2/../../../../avr/lib/avr5\libm.a(divsf3.o)
                              C:\Users\Willyan\Documents\Atmel Studio\ArduinoCore\libcore.a(Print.cpp.o) (__divsf3)
c:/program files (x86)/atmel/atmel studio 6.0/extensions/atmel/avrgcc/3.4.1.95/avrtoolchain/bin/../lib/gcc/avr/4.6.2/../../../../avr/lib/avr5\libm.a(divsf3x.o)
                              c:/program files (x86)/atmel/atmel studio 6.0/extensions/atmel/avrgcc/3.4.1.95/avrtoolchain/bin/../lib/gcc/avr/4.6.2/../../../../avr/lib/avr5\libm.a(divsf3.o) (__divsf3x)
c:/program files (x86)/atmel/atmel studio 6.0/extensions/atmel/avrgcc/3.4.1.95/avrtoolchain/bin/../lib/gcc/avr/4.6.2/../../../../avr/lib/avr5\libm.a(fixsfsi.o)
                              C:\Users\Willyan\Documents\Atmel Studio\ArduinoCore\libcore.a(Print.cpp.o) (__fixsfsi)
c:/program files (x86)/atmel/atmel studio 6.0/extensions/atmel/avrgcc/3.4.1.95/avrtoolchain/bin/../lib/gcc/avr/4.6.2/../../../../avr/lib/avr5\libm.a(fixunssfsi.o)
                              C:\Users\Willyan\Documents\Atmel Studio\ArduinoCore\libcore.a(Print.cpp.o) (__fixunssfsi)
c:/program files (x86)/atmel/atmel studio 6.0/extensions/atmel/avrgcc/3.4.1.95/avrtoolchain/bin/../lib/gcc/avr/4.6.2/../../../../avr/lib/avr5\libm.a(floatsisf.o)
                              C:\Users\Willyan\Documents\Atmel Studio\ArduinoCore\libcore.a(Print.cpp.o) (__floatunsisf)
c:/program files (x86)/atmel/atmel studio 6.0/extensions/atmel/avrgcc/3.4.1.95/avrtoolchain/bin/../lib/gcc/avr/4.6.2/../../../../avr/lib/avr5\libm.a(fp_cmp.o)
                              c:/program files (x86)/atmel/atmel studio 6.0/extensions/atmel/avrgcc/3.4.1.95/avrtoolchain/bin/../lib/gcc/avr/4.6.2/../../../../avr/lib/avr5\libm.a(cmpsf2.o) (__fp_cmp)
c:/program files (x86)/atmel/atmel studio 6.0/extensions/atmel/avrgcc/3.4.1.95/avrtoolchain/bin/../lib/gcc/avr/4.6.2/../../../../avr/lib/avr5\libm.a(fp_inf.o)
                              c:/program files (x86)/atmel/atmel studio 6.0/extensions/atmel/avrgcc/3.4.1.95/avrtoolchain/bin/../lib/gcc/avr/4.6.2/../../../../avr/lib/avr5\libm.a(addsf3x.o) (__fp_inf)
[...]
Memory Configuration

Name             Origin             Length             Attributes
text             0x00000000         0x00020000         xr
data             0x00800060         0x0000ffa0         rw !x
eeprom           0x00810000         0x00010000         rw !x
fuse             0x00820000         0x00000400         rw !x
lock             0x00830000         0x00000400         rw !x
signature        0x00840000         0x00000400         rw !x
*default*        0x00000000         0xffffffff

Linker script and memory map

Address of section .data set to 0x800100
LOAD c:/program files (x86)/atmel/atmel studio 6.0/extensions/atmel/avrgcc/3.4.1.95/avrtoolchain/bin/../lib/gcc/avr/4.6.2/../../../../avr/lib/avr5/crtm328p.o
LOAD IOUtilities.o
LOAD MathUtilities.o
LOAD IR.o
LOAD IRExtended.o
LOAD Main_.o
LOAD RF.o
LOAD RF24.o
LOAD SPI.o
LOAD Timer.o
LOAD TimerExtended.o
START GROUP
LOAD c:/program files (x86)/atmel/atmel studio 6.0/extensions/atmel/avrgcc/3.4.1.95/avrtoolchain/bin/../lib/gcc/avr/4.6.2/../../../../avr/lib/avr5\libm.a
LOAD C:\Users\Willyan\Documents\Atmel Studio\ArduinoCore\libcore.a
END GROUP
LOAD c:/program files (x86)/atmel/atmel studio 6.0/extensions/atmel/avrgcc/3.4.1.95/avrtoolchain/bin/../lib/gcc/avr/4.6.2/avr5\libgcc.a
LOAD c:/program files (x86)/atmel/atmel studio 6.0/extensions/atmel/avrgcc/3.4.1.95/avrtoolchain/bin/../lib/gcc/avr/4.6.2/../../../../avr/lib/avr5\libm.a
LOAD c:/program files (x86)/atmel/atmel studio 6.0/extensions/atmel/avrgcc/3.4.1.95/avrtoolchain/bin/../lib/gcc/avr/4.6.2/avr5\libgcc.a
LOAD c:/program files (x86)/atmel/atmel studio 6.0/extensions/atmel/avrgcc/3.4.1.95/avrtoolchain/bin/../lib/gcc/avr/4.6.2/../../../../avr/lib/avr5\libc.a
LOAD c:/program files (x86)/atmel/atmel studio 6.0/extensions/atmel/avrgcc/3.4.1.95/avrtoolchain/bin/../lib/gcc/avr/4.6.2/avr5\libgcc.a

.hash
 *(.hash)

.dynsym
 *(.dynsym)

.dynstr
 *(.dynstr)

.gnu.version
 *(.gnu.version)

.gnu.version_d
 *(.gnu.version_d)

.gnu.version_r
 *(.gnu.version_r)

.rel.init
 *(.rel.init)

.rela.init
 *(.rela.init)

.rel.text
 *(.rel.text)
 *(.rel.text.*)
 *(.rel.gnu.linkonce.t*)

.rela.text
 *(.rela.text)
 *(.rela.text.*)
 *(.rela.gnu.linkonce.t*)

.rel.fini
 *(.rel.fini)

.rela.fini
 *(.rela.fini)

.rel.rodata
 *(.rel.rodata)
 *(.rel.rodata.*)
 *(.rel.gnu.linkonce.r*)

.rela.rodata
 *(.rela.rodata)
 *(.rela.rodata.*)
 *(.rela.gnu.linkonce.r*)

.rel.data
 *(.rel.data)
 *(.rel.data.*)
 *(.rel.gnu.linkonce.d*)

.rela.data
 *(.rela.data)
 *(.rela.data.*)
 *(.rela.gnu.linkonce.d*)

.rel.ctors
 *(.rel.ctors)

.rela.ctors
 *(.rela.ctors)

.rel.dtors
 *(.rel.dtors)

.rela.dtors
 *(.rela.dtors)

.rel.got
 *(.rel.got)

.rela.got
 *(.rela.got)

.rel.bss
 *(.rel.bss)

.rela.bss
 *(.rela.bss)

.rel.plt
 *(.rel.plt)

.rela.plt
 *(.rela.plt)

.text           0x00000000      0xdfe
 *(.vectors)
 .vectors       0x00000000       0x68 c:/program files (x86)/atmel/atmel studio 6.0/extensions/atmel/avrgcc/3.4.1.95/avrtoolchain/bin/../lib/gcc/avr/4.6.2/../../../../avr/lib/avr5/crtm328p.o
                0x00000000                __vector_default
                0x00000000                __vectors
 *(.vectors)
 *(.progmem.gcc*)
 *(.progmem*)
 .progmem.data  0x00000068       0x5a C:\Users\Willyan\Documents\Atmel Studio\ArduinoCore\libcore.a(wiring_digital.c.o)
                0x00000068                port_to_mode_PGM
                0x00000072                port_to_output_PGM
                0x0000007c                port_to_input_PGM
                0x00000086                digital_pin_to_port_PGM
                0x0000009a                digital_pin_to_bit_mask_PGM
                0x000000ae                digital_pin_to_timer_PGM
                0x000000c2                . = ALIGN (0x2)
                0x000000c2                __trampolines_start = .
 *(.trampolines)
 .trampolines   0x000000c2        0x0 linker stubs
 *(.trampolines*)
                0x000000c2                __trampolines_end = .
 *(.jumptables)
 *(.jumptables*)
 *(.lowtext)
 *(.lowtext*)
                0x000000c2                __ctors_start = .
 *(.ctors)
 .ctors         0x000000c2        0x2 C:\Users\Willyan\Documents\Atmel Studio\ArduinoCore\libcore.a(HardwareSerial.cpp.o)
                0x000000c4                __ctors_end = .
                0x000000c4                __dtors_start = .
 *(.dtors)
                0x000000c4                __dtors_end = .
 SORT(*)(.ctors)
 SORT(*)(.dtors)
 *(.init0)
 .init0         0x000000c4        0x0 c:/program files (x86)/atmel/atmel studio 6.0/extensions/atmel/avrgcc/3.4.1.95/avrtoolchain/bin/../lib/gcc/avr/4.6.2/../../../../avr/lib/avr5/crtm328p.o
                0x000000c4                __init
 *(.init0)
 *(.init1)
 *(.init1)
 *(.init2)
 .init2         0x000000c4        0xc c:/program files (x86)/atmel/atmel studio 6.0/extensions/atmel/avrgcc/3.4.1.95/avrtoolchain/bin/../lib/gcc/avr/4.6.2/../../../../avr/lib/avr5/crtm328p.o
 *(.init2)
 *(.init3)
 *(.init3)
 *(.init4)
 .init4         0x000000d0       0x16 c:/program files (x86)/atmel/atmel studio 6.0/extensions/atmel/avrgcc/3.4.1.95/avrtoolchain/bin/../lib/gcc/avr/4.6.2/avr5\libgcc.a(_copy_data.o)
                0x000000d0                __do_copy_data
 .init4         0x000000e6       0x10 c:/program files (x86)/atmel/atmel studio 6.0/extensions/atmel/avrgcc/3.4.1.95/avrtoolchain/bin/../lib/gcc/avr/4.6.2/avr5\libgcc.a(_clear_bss.o)
                0x000000e6                __do_clear_bss
 *(.init4)
 *(.init5)
 *(.init5)
 *(.init6)
 .init6         0x000000f6       0x16 c:/program files (x86)/atmel/atmel studio 6.0/extensions/atmel/avrgcc/3.4.1.95/avrtoolchain/bin/../lib/gcc/avr/4.6.2/avr5\libgcc.a(_ctors.o)
                0x000000f6                __do_global_ctors
 *(.init6)
 *(.init7)
 *(.init7)
 *(.init8)
 *(.init8)
 *(.init9)
 .init9         0x0000010c        0x8 c:/program files (x86)/atmel/atmel studio 6.0/extensions/atmel/avrgcc/3.4.1.95/avrtoolchain/bin/../lib/gcc/avr/4.6.2/../../../../avr/lib/avr5/crtm328p.o
 *(.init9)
 *(.text)
 .text          0x00000114        0x4 c:/program files (x86)/atmel/atmel studio 6.0/extensions/atmel/avrgcc/3.4.1.95/avrtoolchain/bin/../lib/gcc/avr/4.6.2/../../../../avr/lib/avr5/crtm328p.o
                0x00000114                __vector_22
                0x00000114                __vector_1
                0x00000114                __vector_24
                0x00000114                __vector_12
                0x00000114                __bad_interrupt
                0x00000114                __vector_6
                0x00000114                __vector_3
                0x00000114                __vector_23
                0x00000114                __vector_25
                0x00000114                __vector_11
                0x00000114                __vector_13
                0x00000114                __vector_17
                0x00000114                __vector_7
                0x00000114                __vector_5
                0x00000114                __vector_4
                0x00000114                __vector_9
                0x00000114                __vector_2
                0x00000114                __vector_21
                0x00000114                __vector_15
                0x00000114                __vector_8
                0x00000114                __vector_14
                0x00000114                __vector_10
                0x00000114                __vector_20
                0x00000118                . = ALIGN (0x2)
 *(.text.*)
 .text._Z10whileInputbiiRjib
                0x00000118       0xb8 IOUtilities.o
                0x00000118                whileInput(bool, int, int, unsigned int&, int, bool)
 .text._Z10whileInputbimRmib
                0x000001d0       0xea IOUtilities.o
                0x000001d0                whileInput(bool, int, unsigned long, unsigned long&, int, bool)
 .text._ZN2IR7captureEibi
                0x000002ba      0x152 IR.o
                0x000002ba                IR::capture(int, bool, int)
 .text._ZN2IR5teachEi
                0x0000040c       0x4a IR.o
                0x0000040c                IR::teach(int)
 .text.setup    0x00000456       0x58 Main_.o
                0x00000456                setup
 .text.loop     0x000004ae       0x5c Main_.o
                0x000004ae                loop
 .text._ZN2RF5teachEii
                0x0000050a       0x4a RF.o
                0x0000050a                RF::teach(int, int)
 .text.__vector_16
                0x00000554       0x90 C:\Users\Willyan\Documents\Atmel Studio\ArduinoCore\libcore.a(wiring.c.o)
                0x00000554                __vector_16
 .text.delayMicroseconds
                0x000005e4       0x14 C:\Users\Willyan\Documents\Atmel Studio\ArduinoCore\libcore.a(wiring.c.o)
                0x000005e4                delayMicroseconds
 .text.init     0x000005f8       0x76 C:\Users\Willyan\Documents\Atmel Studio\ArduinoCore\libcore.a(wiring.c.o)
                0x000005f8                init
 .text.pinMode  0x0000066e       0x7e C:\Users\Willyan\Documents\Atmel Studio\ArduinoCore\libcore.a(wiring_digital.c.o)
                0x0000066e                pinMode
 .text.digitalWrite
                0x000006ec       0xa8 C:\Users\Willyan\Documents\Atmel Studio\ArduinoCore\libcore.a(wiring_digital.c.o)
                0x000006ec                digitalWrite
 .text.digitalRead
                0x00000794       0xa6 C:\Users\Willyan\Documents\Atmel Studio\ArduinoCore\libcore.a(wiring_digital.c.o)
                0x00000794                digitalRead
 .text._Z11serialEventv
                0x0000083a        0x2 C:\Users\Willyan\Documents\Atmel Studio\ArduinoCore\libcore.a(HardwareSerial.cpp.o)
                0x0000083a                serialEvent()
 .text.__vector_18
                0x0000083c       0x76 C:\Users\Willyan\Documents\Atmel Studio\ArduinoCore\libcore.a(HardwareSerial.cpp.o)
                0x0000083c                __vector_18
 .text._Z14serialEventRunv
                0x000008b2       0x26 C:\Users\Willyan\Documents\Atmel Studio\ArduinoCore\libcore.a(HardwareSerial.cpp.o)
                0x000008b2                serialEventRun()
 .text.__vector_19
                0x000008d8       0x76 C:\Users\Willyan\Documents\Atmel Studio\ArduinoCore\libcore.a(HardwareSerial.cpp.o)
                0x000008d8                __vector_19
 .text._ZN14HardwareSerial5beginEm
                0x0000094e      0x10e C:\Users\Willyan\Documents\Atmel Studio\ArduinoCore\libcore.a(HardwareSerial.cpp.o)
                0x0000094e                HardwareSerial::begin(unsigned long)
 .text._ZN14HardwareSerial9availableEv
                0x00000a5c       0x22 C:\Users\Willyan\Documents\Atmel Studio\ArduinoCore\libcore.a(HardwareSerial.cpp.o)
                0x00000a5c                HardwareSerial::available()
 .text._ZN14HardwareSerial4peekEv
                0x00000a7e       0x40 C:\Users\Willyan\Documents\Atmel Studio\ArduinoCore\libcore.a(HardwareSerial.cpp.o)
                0x00000a7e                HardwareSerial::peek()
 .text._ZN14HardwareSerial4readEv
                0x00000abe       0x52 C:\Users\Willyan\Documents\Atmel Studio\ArduinoCore\libcore.a(HardwareSerial.cpp.o)
                0x00000abe                HardwareSerial::read()
 .text._ZN14HardwareSerial5flushEv
                0x00000b10       0x20 C:\Users\Willyan\Documents\Atmel Studio\ArduinoCore\libcore.a(HardwareSerial.cpp.o)
                0x00000b10                HardwareSerial::flush()
 .text._ZN14HardwareSerial5writeEh
                0x00000b30       0x80 C:\Users\Willyan\Documents\Atmel Studio\ArduinoCore\libcore.a(HardwareSerial.cpp.o)
                0x00000b30                HardwareSerial::write(unsigned char)
 .text._GLOBAL__I_rx_buffer
                0x00000bb0       0xac C:\Users\Willyan\Documents\Atmel Studio\ArduinoCore\libcore.a(HardwareSerial.cpp.o)
 .text.main     0x00000c5c       0x1e C:\Users\Willyan\Documents\Atmel Studio\ArduinoCore\libcore.a(main.cpp.o)
                0x00000c5c                main
 .text._ZN5Print5writeEPKhj
                0x00000c7a       0x54 C:\Users\Willyan\Documents\Atmel Studio\ArduinoCore\libcore.a(Print.cpp.o)
                0x00000c7a                Print::write(unsigned char const*, unsigned int)
 .text._ZN5Print7printlnEv
                0x00000cce       0x40 C:\Users\Willyan\Documents\Atmel Studio\ArduinoCore\libcore.a(Print.cpp.o)
                0x00000cce                Print::println()
 .text._ZN5Print5writeEPKc
                0x00000d0e       0x38 C:\Users\Willyan\Documents\Atmel Studio\ArduinoCore\libcore.a(Print.cpp.o)
                0x00000d0e                Print::write(char const*)
 .text._ZN5Print7printlnEPKc
                0x00000d46       0x26 C:\Users\Willyan\Documents\Atmel Studio\ArduinoCore\libcore.a(Print.cpp.o)
                0x00000d46                Print::println(char const*)
 .text.libgcc   0x00000d6c       0x3e c:/program files (x86)/atmel/atmel studio 6.0/extensions/atmel/avrgcc/3.4.1.95/avrtoolchain/bin/../lib/gcc/avr/4.6.2/avr5\libgcc.a(_mulsi3.o)
                0x00000d6c                __mulsi3
 .text.libgcc   0x00000daa       0x44 c:/program files (x86)/atmel/atmel studio 6.0/extensions/atmel/avrgcc/3.4.1.95/avrtoolchain/bin/../lib/gcc/avr/4.6.2/avr5\libgcc.a(_udivmodsi4.o)
                0x00000daa                __udivmodsi4
 .text.libgcc   0x00000dee        0xc c:/program files (x86)/atmel/atmel studio 6.0/extensions/atmel/avrgcc/3.4.1.95/avrtoolchain/bin/../lib/gcc/avr/4.6.2/avr5\libgcc.a(_tablejump.o)
                0x00000dee                __tablejump2__
                0x00000df2                __tablejump__
                0x00000dfa                . = ALIGN (0x2)
 *(.fini9)
 .fini9         0x00000dfa        0x0 c:/program files (x86)/atmel/atmel studio 6.0/extensions/atmel/avrgcc/3.4.1.95/avrtoolchain/bin/../lib/gcc/avr/4.6.2/avr5\libgcc.a(_exit.o)
                0x00000dfa                _exit
                0x00000dfa                exit
 *(.fini9)
 *(.fini8)
 *(.fini8)
 *(.fini7)
 *(.fini7)
 *(.fini6)
 *(.fini6)
 *(.fini5)
 *(.fini5)
 *(.fini4)
 *(.fini4)
 *(.fini3)
 *(.fini3)
 *(.fini2)
 *(.fini2)
 *(.fini1)
 *(.fini1)
 *(.fini0)
 .fini0         0x00000dfa        0x4 c:/program files (x86)/atmel/atmel studio 6.0/extensions/atmel/avrgcc/3.4.1.95/avrtoolchain/bin/../lib/gcc/avr/4.6.2/avr5\libgcc.a(_exit.o)
 *(.fini0)
                0x00000dfe                _etext = .

.data           0x00800100      0x434 load address 0x00000dfe
                0x00800100                PROVIDE (__data_start, .)
 *(.data)
 .data          0x00800100        0x0 c:/program files (x86)/atmel/atmel studio 6.0/extensions/atmel/avrgcc/3.4.1.95/avrtoolchain/bin/../lib/gcc/avr/4.6.2/../../../../avr/lib/avr5/crtm328p.o
 .data          0x00800100        0x0 IOUtilities.o
 .data          0x00800100        0x0 MathUtilities.o
 .data          0x00800100      0x1ed IR.o
                0x008002e7                vtable for IR
 .data          0x008002ed        0x0 IRExtended.o
 .data          0x008002ed        0xc Main_.o
                0x008002ed                IRLedPin
                0x008002ef                IRLedEmiterPin
                0x008002f1                ledRedPin
                0x008002f3                ledYellowPin
                0x008002f5                ledGreenPin
                0x008002f7                btn1Pin
 .data          0x008002f9       0x65 RF.o
                0x00800356                vtable for RF
 .data          0x0080035e      0x1b7 RF24.o
 .data          0x00800515        0x0 SPI.o
 .data          0x00800515        0x0 Timer.o
 .data          0x00800515        0x0 TimerExtended.o
 .data          0x00800515        0x0 C:\Users\Willyan\Documents\Atmel Studio\ArduinoCore\libcore.a(wiring.c.o)
 .data          0x00800515        0x0 C:\Users\Willyan\Documents\Atmel Studio\ArduinoCore\libcore.a(wiring_digital.c.o)
 .data          0x00800515        0x0 C:\Users\Willyan\Documents\Atmel Studio\ArduinoCore\libcore.a(HardwareSerial.cpp.o)
 .data          0x00800515        0x0 C:\Users\Willyan\Documents\Atmel Studio\ArduinoCore\libcore.a(main.cpp.o)
 .data          0x00800515        0x0 C:\Users\Willyan\Documents\Atmel Studio\ArduinoCore\libcore.a(new.cpp.o)
 .data          0x00800515        0xe C:\Users\Willyan\Documents\Atmel Studio\ArduinoCore\libcore.a(Print.cpp.o)
 .data          0x00800523        0x1 C:\Users\Willyan\Documents\Atmel Studio\ArduinoCore\libcore.a(WString.cpp.o)
 .data          0x00800524        0x0 C:\Users\Willyan\Documents\Atmel Studio\ArduinoCore\libcore.a(malloc.c.o)
 .data          0x00800524        0x0 C:\Users\Willyan\Documents\Atmel Studio\ArduinoCore\libcore.a(realloc.c.o)
 .data          0x00800524        0x0 c:/program files (x86)/atmel/atmel studio 6.0/extensions/atmel/avrgcc/3.4.1.95/avrtoolchain/bin/../lib/gcc/avr/4.6.2/../../../../avr/lib/avr5\libm.a(addsf3.o)
 .data          0x00800524        0x0 c:/program files (x86)/atmel/atmel studio 6.0/extensions/atmel/avrgcc/3.4.1.95/avrtoolchain/bin/../lib/gcc/avr/4.6.2/../../../../avr/lib/avr5\libm.a(addsf3x.o)
 .data          0x00800524        0x0 c:/program files (x86)/atmel/atmel studio 6.0/extensions/atmel/avrgcc/3.4.1.95/avrtoolchain/bin/../lib/gcc/avr/4.6.2/../../../../avr/lib/avr5\libm.a(cmpsf2.o)
 .data          0x00800524        0x0 c:/program files (x86)/atmel/atmel studio 6.0/extensions/atmel/avrgcc/3.4.1.95/avrtoolchain/bin/../lib/gcc/avr/4.6.2/../../../../avr/lib/avr5\libm.a(divsf3.o)
 .data          0x00800524        0x0 c:/program files (x86)/atmel/atmel studio 6.0/extensions/atmel/avrgcc/3.4.1.95/avrtoolchain/bin/../lib/gcc/avr/4.6.2/../../../../avr/lib/avr5\libm.a(divsf3x.o)
 .data          0x00800524        0x0 c:/program files (x86)/atmel/atmel studio 6.0/extensions/atmel/avrgcc/3.4.1.95/avrtoolchain/bin/../lib/gcc/avr/4.6.2/../../../../avr/lib/avr5\libm.a(fixsfsi.o)
 .data          0x00800524        0x0 c:/program files (x86)/atmel/atmel studio 6.0/extensions/atmel/avrgcc/3.4.1.95/avrtoolchain/bin/../lib/gcc/avr/4.6.2/../../../../avr/lib/avr5\libm.a(fixunssfsi.o)
 .data          0x00800524        0x0 c:/program files (x86)/atmel/atmel studio 6.0/extensions/atmel/avrgcc/3.4.1.95/avrtoolchain/bin/../lib/gcc/avr/4.6.2/../../../../avr/lib/avr5\libm.a(floatsisf.o)
 .data          0x00800524        0x0 c:/program files (x86)/atmel/atmel studio 6.0/extensions/atmel/avrgcc/3.4.1.95/avrtoolchain/bin/../lib/gcc/avr/4.6.2/../../../../avr/lib/avr5\libm.a(fp_cmp.o)
 .data          0x00800524        0x0 c:/program files (x86)/atmel/atmel studio 6.0/extensions/atmel/avrgcc/3.4.1.95/avrtoolchain/bin/../lib/gcc/avr/4.6.2/../../../../avr/lib/avr5\libm.a(fp_inf.o)
 .data          0x00800524        0x0 c:/program files (x86)/atmel/atmel studio 6.0/extensions/atmel/avrgcc/3.4.1.95/avrtoolchain/bin/../lib/gcc/avr/4.6.2/../../../../avr/lib/avr5\libm.a(fp_nan.o)
 .data          0x00800524        0x0 c:/program files (x86)/atmel/atmel studio 6.0/extensions/atmel/avrgcc/3.4.1.95/avrtoolchain/bin/../lib/gcc/avr/4.6.2/../../../../avr/lib/avr5\libm.a(fp_pscA.o)
 .data          0x00800524        0x0 c:/program files (x86)/atmel/atmel studio 6.0/extensions/atmel/avrgcc/3.4.1.95/avrtoolchain/bin/../lib/gcc/avr/4.6.2/../../../../avr/lib/avr5\libm.a(fp_pscB.o)
 .data          0x00800524        0x0 c:/program files (x86)/atmel/atmel studio 6.0/extensions/atmel/avrgcc/3.4.1.95/avrtoolchain/bin/../lib/gcc/avr/4.6.2/../../../../avr/lib/avr5\libm.a(fp_round.o)
 .data          0x00800524        0x0 c:/program files (x86)/atmel/atmel studio 6.0/extensions/atmel/avrgcc/3.4.1.95/avrtoolchain/bin/../lib/gcc/avr/4.6.2/../../../../avr/lib/avr5\libm.a(fp_split3.o)
 .data          0x00800524        0x0 c:/program files (x86)/atmel/atmel studio 6.0/extensions/atmel/avrgcc/3.4.1.95/avrtoolchain/bin/../lib/gcc/avr/4.6.2/../../../../avr/lib/avr5\libm.a(fp_zero.o)
 .data          0x00800524        0x0 c:/program files (x86)/atmel/atmel studio 6.0/extensions/atmel/avrgcc/3.4.1.95/avrtoolchain/bin/../lib/gcc/avr/4.6.2/../../../../avr/lib/avr5\libm.a(gesf2.o)
 .data          0x00800524        0x0 c:/program files (x86)/atmel/atmel studio 6.0/extensions/atmel/avrgcc/3.4.1.95/avrtoolchain/bin/../lib/gcc/avr/4.6.2/../../../../avr/lib/avr5\libm.a(mulsf3.o)
 .data          0x00800524        0x0 c:/program files (x86)/atmel/atmel studio 6.0/extensions/atmel/avrgcc/3.4.1.95/avrtoolchain/bin/../lib/gcc/avr/4.6.2/../../../../avr/lib/avr5\libm.a(mulsf3x.o)
 .data          0x00800524        0x0 c:/program files (x86)/atmel/atmel studio 6.0/extensions/atmel/avrgcc/3.4.1.95/avrtoolchain/bin/../lib/gcc/avr/4.6.2/../../../../avr/lib/avr5\libm.a(unordsf2.o)
 .data          0x00800524        0x0 c:/program files (x86)/atmel/atmel studio 6.0/extensions/atmel/avrgcc/3.4.1.95/avrtoolchain/bin/../lib/gcc/avr/4.6.2/avr5\libgcc.a(_mulsi3.o)
 .data          0x00800524        0x0 c:/program files (x86)/atmel/atmel studio 6.0/extensions/atmel/avrgcc/3.4.1.95/avrtoolchain/bin/../lib/gcc/avr/4.6.2/avr5\libgcc.a(_divmodhi4.o)
 .data          0x00800524        0x0 c:/program files (x86)/atmel/atmel studio 6.0/extensions/atmel/avrgcc/3.4.1.95/avrtoolchain/bin/../lib/gcc/avr/4.6.2/avr5\libgcc.a(_udivmodsi4.o)
 .data          0x00800524        0x0 c:/program files (x86)/atmel/atmel studio 6.0/extensions/atmel/avrgcc/3.4.1.95/avrtoolchain/bin/../lib/gcc/avr/4.6.2/avr5\libgcc.a(_exit.o)
 .data          0x00800524        0x0 c:/program files (x86)/atmel/atmel studio 6.0/extensions/atmel/avrgcc/3.4.1.95/avrtoolchain/bin/../lib/gcc/avr/4.6.2/avr5\libgcc.a(_copy_data.o)
 .data          0x00800524        0x0 c:/program files (x86)/atmel/atmel studio 6.0/extensions/atmel/avrgcc/3.4.1.95/avrtoolchain/bin/../lib/gcc/avr/4.6.2/avr5\libgcc.a(_clear_bss.o)
 .data          0x00800524        0x0 c:/program files (x86)/atmel/atmel studio 6.0/extensions/atmel/avrgcc/3.4.1.95/avrtoolchain/bin/../lib/gcc/avr/4.6.2/avr5\libgcc.a(_ctors.o)
 .data          0x00800524        0x0 c:/program files (x86)/atmel/atmel studio 6.0/extensions/atmel/avrgcc/3.4.1.95/avrtoolchain/bin/../lib/gcc/avr/4.6.2/avr5\libgcc.a(_udivmodhi4.o)
 .data          0x00800524        0x0 c:/program files (x86)/atmel/atmel studio 6.0/extensions/atmel/avrgcc/3.4.1.95/avrtoolchain/bin/../lib/gcc/avr/4.6.2/avr5\libgcc.a(_tablejump.o)
 .data          0x00800524        0x0 c:/program files (x86)/atmel/atmel studio 6.0/extensions/atmel/avrgcc/3.4.1.95/avrtoolchain/bin/../lib/gcc/avr/4.6.2/../../../../avr/lib/avr5\libc.a(atol.o)
 .data          0x00800524        0x0 c:/program files (x86)/atmel/atmel studio 6.0/extensions/atmel/avrgcc/3.4.1.95/avrtoolchain/bin/../lib/gcc/avr/4.6.2/../../../../avr/lib/avr5\libc.a(isspace.o)
 .data          0x00800524        0x0 c:/program files (x86)/atmel/atmel studio 6.0/extensions/atmel/avrgcc/3.4.1.95/avrtoolchain/bin/../lib/gcc/avr/4.6.2/../../../../avr/lib/avr5\libc.a(tolower.o)
 .data          0x00800524        0x0 c:/program files (x86)/atmel/atmel studio 6.0/extensions/atmel/avrgcc/3.4.1.95/avrtoolchain/bin/../lib/gcc/avr/4.6.2/../../../../avr/lib/avr5\libc.a(toupper.o)
 .data          0x00800524        0x0 c:/program files (x86)/atmel/atmel studio 6.0/extensions/atmel/avrgcc/3.4.1.95/avrtoolchain/bin/../lib/gcc/avr/4.6.2/../../../../avr/lib/avr5\libc.a(memcpy.o)
 .data          0x00800524        0x0 c:/program files (x86)/atmel/atmel studio 6.0/extensions/atmel/avrgcc/3.4.1.95/avrtoolchain/bin/../lib/gcc/avr/4.6.2/../../../../avr/lib/avr5\libc.a(memmove.o)
 .data          0x00800524        0x0 c:/program files (x86)/atmel/atmel studio 6.0/extensions/atmel/avrgcc/3.4.1.95/avrtoolchain/bin/../lib/gcc/avr/4.6.2/../../../../avr/lib/avr5\libc.a(strchr.o)
 .data          0x00800524        0x0 c:/program files (x86)/atmel/atmel studio 6.0/extensions/atmel/avrgcc/3.4.1.95/avrtoolchain/bin/../lib/gcc/avr/4.6.2/../../../../avr/lib/avr5\libc.a(strcmp.o)
 .data          0x00800524        0x0 c:/program files (x86)/atmel/atmel studio 6.0/extensions/atmel/avrgcc/3.4.1.95/avrtoolchain/bin/../lib/gcc/avr/4.6.2/../../../../avr/lib/avr5\libc.a(strcpy.o)
 .data          0x00800524        0x0 c:/program files (x86)/atmel/atmel studio 6.0/extensions/atmel/avrgcc/3.4.1.95/avrtoolchain/bin/../lib/gcc/avr/4.6.2/../../../../avr/lib/avr5\libc.a(strncmp.o)
 .data          0x00800524        0x0 c:/program files (x86)/atmel/atmel studio 6.0/extensions/atmel/avrgcc/3.4.1.95/avrtoolchain/bin/../lib/gcc/avr/4.6.2/../../../../avr/lib/avr5\libc.a(strncpy.o)
 .data          0x00800524        0x0 c:/program files (x86)/atmel/atmel studio 6.0/extensions/atmel/avrgcc/3.4.1.95/avrtoolchain/bin/../lib/gcc/avr/4.6.2/../../../../avr/lib/avr5\libc.a(strrchr.o)
 .data          0x00800524        0x0 c:/program files (x86)/atmel/atmel studio 6.0/extensions/atmel/avrgcc/3.4.1.95/avrtoolchain/bin/../lib/gcc/avr/4.6.2/../../../../avr/lib/avr5\libc.a(strstr.o)
 .data          0x00800524        0x0 c:/program files (x86)/atmel/atmel studio 6.0/extensions/atmel/avrgcc/3.4.1.95/avrtoolchain/bin/../lib/gcc/avr/4.6.2/../../../../avr/lib/avr5\libc.a(itoa.o)
 .data          0x00800524        0x0 c:/program files (x86)/atmel/atmel studio 6.0/extensions/atmel/avrgcc/3.4.1.95/avrtoolchain/bin/../lib/gcc/avr/4.6.2/../../../../avr/lib/avr5\libc.a(ltoa.o)
 .data          0x00800524        0x0 c:/program files (x86)/atmel/atmel studio 6.0/extensions/atmel/avrgcc/3.4.1.95/avrtoolchain/bin/../lib/gcc/avr/4.6.2/../../../../avr/lib/avr5\libc.a(mulsi10.o)
 .data          0x00800524        0x0 c:/program files (x86)/atmel/atmel studio 6.0/extensions/atmel/avrgcc/3.4.1.95/avrtoolchain/bin/../lib/gcc/avr/4.6.2/../../../../avr/lib/avr5\libc.a(ultoa.o)
 .data          0x00800524        0x0 c:/program files (x86)/atmel/atmel studio 6.0/extensions/atmel/avrgcc/3.4.1.95/avrtoolchain/bin/../lib/gcc/avr/4.6.2/../../../../avr/lib/avr5\libc.a(utoa.o)
 .data          0x00800524        0x0 c:/program files (x86)/atmel/atmel studio 6.0/extensions/atmel/avrgcc/3.4.1.95/avrtoolchain/bin/../lib/gcc/avr/4.6.2/../../../../avr/lib/avr5\libc.a(printf.o)
 .data          0x00800524        0x0 c:/program files (x86)/atmel/atmel studio 6.0/extensions/atmel/avrgcc/3.4.1.95/avrtoolchain/bin/../lib/gcc/avr/4.6.2/../../../../avr/lib/avr5\libc.a(puts.o)
 .data          0x00800524        0x0 c:/program files (x86)/atmel/atmel studio 6.0/extensions/atmel/avrgcc/3.4.1.95/avrtoolchain/bin/../lib/gcc/avr/4.6.2/../../../../avr/lib/avr5\libc.a(vfprintf_std.o)
 .data          0x00800524        0x0 c:/program files (x86)/atmel/atmel studio 6.0/extensions/atmel/avrgcc/3.4.1.95/avrtoolchain/bin/../lib/gcc/avr/4.6.2/../../../../avr/lib/avr5\libc.a(cty_isfalse.o)
 .data          0x00800524        0x0 c:/program files (x86)/atmel/atmel studio 6.0/extensions/atmel/avrgcc/3.4.1.95/avrtoolchain/bin/../lib/gcc/avr/4.6.2/../../../../avr/lib/avr5\libc.a(strnlen_P.o)
 .data          0x00800524        0x0 c:/program files (x86)/atmel/atmel studio 6.0/extensions/atmel/avrgcc/3.4.1.95/avrtoolchain/bin/../lib/gcc/avr/4.6.2/../../../../avr/lib/avr5\libc.a(strnlen.o)
 .data          0x00800524        0x0 c:/program files (x86)/atmel/atmel studio 6.0/extensions/atmel/avrgcc/3.4.1.95/avrtoolchain/bin/../lib/gcc/avr/4.6.2/../../../../avr/lib/avr5\libc.a(strrev.o)
 .data          0x00800524        0x0 c:/program files (x86)/atmel/atmel studio 6.0/extensions/atmel/avrgcc/3.4.1.95/avrtoolchain/bin/../lib/gcc/avr/4.6.2/../../../../avr/lib/avr5\libc.a(fputc.o)
 .data          0x00800524        0x0 c:/program files (x86)/atmel/atmel studio 6.0/extensions/atmel/avrgcc/3.4.1.95/avrtoolchain/bin/../lib/gcc/avr/4.6.2/../../../../avr/lib/avr5\libc.a(iob.o)
 .data          0x00800524        0x0 c:/program files (x86)/atmel/atmel studio 6.0/extensions/atmel/avrgcc/3.4.1.95/avrtoolchain/bin/../lib/gcc/avr/4.6.2/../../../../avr/lib/avr5\libc.a(ultoa_invert.o)
 .data          0x00800524        0x0 c:/program files (x86)/atmel/atmel studio 6.0/extensions/atmel/avrgcc/3.4.1.95/avrtoolchain/bin/../lib/gcc/avr/4.6.2/avr5\libgcc.a(_prologue.o)
 .data          0x00800524        0x0 c:/program files (x86)/atmel/atmel studio 6.0/extensions/atmel/avrgcc/3.4.1.95/avrtoolchain/bin/../lib/gcc/avr/4.6.2/avr5\libgcc.a(_epilogue.o)
 *(.data*)
 *(.rodata)
 *(.rodata*)
 .rodata._ZTV14HardwareSerial
                0x00800524       0x10 C:\Users\Willyan\Documents\Atmel Studio\ArduinoCore\libcore.a(HardwareSerial.cpp.o)
                0x00800524                vtable for HardwareSerial
 *(.gnu.linkonce.d*)
                0x00800534                . = ALIGN (0x2)
                0x00800534                _edata = .
                0x00800534                PROVIDE (__data_end, .)

.bss            0x00800534       0xcf
                0x00800534                PROVIDE (__bss_start, .)
 *(.bss)
 .bss           0x00800534       0x1c Main_.o
                0x00800534                abc
                0x00800535                data
                0x00800549                btn1ons
                0x0080054a                IRLedEmiter
                0x0080054b                IRLed
                0x0080054c                ledRed
                0x0080054d                ledYellow
                0x0080054e                ledGreen
                0x0080054f                btn1
 *(.bss*)
 .bss.timer0_overflow_count
                0x00800550        0x4 C:\Users\Willyan\Documents\Atmel Studio\ArduinoCore\libcore.a(wiring.c.o)
                0x00800550                timer0_overflow_count
 .bss.timer0_millis
                0x00800554        0x4 C:\Users\Willyan\Documents\Atmel Studio\ArduinoCore\libcore.a(wiring.c.o)
                0x00800554                timer0_millis
 .bss.timer0_fract
                0x00800558        0x1 C:\Users\Willyan\Documents\Atmel Studio\ArduinoCore\libcore.a(wiring.c.o)
 .bss.rx_buffer
                0x00800559       0x44 C:\Users\Willyan\Documents\Atmel Studio\ArduinoCore\libcore.a(HardwareSerial.cpp.o)
                0x00800559                rx_buffer
 .bss.tx_buffer
                0x0080059d       0x44 C:\Users\Willyan\Documents\Atmel Studio\ArduinoCore\libcore.a(HardwareSerial.cpp.o)
                0x0080059d                tx_buffer
 .bss.Serial    0x008005e1       0x22 C:\Users\Willyan\Documents\Atmel Studio\ArduinoCore\libcore.a(HardwareSerial.cpp.o)
                0x008005e1                Serial
 *(COMMON)
                0x00800603                PROVIDE (__bss_end, .)
                0x00000dfe                __data_load_start = LOADADDR (.data)
                0x00001232                __data_load_end = (__data_load_start + SIZEOF (.data))

.noinit         0x00800603        0x0
                0x00800603                PROVIDE (__noinit_start, .)
 *(.noinit*)
                0x00800603                PROVIDE (__noinit_end, .)
                0x00800603                _end = .
                0x00800603                PROVIDE (__heap_start, .)

.eeprom         0x00810000        0x0
 *(.eeprom*)
                0x00810000                __eeprom_end = .

.fuse
 *(.fuse)
 *(.lfuse)
 *(.hfuse)
 *(.efuse)

.lock
 *(.lock*)

.signature
 *(.signature*)

.stab           0x00000000     0x3558
 *(.stab)
 .stab          0x00000000      0x6cc c:/program files (x86)/atmel/atmel studio 6.0/extensions/atmel/avrgcc/3.4.1.95/avrtoolchain/bin/../lib/gcc/avr/4.6.2/../../../../avr/lib/avr5/crtm328p.o
 .stab          0x000006cc       0x78 c:/program files (x86)/atmel/atmel studio 6.0/extensions/atmel/avrgcc/3.4.1.95/avrtoolchain/bin/../lib/gcc/avr/4.6.2/../../../../avr/lib/avr5\libm.a(addsf3.o)
                                 0x84 (size before relaxing)
 .stab          0x00000744      0x4bc c:/program files (x86)/atmel/atmel studio 6.0/extensions/atmel/avrgcc/3.4.1.95/avrtoolchain/bin/../lib/gcc/avr/4.6.2/../../../../avr/lib/avr5\libm.a(addsf3x.o)
                                0x4c8 (size before relaxing)
 .stab          0x00000c00       0x90 c:/program files (x86)/atmel/atmel studio 6.0/extensions/atmel/avrgcc/3.4.1.95/avrtoolchain/bin/../lib/gcc/avr/4.6.2/../../../../avr/lib/avr5\libm.a(cmpsf2.o)
                                 0x9c (size before relaxing)
 .stab          0x00000c90       0x48 c:/program files (x86)/atmel/atmel studio 6.0/extensions/atmel/avrgcc/3.4.1.95/avrtoolchain/bin/../lib/gcc/avr/4.6.2/../../../../avr/lib/avr5\libm.a(divsf3.o)
                                 0x54 (size before relaxing)
 .stab          0x00000cd8      0x510 c:/program files (x86)/atmel/atmel studio 6.0/extensions/atmel/avrgcc/3.4.1.95/avrtoolchain/bin/../lib/gcc/avr/4.6.2/../../../../avr/lib/avr5\libm.a(divsf3x.o)
                                0x51c (size before relaxing)
 .stab          0x000011e8       0x6c c:/program files (x86)/atmel/atmel studio 6.0/extensions/atmel/avrgcc/3.4.1.95/avrtoolchain/bin/../lib/gcc/avr/4.6.2/../../../../avr/lib/avr5\libm.a(fixsfsi.o)
                                 0x78 (size before relaxing)
 .stab          0x00001254      0x240 c:/program files (x86)/atmel/atmel studio 6.0/extensions/atmel/avrgcc/3.4.1.95/avrtoolchain/bin/../lib/gcc/avr/4.6.2/../../../../avr/lib/avr5\libm.a(fixunssfsi.o)
                                0x24c (size before relaxing)
 .stab          0x00001494      0x318 c:/program files (x86)/atmel/atmel studio 6.0/extensions/atmel/avrgcc/3.4.1.95/avrtoolchain/bin/../lib/gcc/avr/4.6.2/../../../../avr/lib/avr5\libm.a(floatsisf.o)
                                0x324 (size before relaxing)
 .stab          0x000017ac      0x1e0 c:/program files (x86)/atmel/atmel studio 6.0/extensions/atmel/avrgcc/3.4.1.95/avrtoolchain/bin/../lib/gcc/avr/4.6.2/../../../../avr/lib/avr5\libm.a(fp_cmp.o)
                                0x1ec (size before relaxing)
 .stab          0x0000198c       0x78 c:/program files (x86)/atmel/atmel studio 6.0/extensions/atmel/avrgcc/3.4.1.95/avrtoolchain/bin/../lib/gcc/avr/4.6.2/../../../../avr/lib/avr5\libm.a(fp_inf.o)
                                 0x84 (size before relaxing)
 .stab          0x00001a04       0x54 c:/program files (x86)/atmel/atmel studio 6.0/extensions/atmel/avrgcc/3.4.1.95/avrtoolchain/bin/../lib/gcc/avr/4.6.2/../../../../avr/lib/avr5\libm.a(fp_nan.o)
                                 0x60 (size before relaxing)
 .stab          0x00001a58       0x84 c:/program files (x86)/atmel/atmel studio 6.0/extensions/atmel/avrgcc/3.4.1.95/avrtoolchain/bin/../lib/gcc/avr/4.6.2/../../../../avr/lib/avr5\libm.a(fp_pscA.o)
                                 0x90 (size before relaxing)
 .stab          0x00001adc       0x84 c:/program files (x86)/atmel/atmel studio 6.0/extensions/atmel/avrgcc/3.4.1.95/avrtoolchain/bin/../lib/gcc/avr/4.6.2/../../../../avr/lib/avr5\libm.a(fp_pscB.o)
                                 0x90 (size before relaxing)
 .stab          0x00001b60       0xfc c:/program files (x86)/atmel/atmel studio 6.0/extensions/atmel/avrgcc/3.4.1.95/avrtoolchain/bin/../lib/gcc/avr/4.6.2/../../../../avr/lib/avr5\libm.a(fp_round.o)
                                0x108 (size before relaxing)
 .stab          0x00001c5c      0x1d4 c:/program files (x86)/atmel/atmel studio 6.0/extensions/atmel/avrgcc/3.4.1.95/avrtoolchain/bin/../lib/gcc/avr/4.6.2/../../../../avr/lib/avr5\libm.a(fp_split3.o)
                                0x1e0 (size before relaxing)
 .stab          0x00001e30       0x90 c:/program files (x86)/atmel/atmel studio 6.0/extensions/atmel/avrgcc/3.4.1.95/avrtoolchain/bin/../lib/gcc/avr/4.6.2/../../../../avr/lib/avr5\libm.a(fp_zero.o)
                                 0x9c (size before relaxing)
 .stab          0x00001ec0       0x6c c:/program files (x86)/atmel/atmel studio 6.0/extensions/atmel/avrgcc/3.4.1.95/avrtoolchain/bin/../lib/gcc/avr/4.6.2/../../../../avr/lib/avr5\libm.a(gesf2.o)
                                 0x78 (size before relaxing)
 .stab          0x00001f2c       0x48 c:/program files (x86)/atmel/atmel studio 6.0/extensions/atmel/avrgcc/3.4.1.95/avrtoolchain/bin/../lib/gcc/avr/4.6.2/../../../../avr/lib/avr5\libm.a(mulsf3.o)
                                 0x54 (size before relaxing)
 .stab          0x00001f74      0x4d4 c:/program files (x86)/atmel/atmel studio 6.0/extensions/atmel/avrgcc/3.4.1.95/avrtoolchain/bin/../lib/gcc/avr/4.6.2/../../../../avr/lib/avr5\libm.a(mulsf3x.o)
                                0x4e0 (size before relaxing)
 .stab          0x00002448       0x60 c:/program files (x86)/atmel/atmel studio 6.0/extensions/atmel/avrgcc/3.4.1.95/avrtoolchain/bin/../lib/gcc/avr/4.6.2/../../../../avr/lib/avr5\libm.a(unordsf2.o)
                                 0x6c (size before relaxing)
 .stab          0x000024a8      0x1e0 c:/program files (x86)/atmel/atmel studio 6.0/extensions/atmel/avrgcc/3.4.1.95/avrtoolchain/bin/../lib/gcc/avr/4.6.2/../../../../avr/lib/avr5\libc.a(atol.o)
                                0x1ec (size before relaxing)
 .stab          0x00002688       0x18 c:/program files (x86)/atmel/atmel studio 6.0/extensions/atmel/avrgcc/3.4.1.95/avrtoolchain/bin/../lib/gcc/avr/4.6.2/../../../../avr/lib/avr5\libc.a(isspace.o)
                                 0xa8 (size before relaxing)
 .stab          0x000026a0       0x18 c:/program files (x86)/atmel/atmel studio 6.0/extensions/atmel/avrgcc/3.4.1.95/avrtoolchain/bin/../lib/gcc/avr/4.6.2/../../../../avr/lib/avr5\libc.a(tolower.o)
                                 0xa8 (size before relaxing)
 .stab          0x000026b8       0x18 c:/program files (x86)/atmel/atmel studio 6.0/extensions/atmel/avrgcc/3.4.1.95/avrtoolchain/bin/../lib/gcc/avr/4.6.2/../../../../avr/lib/avr5\libc.a(toupper.o)
                                 0xa8 (size before relaxing)
 .stab          0x000026d0       0x84 c:/program files (x86)/atmel/atmel studio 6.0/extensions/atmel/avrgcc/3.4.1.95/avrtoolchain/bin/../lib/gcc/avr/4.6.2/../../../../avr/lib/avr5\libc.a(memcpy.o)
                                 0x90 (size before relaxing)
 .stab          0x00002754       0xe4 c:/program files (x86)/atmel/atmel studio 6.0/extensions/atmel/avrgcc/3.4.1.95/avrtoolchain/bin/../lib/gcc/avr/4.6.2/../../../../avr/lib/avr5\libc.a(memmove.o)
                                 0xf0 (size before relaxing)
 .stab          0x00002838       0x9c c:/program files (x86)/atmel/atmel studio 6.0/extensions/atmel/avrgcc/3.4.1.95/avrtoolchain/bin/../lib/gcc/avr/4.6.2/../../../../avr/lib/avr5\libc.a(strchr.o)
                                 0xa8 (size before relaxing)
 .stab          0x000028d4       0x84 c:/program files (x86)/atmel/atmel studio 6.0/extensions/atmel/avrgcc/3.4.1.95/avrtoolchain/bin/../lib/gcc/avr/4.6.2/../../../../avr/lib/avr5\libc.a(strcmp.o)
                                 0x90 (size before relaxing)
 .stab          0x00002958       0x6c c:/program files (x86)/atmel/atmel studio 6.0/extensions/atmel/avrgcc/3.4.1.95/avrtoolchain/bin/../lib/gcc/avr/4.6.2/../../../../avr/lib/avr5\libc.a(strcpy.o)
                                 0x78 (size before relaxing)
 .stab          0x000029c4       0xc0 c:/program files (x86)/atmel/atmel studio 6.0/extensions/atmel/avrgcc/3.4.1.95/avrtoolchain/bin/../lib/gcc/avr/4.6.2/../../../../avr/lib/avr5\libc.a(strncmp.o)
                                 0xcc (size before relaxing)
 .stab          0x00002a84       0xcc c:/program files (x86)/atmel/atmel studio 6.0/extensions/atmel/avrgcc/3.4.1.95/avrtoolchain/bin/../lib/gcc/avr/4.6.2/../../../../avr/lib/avr5\libc.a(strncpy.o)
                                 0xd8 (size before relaxing)
 .stab          0x00002b50       0x9c c:/program files (x86)/atmel/atmel studio 6.0/extensions/atmel/avrgcc/3.4.1.95/avrtoolchain/bin/../lib/gcc/avr/4.6.2/../../../../avr/lib/avr5\libc.a(strrchr.o)
                                 0xa8 (size before relaxing)
 .stab          0x00002bec      0x150 c:/program files (x86)/atmel/atmel studio 6.0/extensions/atmel/avrgcc/3.4.1.95/avrtoolchain/bin/../lib/gcc/avr/4.6.2/../../../../avr/lib/avr5\libc.a(strstr.o)
                                0x15c (size before relaxing)
 .stab          0x00002d3c       0x18 c:/program files (x86)/atmel/atmel studio 6.0/extensions/atmel/avrgcc/3.4.1.95/avrtoolchain/bin/../lib/gcc/avr/4.6.2/../../../../avr/lib/avr5\libc.a(itoa.o)
                                0x1bc (size before relaxing)
 .stab          0x00002d54       0x18 c:/program files (x86)/atmel/atmel studio 6.0/extensions/atmel/avrgcc/3.4.1.95/avrtoolchain/bin/../lib/gcc/avr/4.6.2/../../../../avr/lib/avr5\libc.a(ltoa.o)
                                0x2a0 (size before relaxing)
 .stab          0x00002d6c      0x114 c:/program files (x86)/atmel/atmel studio 6.0/extensions/atmel/avrgcc/3.4.1.95/avrtoolchain/bin/../lib/gcc/avr/4.6.2/../../../../avr/lib/avr5\libc.a(mulsi10.o)
                                0x120 (size before relaxing)
 .stab          0x00002e80       0x18 c:/program files (x86)/atmel/atmel studio 6.0/extensions/atmel/avrgcc/3.4.1.95/avrtoolchain/bin/../lib/gcc/avr/4.6.2/../../../../avr/lib/avr5\libc.a(ultoa.o)
                                0x1ec (size before relaxing)
 .stab          0x00002e98       0x18 c:/program files (x86)/atmel/atmel studio 6.0/extensions/atmel/avrgcc/3.4.1.95/avrtoolchain/bin/../lib/gcc/avr/4.6.2/../../../../avr/lib/avr5\libc.a(utoa.o)
                                0x138 (size before relaxing)
 .stab          0x00002eb0       0x18 c:/program files (x86)/atmel/atmel studio 6.0/extensions/atmel/avrgcc/3.4.1.95/avrtoolchain/bin/../lib/gcc/avr/4.6.2/../../../../avr/lib/avr5\libc.a(cty_isfalse.o)
                                 0x6c (size before relaxing)
 .stab          0x00002ec8       0x9c c:/program files (x86)/atmel/atmel studio 6.0/extensions/atmel/avrgcc/3.4.1.95/avrtoolchain/bin/../lib/gcc/avr/4.6.2/../../../../avr/lib/avr5\libc.a(strnlen_P.o)
                                 0xa8 (size before relaxing)
 .stab          0x00002f64       0x9c c:/program files (x86)/atmel/atmel studio 6.0/extensions/atmel/avrgcc/3.4.1.95/avrtoolchain/bin/../lib/gcc/avr/4.6.2/../../../../avr/lib/avr5\libc.a(strnlen.o)
                                 0xa8 (size before relaxing)
 .stab          0x00003000       0xd8 c:/program files (x86)/atmel/atmel studio 6.0/extensions/atmel/avrgcc/3.4.1.95/avrtoolchain/bin/../lib/gcc/avr/4.6.2/../../../../avr/lib/avr5\libc.a(strrev.o)
                                 0xe4 (size before relaxing)
 .stab          0x000030d8      0x480 c:/program files (x86)/atmel/atmel studio 6.0/extensions/atmel/avrgcc/3.4.1.95/avrtoolchain/bin/../lib/gcc/avr/4.6.2/../../../../avr/lib/avr5\libc.a(ultoa_invert.o)
                                0x48c (size before relaxing)

.stabstr        0x00000000     0x1056
 *(.stabstr)
 .stabstr       0x00000000     0x1056 c:/program files (x86)/atmel/atmel studio 6.0/extensions/atmel/avrgcc/3.4.1.95/avrtoolchain/bin/../lib/gcc/avr/4.6.2/../../../../avr/lib/avr5/crtm328p.o

.stab.excl
 *(.stab.excl)

.stab.exclstr
 *(.stab.exclstr)

.stab.index
 *(.stab.index)

.stab.indexstr
 *(.stab.indexstr)

.comment
 *(.comment)

.debug
 *(.debug)

.line
 *(.line)

.debug_srcinfo
 *(.debug_srcinfo)

.debug_sfnames
 *(.debug_sfnames)

.debug_aranges  0x00000000      0xa80
 *(.debug_aranges)
 .debug_aranges
                0x00000000       0x28 IOUtilities.o
 .debug_aranges
                0x00000028       0x40 MathUtilities.o
 .debug_aranges
                0x00000068       0x58 IR.o
 .debug_aranges
                0x000000c0       0x28 Main_.o
 .debug_aranges
                0x000000e8       0x28 RF.o
 .debug_aranges
                0x00000110      0x1c0 RF24.o
 .debug_aranges
                0x000002d0       0x40 SPI.o
 .debug_aranges
                0x00000310       0x40 Timer.o
 .debug_aranges
                0x00000350       0x30 TimerExtended.o
 .debug_aranges
                0x00000380       0x48 C:\Users\Willyan\Documents\Atmel Studio\ArduinoCore\libcore.a(wiring.c.o)
 .debug_aranges
                0x000003c8       0x30 C:\Users\Willyan\Documents\Atmel Studio\ArduinoCore\libcore.a(wiring_digital.c.o)
 .debug_aranges
                0x000003f8       0x98 C:\Users\Willyan\Documents\Atmel Studio\ArduinoCore\libcore.a(HardwareSerial.cpp.o)
 .debug_aranges
                0x00000490       0x20 C:\Users\Willyan\Documents\Atmel Studio\ArduinoCore\libcore.a(main.cpp.o)
 .debug_aranges
                0x000004b0       0x58 C:\Users\Willyan\Documents\Atmel Studio\ArduinoCore\libcore.a(new.cpp.o)
 .debug_aranges
                0x00000508       0xf0 C:\Users\Willyan\Documents\Atmel Studio\ArduinoCore\libcore.a(Print.cpp.o)
 .debug_aranges
                0x000005f8      0x260 C:\Users\Willyan\Documents\Atmel Studio\ArduinoCore\libcore.a(WString.cpp.o)
 .debug_aranges
                0x00000858       0x28 C:\Users\Willyan\Documents\Atmel Studio\ArduinoCore\libcore.a(malloc.c.o)
 .debug_aranges
                0x00000880       0x20 C:\Users\Willyan\Documents\Atmel Studio\ArduinoCore\libcore.a(realloc.c.o)
 .debug_aranges
                0x000008a0       0x20 c:/program files (x86)/atmel/atmel studio 6.0/extensions/atmel/avrgcc/3.4.1.95/avrtoolchain/bin/../lib/gcc/avr/4.6.2/avr5\libgcc.a(_mulsi3.o)
 .debug_aranges
                0x000008c0       0x20 c:/program files (x86)/atmel/atmel studio 6.0/extensions/atmel/avrgcc/3.4.1.95/avrtoolchain/bin/../lib/gcc/avr/4.6.2/avr5\libgcc.a(_divmodhi4.o)
 .debug_aranges
                0x000008e0       0x20 c:/program files (x86)/atmel/atmel studio 6.0/extensions/atmel/avrgcc/3.4.1.95/avrtoolchain/bin/../lib/gcc/avr/4.6.2/avr5\libgcc.a(_udivmodsi4.o)
 .debug_aranges
                0x00000900       0x20 c:/program files (x86)/atmel/atmel studio 6.0/extensions/atmel/avrgcc/3.4.1.95/avrtoolchain/bin/../lib/gcc/avr/4.6.2/avr5\libgcc.a(_exit.o)
 .debug_aranges
                0x00000920       0x20 c:/program files (x86)/atmel/atmel studio 6.0/extensions/atmel/avrgcc/3.4.1.95/avrtoolchain/bin/../lib/gcc/avr/4.6.2/avr5\libgcc.a(_copy_data.o)
 .debug_aranges
                0x00000940       0x20 c:/program files (x86)/atmel/atmel studio 6.0/extensions/atmel/avrgcc/3.4.1.95/avrtoolchain/bin/../lib/gcc/avr/4.6.2/avr5\libgcc.a(_clear_bss.o)
 .debug_aranges
                0x00000960       0x20 c:/program files (x86)/atmel/atmel studio 6.0/extensions/atmel/avrgcc/3.4.1.95/avrtoolchain/bin/../lib/gcc/avr/4.6.2/avr5\libgcc.a(_ctors.o)
 .debug_aranges
                0x00000980       0x20 c:/program files (x86)/atmel/atmel studio 6.0/extensions/atmel/avrgcc/3.4.1.95/avrtoolchain/bin/../lib/gcc/avr/4.6.2/avr5\libgcc.a(_udivmodhi4.o)
 .debug_aranges
                0x000009a0       0x20 c:/program files (x86)/atmel/atmel studio 6.0/extensions/atmel/avrgcc/3.4.1.95/avrtoolchain/bin/../lib/gcc/avr/4.6.2/avr5\libgcc.a(_tablejump.o)
 .debug_aranges
                0x000009c0       0x20 c:/program files (x86)/atmel/atmel studio 6.0/extensions/atmel/avrgcc/3.4.1.95/avrtoolchain/bin/../lib/gcc/avr/4.6.2/../../../../avr/lib/avr5\libc.a(printf.o)
 .debug_aranges
                0x000009e0       0x20 c:/program files (x86)/atmel/atmel studio 6.0/extensions/atmel/avrgcc/3.4.1.95/avrtoolchain/bin/../lib/gcc/avr/4.6.2/../../../../avr/lib/avr5\libc.a(puts.o)
 .debug_aranges
                0x00000a00       0x20 c:/program files (x86)/atmel/atmel studio 6.0/extensions/atmel/avrgcc/3.4.1.95/avrtoolchain/bin/../lib/gcc/avr/4.6.2/../../../../avr/lib/avr5\libc.a(vfprintf_std.o)
 .debug_aranges
                0x00000a20       0x20 c:/program files (x86)/atmel/atmel studio 6.0/extensions/atmel/avrgcc/3.4.1.95/avrtoolchain/bin/../lib/gcc/avr/4.6.2/../../../../avr/lib/avr5\libc.a(fputc.o)
 .debug_aranges
                0x00000a40       0x20 c:/program files (x86)/atmel/atmel studio 6.0/extensions/atmel/avrgcc/3.4.1.95/avrtoolchain/bin/../lib/gcc/avr/4.6.2/avr5\libgcc.a(_prologue.o)
 .debug_aranges
                0x00000a60       0x20 c:/program files (x86)/atmel/atmel studio 6.0/extensions/atmel/avrgcc/3.4.1.95/avrtoolchain/bin/../lib/gcc/avr/4.6.2/avr5\libgcc.a(_epilogue.o)

.debug_pubnames
                0x00000000      0xc51
 *(.debug_pubnames)
 .debug_pubnames
                0x00000000       0x8d C:\Users\Willyan\Documents\Atmel Studio\ArduinoCore\libcore.a(wiring.c.o)
 .debug_pubnames
                0x0000008d       0xda C:\Users\Willyan\Documents\Atmel Studio\ArduinoCore\libcore.a(wiring_digital.c.o)
 .debug_pubnames
                0x00000167      0x1b4 C:\Users\Willyan\Documents\Atmel Studio\ArduinoCore\libcore.a(HardwareSerial.cpp.o)
 .debug_pubnames
                0x0000031b       0x1b C:\Users\Willyan\Documents\Atmel Studio\ArduinoCore\libcore.a(main.cpp.o)
 .debug_pubnames
                0x00000336       0xbf C:\Users\Willyan\Documents\Atmel Studio\ArduinoCore\libcore.a(new.cpp.o)
 .debug_pubnames
                0x000003f5      0x200 C:\Users\Willyan\Documents\Atmel Studio\ArduinoCore\libcore.a(Print.cpp.o)
 .debug_pubnames
                0x000005f5      0x5bf C:\Users\Willyan\Documents\Atmel Studio\ArduinoCore\libcore.a(WString.cpp.o)
 .debug_pubnames
                0x00000bb4       0x7f C:\Users\Willyan\Documents\Atmel Studio\ArduinoCore\libcore.a(malloc.c.o)
 .debug_pubnames
                0x00000c33       0x1e C:\Users\Willyan\Documents\Atmel Studio\ArduinoCore\libcore.a(realloc.c.o)

.debug_info     0x00000000     0xb565
 *(.debug_info)
 .debug_info    0x00000000      0x23e IOUtilities.o
 .debug_info    0x0000023e      0x36b MathUtilities.o
 .debug_info    0x000005a9      0x690 IR.o
 .debug_info    0x00000c39      0x12e IRExtended.o
 .debug_info    0x00000d67      0x296 Main_.o
 .debug_info    0x00000ffd      0x2db RF.o
 .debug_info    0x000012d8     0x21ed RF24.o
 .debug_info    0x000034c5      0x285 SPI.o
 .debug_info    0x0000374a      0x2fb Timer.o
 .debug_info    0x00003a45      0x2ff TimerExtended.o
 .debug_info    0x00003d44      0x31c C:\Users\Willyan\Documents\Atmel Studio\ArduinoCore\libcore.a(wiring.c.o)
 .debug_info    0x00004060      0x592 C:\Users\Willyan\Documents\Atmel Studio\ArduinoCore\libcore.a(wiring_digital.c.o)
 .debug_info    0x000045f2     0x1920 C:\Users\Willyan\Documents\Atmel Studio\ArduinoCore\libcore.a(HardwareSerial.cpp.o)
 .debug_info    0x00005f12      0x14b C:\Users\Willyan\Documents\Atmel Studio\ArduinoCore\libcore.a(main.cpp.o)
 .debug_info    0x0000605d      0x195 C:\Users\Willyan\Documents\Atmel Studio\ArduinoCore\libcore.a(new.cpp.o)
 .debug_info    0x000061f2     0x1aed C:\Users\Willyan\Documents\Atmel Studio\ArduinoCore\libcore.a(Print.cpp.o)
 .debug_info    0x00007cdf     0x21e1 C:\Users\Willyan\Documents\Atmel Studio\ArduinoCore\libcore.a(WString.cpp.o)
 .debug_info    0x00009ec0      0x229 C:\Users\Willyan\Documents\Atmel Studio\ArduinoCore\libcore.a(malloc.c.o)
 .debug_info    0x0000a0e9      0x194 C:\Users\Willyan\Documents\Atmel Studio\ArduinoCore\libcore.a(realloc.c.o)
 .debug_info    0x0000a27d       0xdd c:/program files (x86)/atmel/atmel studio 6.0/extensions/atmel/avrgcc/3.4.1.95/avrtoolchain/bin/../lib/gcc/avr/4.6.2/avr5\libgcc.a(_mulsi3.o)
 .debug_info    0x0000a35a       0xdd c:/program files (x86)/atmel/atmel studio 6.0/extensions/atmel/avrgcc/3.4.1.95/avrtoolchain/bin/../lib/gcc/avr/4.6.2/avr5\libgcc.a(_divmodhi4.o)
 .debug_info    0x0000a437       0xdd c:/program files (x86)/atmel/atmel studio 6.0/extensions/atmel/avrgcc/3.4.1.95/avrtoolchain/bin/../lib/gcc/avr/4.6.2/avr5\libgcc.a(_udivmodsi4.o)
 .debug_info    0x0000a514       0xdd c:/program files (x86)/atmel/atmel studio 6.0/extensions/atmel/avrgcc/3.4.1.95/avrtoolchain/bin/../lib/gcc/avr/4.6.2/avr5\libgcc.a(_exit.o)
 .debug_info    0x0000a5f1       0xdd c:/program files (x86)/atmel/atmel studio 6.0/extensions/atmel/avrgcc/3.4.1.95/avrtoolchain/bin/../lib/gcc/avr/4.6.2/avr5\libgcc.a(_copy_data.o)
 .debug_info    0x0000a6ce       0xdd c:/program files (x86)/atmel/atmel studio 6.0/extensions/atmel/avrgcc/3.4.1.95/avrtoolchain/bin/../lib/gcc/avr/4.6.2/avr5\libgcc.a(_clear_bss.o)
 .debug_info    0x0000a7ab       0xdd c:/program files (x86)/atmel/atmel studio 6.0/extensions/atmel/avrgcc/3.4.1.95/avrtoolchain/bin/../lib/gcc/avr/4.6.2/avr5\libgcc.a(_ctors.o)
 .debug_info    0x0000a888       0xdd c:/program files (x86)/atmel/atmel studio 6.0/extensions/atmel/avrgcc/3.4.1.95/avrtoolchain/bin/../lib/gcc/avr/4.6.2/avr5\libgcc.a(_udivmodhi4.o)
 .debug_info    0x0000a965       0xdd c:/program files (x86)/atmel/atmel studio 6.0/extensions/atmel/avrgcc/3.4.1.95/avrtoolchain/bin/../lib/gcc/avr/4.6.2/avr5\libgcc.a(_tablejump.o)
 .debug_info    0x0000aa42      0x1c6 c:/program files (x86)/atmel/atmel studio 6.0/extensions/atmel/avrgcc/3.4.1.95/avrtoolchain/bin/../lib/gcc/avr/4.6.2/../../../../avr/lib/avr5\libc.a(printf.o)
 .debug_info    0x0000ac08      0x1ab c:/program files (x86)/atmel/atmel studio 6.0/extensions/atmel/avrgcc/3.4.1.95/avrtoolchain/bin/../lib/gcc/avr/4.6.2/../../../../avr/lib/avr5\libc.a(puts.o)
 .debug_info    0x0000adb3      0x342 c:/program files (x86)/atmel/atmel studio 6.0/extensions/atmel/avrgcc/3.4.1.95/avrtoolchain/bin/../lib/gcc/avr/4.6.2/../../../../avr/lib/avr5\libc.a(vfprintf_std.o)
 .debug_info    0x0000b0f5      0x167 c:/program files (x86)/atmel/atmel studio 6.0/extensions/atmel/avrgcc/3.4.1.95/avrtoolchain/bin/../lib/gcc/avr/4.6.2/../../../../avr/lib/avr5\libc.a(fputc.o)
 .debug_info    0x0000b25c      0x14f c:/program files (x86)/atmel/atmel studio 6.0/extensions/atmel/avrgcc/3.4.1.95/avrtoolchain/bin/../lib/gcc/avr/4.6.2/../../../../avr/lib/avr5\libc.a(iob.o)
 .debug_info    0x0000b3ab       0xdd c:/program files (x86)/atmel/atmel studio 6.0/extensions/atmel/avrgcc/3.4.1.95/avrtoolchain/bin/../lib/gcc/avr/4.6.2/avr5\libgcc.a(_prologue.o)
 .debug_info    0x0000b488       0xdd c:/program files (x86)/atmel/atmel studio 6.0/extensions/atmel/avrgcc/3.4.1.95/avrtoolchain/bin/../lib/gcc/avr/4.6.2/avr5\libgcc.a(_epilogue.o)
 *(.gnu.linkonce.wi.*)

.debug_abbrev   0x00000000     0x257a
 *(.debug_abbrev)
 .debug_abbrev  0x00000000       0x9f IOUtilities.o
 .debug_abbrev  0x0000009f      0x149 MathUtilities.o
 .debug_abbrev  0x000001e8      0x26f IR.o
 .debug_abbrev  0x00000457       0x5c IRExtended.o
 .debug_abbrev  0x000004b3       0xbf Main_.o
 .debug_abbrev  0x00000572      0x173 RF.o
 .debug_abbrev  0x000006e5      0x404 RF24.o
 .debug_abbrev  0x00000ae9      0x127 SPI.o
 .debug_abbrev  0x00000c10      0x170 Timer.o
 .debug_abbrev  0x00000d80       0xfe TimerExtended.o
 .debug_abbrev  0x00000e7e      0x17d C:\Users\Willyan\Documents\Atmel Studio\ArduinoCore\libcore.a(wiring.c.o)
 .debug_abbrev  0x00000ffb      0x177 C:\Users\Willyan\Documents\Atmel Studio\ArduinoCore\libcore.a(wiring_digital.c.o)
 .debug_abbrev  0x00001172      0x450 C:\Users\Willyan\Documents\Atmel Studio\ArduinoCore\libcore.a(HardwareSerial.cpp.o)
 .debug_abbrev  0x000015c2       0x7a C:\Users\Willyan\Documents\Atmel Studio\ArduinoCore\libcore.a(main.cpp.o)
 .debug_abbrev  0x0000163c       0xf7 C:\Users\Willyan\Documents\Atmel Studio\ArduinoCore\libcore.a(new.cpp.o)
 .debug_abbrev  0x00001733      0x336 C:\Users\Willyan\Documents\Atmel Studio\ArduinoCore\libcore.a(Print.cpp.o)
 .debug_abbrev  0x00001a69      0x343 C:\Users\Willyan\Documents\Atmel Studio\ArduinoCore\libcore.a(WString.cpp.o)
 .debug_abbrev  0x00001dac      0x10d C:\Users\Willyan\Documents\Atmel Studio\ArduinoCore\libcore.a(malloc.c.o)
 .debug_abbrev  0x00001eb9       0xc9 C:\Users\Willyan\Documents\Atmel Studio\ArduinoCore\libcore.a(realloc.c.o)
 .debug_abbrev  0x00001f82       0x14 c:/program files (x86)/atmel/atmel studio 6.0/extensions/atmel/avrgcc/3.4.1.95/avrtoolchain/bin/../lib/gcc/avr/4.6.2/avr5\libgcc.a(_mulsi3.o)
 .debug_abbrev  0x00001f96       0x14 c:/program files (x86)/atmel/atmel studio 6.0/extensions/atmel/avrgcc/3.4.1.95/avrtoolchain/bin/../lib/gcc/avr/4.6.2/avr5\libgcc.a(_divmodhi4.o)
 .debug_abbrev  0x00001faa       0x14 c:/program files (x86)/atmel/atmel studio 6.0/extensions/atmel/avrgcc/3.4.1.95/avrtoolchain/bin/../lib/gcc/avr/4.6.2/avr5\libgcc.a(_udivmodsi4.o)
 .debug_abbrev  0x00001fbe       0x14 c:/program files (x86)/atmel/atmel studio 6.0/extensions/atmel/avrgcc/3.4.1.95/avrtoolchain/bin/../lib/gcc/avr/4.6.2/avr5\libgcc.a(_exit.o)
 .debug_abbrev  0x00001fd2       0x14 c:/program files (x86)/atmel/atmel studio 6.0/extensions/atmel/avrgcc/3.4.1.95/avrtoolchain/bin/../lib/gcc/avr/4.6.2/avr5\libgcc.a(_copy_data.o)
 .debug_abbrev  0x00001fe6       0x14 c:/program files (x86)/atmel/atmel studio 6.0/extensions/atmel/avrgcc/3.4.1.95/avrtoolchain/bin/../lib/gcc/avr/4.6.2/avr5\libgcc.a(_clear_bss.o)
 .debug_abbrev  0x00001ffa       0x14 c:/program files (x86)/atmel/atmel studio 6.0/extensions/atmel/avrgcc/3.4.1.95/avrtoolchain/bin/../lib/gcc/avr/4.6.2/avr5\libgcc.a(_ctors.o)
 .debug_abbrev  0x0000200e       0x14 c:/program files (x86)/atmel/atmel studio 6.0/extensions/atmel/avrgcc/3.4.1.95/avrtoolchain/bin/../lib/gcc/avr/4.6.2/avr5\libgcc.a(_udivmodhi4.o)
 .debug_abbrev  0x00002022       0x14 c:/program files (x86)/atmel/atmel studio 6.0/extensions/atmel/avrgcc/3.4.1.95/avrtoolchain/bin/../lib/gcc/avr/4.6.2/avr5\libgcc.a(_tablejump.o)
 .debug_abbrev  0x00002036      0x11c c:/program files (x86)/atmel/atmel studio 6.0/extensions/atmel/avrgcc/3.4.1.95/avrtoolchain/bin/../lib/gcc/avr/4.6.2/../../../../avr/lib/avr5\libc.a(printf.o)
 .debug_abbrev  0x00002152      0x101 c:/program files (x86)/atmel/atmel studio 6.0/extensions/atmel/avrgcc/3.4.1.95/avrtoolchain/bin/../lib/gcc/avr/4.6.2/../../../../avr/lib/avr5\libc.a(puts.o)
 .debug_abbrev  0x00002253      0x161 c:/program files (x86)/atmel/atmel studio 6.0/extensions/atmel/avrgcc/3.4.1.95/avrtoolchain/bin/../lib/gcc/avr/4.6.2/../../../../avr/lib/avr5\libc.a(vfprintf_std.o)
 .debug_abbrev  0x000023b4       0xd9 c:/program files (x86)/atmel/atmel studio 6.0/extensions/atmel/avrgcc/3.4.1.95/avrtoolchain/bin/../lib/gcc/avr/4.6.2/../../../../avr/lib/avr5\libc.a(fputc.o)
 .debug_abbrev  0x0000248d       0xc5 c:/program files (x86)/atmel/atmel studio 6.0/extensions/atmel/avrgcc/3.4.1.95/avrtoolchain/bin/../lib/gcc/avr/4.6.2/../../../../avr/lib/avr5\libc.a(iob.o)
 .debug_abbrev  0x00002552       0x14 c:/program files (x86)/atmel/atmel studio 6.0/extensions/atmel/avrgcc/3.4.1.95/avrtoolchain/bin/../lib/gcc/avr/4.6.2/avr5\libgcc.a(_prologue.o)
 .debug_abbrev  0x00002566       0x14 c:/program files (x86)/atmel/atmel studio 6.0/extensions/atmel/avrgcc/3.4.1.95/avrtoolchain/bin/../lib/gcc/avr/4.6.2/avr5\libgcc.a(_epilogue.o)

.debug_line     0x00000000     0x5285
 *(.debug_line)
 .debug_line    0x00000000      0x18b IOUtilities.o
 .debug_line    0x0000018b       0xe4 MathUtilities.o
 .debug_line    0x0000026f      0x260 IR.o
 .debug_line    0x000004cf       0xf9 IRExtended.o
 .debug_line    0x000005c8      0x165 Main_.o
 .debug_line    0x0000072d      0x14a RF.o
 .debug_line    0x00000877      0x785 RF24.o
 .debug_line    0x00000ffc      0x17b SPI.o
 .debug_line    0x00001177      0x171 Timer.o
 .debug_line    0x000012e8      0x166 TimerExtended.o
 .debug_line    0x0000144e      0x3cc C:\Users\Willyan\Documents\Atmel Studio\ArduinoCore\libcore.a(wiring.c.o)
 .debug_line    0x0000181a      0x340 C:\Users\Willyan\Documents\Atmel Studio\ArduinoCore\libcore.a(wiring_digital.c.o)
 .debug_line    0x00001b5a      0x7b6 C:\Users\Willyan\Documents\Atmel Studio\ArduinoCore\libcore.a(HardwareSerial.cpp.o)
 .debug_line    0x00002310      0x186 C:\Users\Willyan\Documents\Atmel Studio\ArduinoCore\libcore.a(main.cpp.o)
 .debug_line    0x00002496      0x220 C:\Users\Willyan\Documents\Atmel Studio\ArduinoCore\libcore.a(new.cpp.o)
 .debug_line    0x000026b6      0x7a5 C:\Users\Willyan\Documents\Atmel Studio\ArduinoCore\libcore.a(Print.cpp.o)
 .debug_line    0x00002e5b     0x1152 C:\Users\Willyan\Documents\Atmel Studio\ArduinoCore\libcore.a(WString.cpp.o)
 .debug_line    0x00003fad      0x348 C:\Users\Willyan\Documents\Atmel Studio\ArduinoCore\libcore.a(malloc.c.o)
 .debug_line    0x000042f5      0x295 C:\Users\Willyan\Documents\Atmel Studio\ArduinoCore\libcore.a(realloc.c.o)
 .debug_line    0x0000458a       0xa5 c:/program files (x86)/atmel/atmel studio 6.0/extensions/atmel/avrgcc/3.4.1.95/avrtoolchain/bin/../lib/gcc/avr/4.6.2/avr5\libgcc.a(_mulsi3.o)
 .debug_line    0x0000462f       0x99 c:/program files (x86)/atmel/atmel studio 6.0/extensions/atmel/avrgcc/3.4.1.95/avrtoolchain/bin/../lib/gcc/avr/4.6.2/avr5\libgcc.a(_divmodhi4.o)
 .debug_line    0x000046c8       0xa8 c:/program files (x86)/atmel/atmel studio 6.0/extensions/atmel/avrgcc/3.4.1.95/avrtoolchain/bin/../lib/gcc/avr/4.6.2/avr5\libgcc.a(_udivmodsi4.o)
 .debug_line    0x00004770       0x88 c:/program files (x86)/atmel/atmel studio 6.0/extensions/atmel/avrgcc/3.4.1.95/avrtoolchain/bin/../lib/gcc/avr/4.6.2/avr5\libgcc.a(_exit.o)
 .debug_line    0x000047f8       0x91 c:/program files (x86)/atmel/atmel studio 6.0/extensions/atmel/avrgcc/3.4.1.95/avrtoolchain/bin/../lib/gcc/avr/4.6.2/avr5\libgcc.a(_copy_data.o)
 .debug_line    0x00004889       0x8e c:/program files (x86)/atmel/atmel studio 6.0/extensions/atmel/avrgcc/3.4.1.95/avrtoolchain/bin/../lib/gcc/avr/4.6.2/avr5\libgcc.a(_clear_bss.o)
 .debug_line    0x00004917       0x90 c:/program files (x86)/atmel/atmel studio 6.0/extensions/atmel/avrgcc/3.4.1.95/avrtoolchain/bin/../lib/gcc/avr/4.6.2/avr5\libgcc.a(_ctors.o)
 .debug_line    0x000049a7       0x9a c:/program files (x86)/atmel/atmel studio 6.0/extensions/atmel/avrgcc/3.4.1.95/avrtoolchain/bin/../lib/gcc/avr/4.6.2/avr5\libgcc.a(_udivmodhi4.o)
 .debug_line    0x00004a41       0x8c c:/program files (x86)/atmel/atmel studio 6.0/extensions/atmel/avrgcc/3.4.1.95/avrtoolchain/bin/../lib/gcc/avr/4.6.2/avr5\libgcc.a(_tablejump.o)
 .debug_line    0x00004acd      0x151 c:/program files (x86)/atmel/atmel studio 6.0/extensions/atmel/avrgcc/3.4.1.95/avrtoolchain/bin/../lib/gcc/avr/4.6.2/../../../../avr/lib/avr5\libc.a(printf.o)
 .debug_line    0x00004c1e       0xec c:/program files (x86)/atmel/atmel studio 6.0/extensions/atmel/avrgcc/3.4.1.95/avrtoolchain/bin/../lib/gcc/avr/4.6.2/../../../../avr/lib/avr5\libc.a(puts.o)
 .debug_line    0x00004d0a      0x290 c:/program files (x86)/atmel/atmel studio 6.0/extensions/atmel/avrgcc/3.4.1.95/avrtoolchain/bin/../lib/gcc/avr/4.6.2/../../../../avr/lib/avr5\libc.a(vfprintf_std.o)
 .debug_line    0x00004f9a       0xe1 c:/program files (x86)/atmel/atmel studio 6.0/extensions/atmel/avrgcc/3.4.1.95/avrtoolchain/bin/../lib/gcc/avr/4.6.2/../../../../avr/lib/avr5\libc.a(fputc.o)
 .debug_line    0x0000507b       0xc7 c:/program files (x86)/atmel/atmel studio 6.0/extensions/atmel/avrgcc/3.4.1.95/avrtoolchain/bin/../lib/gcc/avr/4.6.2/../../../../avr/lib/avr5\libc.a(iob.o)
 .debug_line    0x00005142       0xa2 c:/program files (x86)/atmel/atmel studio 6.0/extensions/atmel/avrgcc/3.4.1.95/avrtoolchain/bin/../lib/gcc/avr/4.6.2/avr5\libgcc.a(_prologue.o)
 .debug_line    0x000051e4       0xa1 c:/program files (x86)/atmel/atmel studio 6.0/extensions/atmel/avrgcc/3.4.1.95/avrtoolchain/bin/../lib/gcc/avr/4.6.2/avr5\libgcc.a(_epilogue.o)

.debug_frame    0x00000000     0x170c
 *(.debug_frame)
 .debug_frame   0x00000000       0xd8 IOUtilities.o
 .debug_frame   0x000000d8       0xd0 MathUtilities.o
 .debug_frame   0x000001a8      0x208 IR.o
 .debug_frame   0x000003b0       0x34 Main_.o
 .debug_frame   0x000003e4       0x54 RF.o
 .debug_frame   0x00000438      0x720 RF24.o
 .debug_frame   0x00000b58       0x64 SPI.o
 .debug_frame   0x00000bbc       0x70 Timer.o
 .debug_frame   0x00000c2c       0xd8 TimerExtended.o
 .debug_frame   0x00000d04       0x70 C:\Users\Willyan\Documents\Atmel Studio\ArduinoCore\libcore.a(wiring.c.o)
 .debug_frame   0x00000d74       0x40 C:\Users\Willyan\Documents\Atmel Studio\ArduinoCore\libcore.a(wiring_digital.c.o)
 .debug_frame   0x00000db4      0x110 C:\Users\Willyan\Documents\Atmel Studio\ArduinoCore\libcore.a(HardwareSerial.cpp.o)
 .debug_frame   0x00000ec4       0x20 C:\Users\Willyan\Documents\Atmel Studio\ArduinoCore\libcore.a(main.cpp.o)
 .debug_frame   0x00000ee4       0x90 C:\Users\Willyan\Documents\Atmel Studio\ArduinoCore\libcore.a(new.cpp.o)
 .debug_frame   0x00000f74      0x1c0 C:\Users\Willyan\Documents\Atmel Studio\ArduinoCore\libcore.a(Print.cpp.o)
 .debug_frame   0x00001134      0x4a0 C:\Users\Willyan\Documents\Atmel Studio\ArduinoCore\libcore.a(WString.cpp.o)
 .debug_frame   0x000015d4       0x30 C:\Users\Willyan\Documents\Atmel Studio\ArduinoCore\libcore.a(malloc.c.o)
 .debug_frame   0x00001604       0x20 C:\Users\Willyan\Documents\Atmel Studio\ArduinoCore\libcore.a(realloc.c.o)
 .debug_frame   0x00001624       0x2c c:/program files (x86)/atmel/atmel studio 6.0/extensions/atmel/avrgcc/3.4.1.95/avrtoolchain/bin/../lib/gcc/avr/4.6.2/../../../../avr/lib/avr5\libc.a(printf.o)
 .debug_frame   0x00001650       0x38 c:/program files (x86)/atmel/atmel studio 6.0/extensions/atmel/avrgcc/3.4.1.95/avrtoolchain/bin/../lib/gcc/avr/4.6.2/../../../../avr/lib/avr5\libc.a(puts.o)
 .debug_frame   0x00001688       0x4c c:/program files (x86)/atmel/atmel studio 6.0/extensions/atmel/avrgcc/3.4.1.95/avrtoolchain/bin/../lib/gcc/avr/4.6.2/../../../../avr/lib/avr5\libc.a(vfprintf_std.o)
 .debug_frame   0x000016d4       0x38 c:/program files (x86)/atmel/atmel studio 6.0/extensions/atmel/avrgcc/3.4.1.95/avrtoolchain/bin/../lib/gcc/avr/4.6.2/../../../../avr/lib/avr5\libc.a(fputc.o)

.debug_str      0x00000000     0x2c59
 *(.debug_str)
 .debug_str     0x00000000      0x13b IOUtilities.o
                                0x179 (size before relaxing)
 .debug_str     0x0000013b      0x18d MathUtilities.o
                                0x20a (size before relaxing)
 .debug_str     0x000002c8      0x1dd IR.o
                                0x2eb (size before relaxing)
 .debug_str     0x000004a5       0x14 IRExtended.o
                                0x103 (size before relaxing)
 .debug_str     0x000004b9       0x9e Main_.o
                                0x1a8 (size before relaxing)
 .debug_str     0x00000557       0x41 RF.o
                                0x15e (size before relaxing)
 .debug_str     0x00000598      0xc5e RF24.o
                                0xe30 (size before relaxing)
 .debug_str     0x000011f6       0x1b SPI.o
                                0x24c (size before relaxing)
 .debug_str     0x00001211       0x8a Timer.o
                                0x194 (size before relaxing)
 .debug_str     0x0000129b       0xd5 TimerExtended.o
                                0x1c4 (size before relaxing)
 .debug_str     0x00001370       0xb6 C:\Users\Willyan\Documents\Atmel Studio\ArduinoCore\libcore.a(wiring.c.o)
                                0x15c (size before relaxing)
 .debug_str     0x00001426      0x103 C:\Users\Willyan\Documents\Atmel Studio\ArduinoCore\libcore.a(wiring_digital.c.o)
                                0x1c7 (size before relaxing)
 .debug_str     0x00001529      0xcf5 C:\Users\Willyan\Documents\Atmel Studio\ArduinoCore\libcore.a(HardwareSerial.cpp.o)
                                0xe4d (size before relaxing)
 .debug_str     0x0000221e       0x4c C:\Users\Willyan\Documents\Atmel Studio\ArduinoCore\libcore.a(main.cpp.o)
                                 0xef (size before relaxing)
 .debug_str     0x0000226a       0xf5 C:\Users\Willyan\Documents\Atmel Studio\ArduinoCore\libcore.a(new.cpp.o)
                                0x133 (size before relaxing)
 .debug_str     0x0000235f      0x3b8 C:\Users\Willyan\Documents\Atmel Studio\ArduinoCore\libcore.a(Print.cpp.o)
                                0xc13 (size before relaxing)
 .debug_str     0x00002717      0x1d8 C:\Users\Willyan\Documents\Atmel Studio\ArduinoCore\libcore.a(WString.cpp.o)
                                0x9af (size before relaxing)
 .debug_str     0x000028ef       0xe0 C:\Users\Willyan\Documents\Atmel Studio\ArduinoCore\libcore.a(malloc.c.o)
                                0x15f (size before relaxing)
 .debug_str     0x000029cf       0x68 C:\Users\Willyan\Documents\Atmel Studio\ArduinoCore\libcore.a(realloc.c.o)
                                0x123 (size before relaxing)
 .debug_str     0x00002a37       0x97 c:/program files (x86)/atmel/atmel studio 6.0/extensions/atmel/avrgcc/3.4.1.95/avrtoolchain/bin/../lib/gcc/avr/4.6.2/../../../../avr/lib/avr5\libc.a(printf.o)
                                0x125 (size before relaxing)
 .debug_str     0x00002ace       0x54 c:/program files (x86)/atmel/atmel studio 6.0/extensions/atmel/avrgcc/3.4.1.95/avrtoolchain/bin/../lib/gcc/avr/4.6.2/../../../../avr/lib/avr5\libc.a(puts.o)
                                 0xf8 (size before relaxing)
 .debug_str     0x00002b22       0x93 c:/program files (x86)/atmel/atmel studio 6.0/extensions/atmel/avrgcc/3.4.1.95/avrtoolchain/bin/../lib/gcc/avr/4.6.2/../../../../avr/lib/avr5\libc.a(vfprintf_std.o)
                                0x16b (size before relaxing)
 .debug_str     0x00002bb5       0x56 c:/program files (x86)/atmel/atmel studio 6.0/extensions/atmel/avrgcc/3.4.1.95/avrtoolchain/bin/../lib/gcc/avr/4.6.2/../../../../avr/lib/avr5\libc.a(fputc.o)
                                 0xfb (size before relaxing)
 .debug_str     0x00002c0b       0x4e c:/program files (x86)/atmel/atmel studio 6.0/extensions/atmel/avrgcc/3.4.1.95/avrtoolchain/bin/../lib/gcc/avr/4.6.2/../../../../avr/lib/avr5\libc.a(iob.o)
                                 0xf2 (size before relaxing)

.debug_loc      0x00000000     0x7cbf
 *(.debug_loc)
 .debug_loc     0x00000000      0x364 IOUtilities.o
 .debug_loc     0x00000364      0x520 MathUtilities.o
 .debug_loc     0x00000884      0x87f IR.o
 .debug_loc     0x00001103      0x120 RF.o
 .debug_loc     0x00001223     0x241d RF24.o
 .debug_loc     0x00003640       0x31 SPI.o
 .debug_loc     0x00003671       0xa7 Timer.o
 .debug_loc     0x00003718      0x43f TimerExtended.o
 .debug_loc     0x00003b57      0x16d C:\Users\Willyan\Documents\Atmel Studio\ArduinoCore\libcore.a(wiring.c.o)
 .debug_loc     0x00003cc4      0x15e C:\Users\Willyan\Documents\Atmel Studio\ArduinoCore\libcore.a(wiring_digital.c.o)
 .debug_loc     0x00003e22      0x473 C:\Users\Willyan\Documents\Atmel Studio\ArduinoCore\libcore.a(HardwareSerial.cpp.o)
 .debug_loc     0x00004295       0xb0 C:\Users\Willyan\Documents\Atmel Studio\ArduinoCore\libcore.a(new.cpp.o)
 .debug_loc     0x00004345      0xdb8 C:\Users\Willyan\Documents\Atmel Studio\ArduinoCore\libcore.a(Print.cpp.o)
 .debug_loc     0x000050fd     0x1f05 C:\Users\Willyan\Documents\Atmel Studio\ArduinoCore\libcore.a(WString.cpp.o)
 .debug_loc     0x00007002      0x358 C:\Users\Willyan\Documents\Atmel Studio\ArduinoCore\libcore.a(malloc.c.o)
 .debug_loc     0x0000735a      0x2d0 C:\Users\Willyan\Documents\Atmel Studio\ArduinoCore\libcore.a(realloc.c.o)
 .debug_loc     0x0000762a       0x21 c:/program files (x86)/atmel/atmel studio 6.0/extensions/atmel/avrgcc/3.4.1.95/avrtoolchain/bin/../lib/gcc/avr/4.6.2/../../../../avr/lib/avr5\libc.a(printf.o)
 .debug_loc     0x0000764b       0xe0 c:/program files (x86)/atmel/atmel studio 6.0/extensions/atmel/avrgcc/3.4.1.95/avrtoolchain/bin/../lib/gcc/avr/4.6.2/../../../../avr/lib/avr5\libc.a(puts.o)
 .debug_loc     0x0000772b      0x4fb c:/program files (x86)/atmel/atmel studio 6.0/extensions/atmel/avrgcc/3.4.1.95/avrtoolchain/bin/../lib/gcc/avr/4.6.2/../../../../avr/lib/avr5\libc.a(vfprintf_std.o)
 .debug_loc     0x00007c26       0x99 c:/program files (x86)/atmel/atmel studio 6.0/extensions/atmel/avrgcc/3.4.1.95/avrtoolchain/bin/../lib/gcc/avr/4.6.2/../../../../avr/lib/avr5\libc.a(fputc.o)

.debug_macinfo
 *(.debug_macinfo)
OUTPUT(Teste.elf elf32-avr)
LOAD linker stubs

.debug_ranges   0x00000000      0x910
 .debug_ranges  0x00000000       0x18 IOUtilities.o
 .debug_ranges  0x00000018       0xa8 MathUtilities.o
 .debug_ranges  0x000000c0       0x60 IR.o
 .debug_ranges  0x00000120       0x18 Main_.o
 .debug_ranges  0x00000138       0x18 RF.o
 .debug_ranges  0x00000150      0x1e0 RF24.o
 .debug_ranges  0x00000330       0x30 SPI.o
 .debug_ranges  0x00000360       0x30 Timer.o
 .debug_ranges  0x00000390       0x50 TimerExtended.o
 .debug_ranges  0x000003e0       0x40 C:\Users\Willyan\Documents\Atmel Studio\ArduinoCore\libcore.a(wiring.c.o)
 .debug_ranges  0x00000420       0x28 C:\Users\Willyan\Documents\Atmel Studio\ArduinoCore\libcore.a(wiring_digital.c.o)
 .debug_ranges  0x00000448       0x90 C:\Users\Willyan\Documents\Atmel Studio\ArduinoCore\libcore.a(HardwareSerial.cpp.o)
 .debug_ranges  0x000004d8       0x18 C:\Users\Willyan\Documents\Atmel Studio\ArduinoCore\libcore.a(main.cpp.o)
 .debug_ranges  0x000004f0       0x50 C:\Users\Willyan\Documents\Atmel Studio\ArduinoCore\libcore.a(new.cpp.o)
 .debug_ranges  0x00000540       0xe8 C:\Users\Willyan\Documents\Atmel Studio\ArduinoCore\libcore.a(Print.cpp.o)
 .debug_ranges  0x00000628      0x270 C:\Users\Willyan\Documents\Atmel Studio\ArduinoCore\libcore.a(WString.cpp.o)
 .debug_ranges  0x00000898       0x20 C:\Users\Willyan\Documents\Atmel Studio\ArduinoCore\libcore.a(malloc.c.o)
 .debug_ranges  0x000008b8       0x18 C:\Users\Willyan\Documents\Atmel Studio\ArduinoCore\libcore.a(realloc.c.o)
 .debug_ranges  0x000008d0       0x10 c:/program files (x86)/atmel/atmel studio 6.0/extensions/atmel/avrgcc/3.4.1.95/avrtoolchain/bin/../lib/gcc/avr/4.6.2/../../../../avr/lib/avr5\libc.a(printf.o)
 .debug_ranges  0x000008e0       0x10 c:/program files (x86)/atmel/atmel studio 6.0/extensions/atmel/avrgcc/3.4.1.95/avrtoolchain/bin/../lib/gcc/avr/4.6.2/../../../../avr/lib/avr5\libc.a(puts.o)
 .debug_ranges  0x000008f0       0x10 c:/program files (x86)/atmel/atmel studio 6.0/extensions/atmel/avrgcc/3.4.1.95/avrtoolchain/bin/../lib/gcc/avr/4.6.2/../../../../avr/lib/avr5\libc.a(vfprintf_std.o)
 .debug_ranges  0x00000900       0x10 c:/program files (x86)/atmel/atmel studio 6.0/extensions/atmel/avrgcc/3.4.1.95/avrtoolchain/bin/../lib/gcc/avr/4.6.2/../../../../avr/lib/avr5\libc.a(fputc.o)
